ets Jun  8 2016 00:22:57

rst:0x1 (POWERON_RESET),boot:0x13 (SPI_FAST_FLASH_BOOT)
configsip: 0, SPIWP:0xee
clk_drv:0x00,q_drv:0x00,d_drv:0x00,cs0_drv:0x00,hd_drv:0x00,wp_drv:0x00
mode:DIO, clock div:2
load:0x3fff0030,len:7132
ho 0 tail 12 room 4
load:0x40078000,len:15624
ho 0 tail 12 room 4
load:0x40080400,len:4
load:0x40080404,len:3876
entry 0x4008064c
[0;32mI (32) boot: ESP-IDF v5.1.4-52-g978d574e5e-dirty 2nd stage bootloader[0m
[0;32mI (32) boot: compile time Mar  4 2025 09:28:40[0m
[0;32mI (34) boot: Multicore bootloader[0m
[0;32mI (38) boot: chip revision: v1.0[0m
[0;32mI (42) boot.esp32: SPI Speed      : 40MHz[0m
[0;32mI (46) boot.esp32: SPI Mode       : DIO[0m
[0;32mI (51) boot.esp32: SPI Flash Size : 2MB[0m
[0;32mI (55) boot: Enabling RNG early entropy source...[0m
[0;32mI (61) boot: Partition Table:[0m
[0;32mI (64) boot: ## Label            Usage          Type ST Offset   Length[0m
[0;32mI (72) boot:  0 nvs              WiFi data        01 02 00009000 00006000[0m
[0;32mI (79) boot:  1 phy_init         RF data          01 01 0000f000 00001000[0m
[0;32mI (87) boot:  2 factory          factory app      00 00 00010000 00100000[0m
[0;32mI (94) boot: End of partition table[0m
[0;32mI (98) esp_image: segment 0: paddr=00010020 vaddr=3f400020 size=225e8h (140776) map[0m
[0;32mI (158) esp_image: segment 1: paddr=00032610 vaddr=3ffb0000 size=03b54h ( 15188) load[0m
[0;32mI (164) esp_image: segment 2: paddr=0003616c vaddr=40080000 size=09each ( 40620) load[0m
[0;32mI (181) esp_image: segment 3: paddr=00040020 vaddr=400d0020 size=8a114h (565524) map[0m
[0;32mI (385) esp_image: segment 4: paddr=000ca13c vaddr=40089eac size=0c288h ( 49800) load[0m
[0;32mI (417) boot: Loaded app from partition at offset 0x10000[0m
[0;32mI (418) boot: Disabling RNG early entropy source...[0m
[0;32mI (429) cpu_start: Multicore app[0m
[0;32mI (429) cpu_start: Pro cpu up.[0m
[0;32mI (430) cpu_start: Starting app cpu, entry point is 0x40081390[0m
[0;32mI (0) cpu_start: App cpu up.[0m
[0;32mI (447) cpu_start: Pro cpu start user code[0m
[0;32mI (447) cpu_start: cpu freq: 160000000 Hz[0m
[0;32mI (447) cpu_start: Application information:[0m
[0;32mI (452) cpu_start: Project name:     vinfast[0m
[0;32mI (457) cpu_start: App version:      9ae3b86-dirty[0m
[0;32mI (463) cpu_start: Compile time:     Mar 12 2025 19:44:57[0m
[0;32mI (469) cpu_start: ELF file SHA256:  6faf70e8dce38e9c...[0m
[0;32mI (475) cpu_start: ESP-IDF:          v5.1.4-52-g978d574e5e-dirty[0m
[0;32mI (481) cpu_start: Min chip rev:     v0.0[0m
[0;32mI (486) cpu_start: Max chip rev:     v3.99 [0m
[0;32mI (491) cpu_start: Chip rev:         v1.0[0m
[0;32mI (496) heap_init: Initializing. RAM available for dynamic allocation:[0m
[0;32mI (503) heap_init: At 3FFAE6E0 len 00001920 (6 KiB): DRAM[0m
[0;32mI (509) heap_init: At 3FFB7BF0 len 00028410 (161 KiB): DRAM[0m
[0;32mI (515) heap_init: At 3FFE0440 len 00003AE0 (14 KiB): D/IRAM[0m
[0;32mI (521) heap_init: At 3FFE4350 len 0001BCB0 (111 KiB): D/IRAM[0m
[0;32mI (528) heap_init: At 40096134 len 00009ECC (39 KiB): IRAM[0m
[0;32mI (536) spi_flash: detected chip: generic[0m
[0;32mI (539) spi_flash: flash io: dio[0m
[0;33mW (543) spi_flash: Detected size(4096k) larger than the size in the binary image header(2048k). Using the size in the binary image header.[0m
[0;32mI (557) app_start: Starting scheduler on CPU0[0m
[0;32mI (561) app_start: Starting scheduler on CPU1[0m
[0;32mI (561) main_task: Started on CPU0[0m
[0;32mI (571) main_task: Calling app_main()[0m
[0;32mI (641) wifi:wifi driver task: 3ffc32f0, prio:23, stack:6656, core=0[0m
[0;32mI (661) wifi:wifi firmware version: 3ce09e5[0m
[0;32mI (661) wifi:wifi certification version: v7.0[0m
[0;32mI (661) wifi:config NVS flash: enabled[0m
[0;32mI (661) wifi:config nano formating: disabled[0m
[0;32mI (671) wifi:Init data frame dynamic rx buffer num: 32[0m
[0;32mI (671) wifi:Init static rx mgmt buffer num: 5[0m
[0;32mI (671) wifi:Init management short buffer num: 32[0m
[0;32mI (681) wifi:Init dynamic tx buffer num: 32[0m
[0;32mI (681) wifi:Init static rx buffer size: 1600[0m
[0;32mI (691) wifi:Init static rx buffer num: 10[0m
[0;32mI (691) wifi:Init dynamic rx buffer num: 32[0m
[0;32mI (701) wifi_init: rx ba win: 6[0m
[0;32mI (701) wifi_init: tcpip mbox: 32[0m
[0;32mI (701) wifi_init: udp mbox: 6[0m
[0;32mI (711) wifi_init: tcp mbox: 6[0m
[0;32mI (711) wifi_init: tcp tx win: 5760[0m
[0;32mI (711) wifi_init: tcp rx win: 5760[0m
[0;32mI (721) wifi_init: tcp mss: 1440[0m
[0;32mI (721) wifi_init: WiFi IRAM OP enabled[0m
[0;32mI (731) wifi_init: WiFi RX IRAM OP enabled[0m
[0;32mI (741) phy_init: phy_version 4791,2c4672b,Dec 20 2023,16:06:06[0m
[0;32mI (821) wifi:mode : softAP (58:bf:25:34:32:8d)[0m
[0;32mI (931) wifi:Total power save buffer number: 16[0m
[0;32mI (931) wifi:Init max length of beacon: 752/752[0m
[0;32mI (931) wifi:Init max length of beacon: 752/752[0m
[0;32mI (931) example: Starting server on port: '80'[0m
[0;32mI (931) esp_netif_lwip: DHCP server started on interface WIFI_AP_DEF with IP: 192.168.4.1[0m
[0;32mI (951) example: Registering URI handlers[0m
[0;32mI (951) AP-mode: wifi_init_softap finished. SSID:admin password:123456789 [0m
[0;32mI (951) main_task: Returned from app_main()[0m
[0;32mI (5181) wifi:new:<1,1>, old:<1,1>, ap:<1,1>, sta:<255,255>, prof:1[0m
[0;32mI (5181) wifi:station: 28:c6:3f:4f:29:b4 join, AID=1, bgn, 40U[0m
[0;32mI (5181) wifi:station: 28:c6:3f:4f:29:b4 leave, AID = 1, bss_flags is 134242, bss:0x3ffb8fa4[0m
[0;32mI (5191) wifi:new:<1,0>, old:<1,1>, ap:<1,1>, sta:<255,255>, prof:1[0m
[0;32mI (6801) wifi:new:<1,1>, old:<1,0>, ap:<1,1>, sta:<255,255>, prof:1[0m
[0;32mI (6811) wifi:station: 28:c6:3f:4f:29:b4 join, AID=1, bgn, 40U[0m
[0;32mI (6831) AP-mode: station 28:c6:3f:4f:29:b4 join, AID=1[0m
[0;32mI (7541) wifi:<ba-add>idx:2 (ifx:1, 28:c6:3f:4f:29:b4), tid:0, ssn:19, winSize:64[0m
[0;32mI (24451) example: =========== RECEIVED DATA ==========[0m
[0;32mI (24451) example: ssid=NguyenVanY&pass=fs&cost=5&id=fsfs[0m
[0;32mI (24451) example: ====================================[0m
NguyenVanY
[0;32mI (24451) NVS: SAVE 0[0m
fs
[0;32mI (24461) NVS: SAVE 1[0m
5
[0;32mI (24461) NVS: SAVE 2[0m
fsfsï¿½?ï¿½ï¿½ï¿½?
[0;32mI (24461) NVS: SAVE 3[0m
