ets Jul 29 2019 12:21:46

rst:0x1 (POWERON_RESET),boot:0x13 (SPI_FAST_FLASH_BOOT)
configsip: 0, SPIWP:0xee
clk_drv:0x00,q_drv:0x00,d_drv:0x00,cs0_drv:0x00,hd_drv:0x00,wp_drv:0x00
mode:DIO, clock div:2
load:0x3fff0030,len:7132
ho 0 tail 12 room 4
load:0x40078000,len:15624
ho 0 tail 12 room 4
load:0x40080400,len:4
load:0x40080404,len:3876
entry 0x4008064c
[0;32mI (33) boot: ESP-IDF v5.1.4-52-g978d574e5e-dirty 2nd stage bootloader[0m
[0;32mI (33) boot: compile time Mar  4 2025 09:28:40[0m
[0;32mI (35) boot: Multicore bootloader[0m
[0;32mI (39) boot: chip revision: v3.1[0m
[0;32mI (43) boot.esp32: SPI Speed      : 40MHz[0m
[0;32mI (47) boot.esp32: SPI Mode       : DIO[0m
[0;32mI (52) boot.esp32: SPI Flash Size : 2MB[0m
[0;32mI (57) boot: Enabling RNG early entropy source...[0m
[0;32mI (62) boot: Partition Table:[0m
[0;32mI (66) boot: ## Label            Usage          Type ST Offset   Length[0m
[0;32mI (73) boot:  0 nvs              WiFi data        01 02 00009000 00006000[0m
[0;32mI (80) boot:  1 phy_init         RF data          01 01 0000f000 00001000[0m
[0;32mI (88) boot:  2 factory          factory app      00 00 00010000 00100000[0m
[0;32mI (95) boot: End of partition table[0m
[0;32mI (99) esp_image: segment 0: paddr=00010020 vaddr=3f400020 size=28f78h (167800) map[0m
[0;32mI (169) esp_image: segment 1: paddr=00038fa0 vaddr=3ff80063 size=00008h (     8) load[0m
[0;32mI (169) esp_image: segment 2: paddr=00038fb0 vaddr=3ffb0000 size=03cech ( 15596) load[0m
[0;32mI (181) esp_image: segment 3: paddr=0003cca4 vaddr=40080000 size=03374h ( 13172) load[0m
[0;32mI (188) esp_image: segment 4: paddr=00040020 vaddr=400d0020 size=a9afch (695036) map[0m
[0;32mI (442) esp_image: segment 5: paddr=000e9b24 vaddr=40083374 size=14034h ( 81972) load[0m
[0;32mI (476) esp_image: segment 6: paddr=000fdb60 vaddr=400c0000 size=00064h (   100) load[0m
[0;32mI (488) boot: Loaded app from partition at offset 0x10000[0m
[0;32mI (489) boot: Disabling RNG early entropy source...[0m
[0;32mI (500) cpu_start: Multicore app[0m
[0;32mI (500) cpu_start: Pro cpu up.[0m
[0;32mI (501) cpu_start: Starting app cpu, entry point is 0x4008151c[0m
[0;32mI (0) cpu_start: App cpu up.[0m
[0;32mI (518) cpu_start: Pro cpu start user code[0m
[0;32mI (518) cpu_start: cpu freq: 160000000 Hz[0m
[0;32mI (518) cpu_start: Application information:[0m
[0;32mI (523) cpu_start: Project name:     vinfast[0m
[0;32mI (528) cpu_start: App version:      0105f49-dirty[0m
[0;32mI (534) cpu_start: Compile time:     Mar 20 2025 11:37:44[0m
[0;32mI (540) cpu_start: ELF file SHA256:  c6399e60bd474921...[0m
[0;32mI (546) cpu_start: ESP-IDF:          v5.1.4-52-g978d574e5e-dirty[0m
[0;32mI (552) cpu_start: Min chip rev:     v0.0[0m
[0;32mI (557) cpu_start: Max chip rev:     v3.99 [0m
[0;32mI (562) cpu_start: Chip rev:         v3.1[0m
[0;32mI (567) heap_init: Initializing. RAM available for dynamic allocation:[0m
[0;32mI (574) heap_init: At 3FFAE6E0 len 00001920 (6 KiB): DRAM[0m
[0;32mI (580) heap_init: At 3FFB8408 len 00027BF8 (158 KiB): DRAM[0m
[0;32mI (586) heap_init: At 3FFE0440 len 00003AE0 (14 KiB): D/IRAM[0m
[0;32mI (592) heap_init: At 3FFE4350 len 0001BCB0 (111 KiB): D/IRAM[0m
[0;32mI (599) heap_init: At 400973A8 len 00008C58 (35 KiB): IRAM[0m
[0;32mI (607) spi_flash: detected chip: generic[0m
[0;32mI (610) spi_flash: flash io: dio[0m
[0;33mW (614) spi_flash: Detected size(4096k) larger than the size in the binary image header(2048k). Using the size in the binary image header.[0m
[0;32mI (628) app_start: Starting scheduler on CPU0[0m
[0;32mI (632) app_start: Starting scheduler on CPU1[0m
[0;32mI (632) main_task: Started on CPU0[0m
[0;32mI (642) main_task: Calling app_main()[0m
[0;32mI (642) gpio: GPIO[0]| InputEn: 1| OutputEn: 0| OpenDrain: 0| Pullup: 1| Pulldown: 0| Intr:2 [0m
[0;32mI (652) gpio: GPIO[2]| InputEn: 0| OutputEn: 1| OpenDrain: 0| Pullup: 0| Pulldown: 1| Intr:0 [0m
[0;32mI (712) NVS: GET INFO CONFIG[0m
 Log INFO DThinh - 12345678 
 FLag resetb
[0;32mI (722) wifi:wifi driver task: 3ffc5734, prio:23, stack:6656, core=0[0m
[0;32mI (742) wifi:wifi firmware version: 3ce09e5[0m
[0;32mI (742) wifi:wifi certification version: v7.0[0m
[0;32mI (742) wifi:config NVS flash: enabled[0m
[0;32mI (742) wifi:config nano formating: disabled[0m
[0;32mI (752) wifi:Init data frame dynamic rx buffer num: 32[0m
[0;32mI (752) wifi:Init static rx mgmt buffer num: 5[0m
[0;32mI (762) wifi:Init management short buffer num: 32[0m
[0;32mI (762) wifi:Init dynamic tx buffer num: 32[0m
[0;32mI (762) wifi:Init static rx buffer size: 1600[0m
[0;32mI (772) wifi:Init static rx buffer num: 10[0m
[0;32mI (772) wifi:Init dynamic rx buffer num: 32[0m
[0;32mI (782) wifi_init: rx ba win: 6[0m
[0;32mI (782) wifi_init: tcpip mbox: 32[0m
[0;32mI (782) wifi_init: udp mbox: 6[0m
[0;32mI (792) wifi_init: tcp mbox: 6[0m
[0;32mI (792) wifi_init: tcp tx win: 5760[0m
[0;32mI (792) wifi_init: tcp rx win: 5760[0m
[0;32mI (802) wifi_init: tcp mss: 1440[0m
[0;32mI (802) wifi_init: WiFi IRAM OP enabled[0m
[0;32mI (812) wifi_init: WiFi RX IRAM OP enabled[0m
[0;32mI (822) phy_init: phy_version 4791,2c4672b,Dec 20 2023,16:06:06[0m
[0;32mI (912) wifi:mode : sta (ec:64:c9:86:0a:10)[0m
[0;32mI (912) wifi:enable tsf[0m
[0;32mI (912) wifi station: wifi_init_sta finished.[0m
[0;32mI (922) wifi:new:<6,0>, old:<1,0>, ap:<255,255>, sta:<6,0>, prof:6[0m
[0;32mI (932) wifi:state: init -> auth (b0)[0m
[0;32mI (962) wifi:state: auth -> assoc (0)[0m
[0;32mI (992) wifi:state: assoc -> run (10)[0m
[0;32mI (1122) wifi:connected with DThinh, aid = 1, channel 6, BW20, bssid = 9e:8c:4f:d4:7c:d4[0m
[0;32mI (1122) wifi:security: WPA2-PSK, phy: bgn, rssi: -56[0m
[0;32mI (1132) wifi:pm start, type: 1[0m

[0;32mI (1132) wifi:dp: 1, bi: 102400, li: 3, scale listen interval from 307200 us to 307200 us[0m
[0;32mI (1132) wifi:AP's beacon interval = 102400 us, DTIM period = 3[0m
[0;32mI (2142) esp_netif_handlers: sta ip: 172.20.10.2, mask: 255.255.255.240, gw: 172.20.10.1[0m
[0;32mI (2172) wifi:<ba-add>idx:0 (ifx:0, 9e:8c:4f:d4:7c:d4), tid:0, ssn:3, winSize:64[0m
Th·ªùi gian sau khi tr·ª´ 5 ph√∫t: 2025-04-15+08:28:00
[0;32mI (2872) test: https://my.sepay.vn/userapi/transactions/list?transaction_date_min=2025-04-15+08:28:00[0m
[0;32mI (6022) HTTPS: HTTP_EVENT_ON_DATA, len=43 data= {"status":200,"error":null,"messages":{"suc[0m
[0;32mI (6022) HTTPS: HTTP_EVENT_ON_DATA, len=512 data= cess":true},"transactions":[{"id":"11130127","bank_brand_name":"MBBank","account_number":"0364618543","transaction_date":"2025-04-15 08:41:00","amount_out":"0.00","amount_in":"5000.00","accumulated":"0.00","transaction_content":"TRUSAC1- Ma GD ACSP/ Fe414107","reference_number":"FT25105730576238","code":null,"sub_account":null,"bank_account_id":"7305"},{"id":"11130103","bank_brand_name":"MBBank","account_number":"0364618543","transaction_date":"2025-04-15 08:41:00","amount_out":"0.00","amount_in":"5000.00",[0m
[0;32mI (6072) HTTPS: HTTP_EVENT_ON_DATA, len=188 data= "accumulated":"0.00","transaction_content":"HA NGOC QUOC CHUYEN TIEN- Ma GD ACSP/ wB410616","reference_number":"FT25105168144413","code":null,"sub_account":null,"bank_account_id":"7305"}]}
0

ed":"0.00","transaction_content":"TRUSAC1- Ma GD ACSP/ Fe414107","reference_number":"FT25105730576238","code":null,"sub_account":null,"bank_account_id":"7305"},{"id":"11130103","bank_brand_name":"MBBank","account_number":"0364618543","transaction_date":"2025-04-15 08:41:00","amount_out":"0.00","amount_in":"5000.00",[0m
[0;32mI (6122) HTTPS: HTTP_EVENT_ON_FINISH[0m
[0;32mI (6122) NVS: 0[0m
[0;33mW (6122) HTTP: Kh√¥ng c√≥ giao d·ªãch m·ªõi ph√π h·ª£p.
[0m
[0;33mW (6132) HTTP: Ti·∫øn h√†nh ki·ªÉm tra l·∫°i ho·∫∑c s·∫°c th·ªß c√¥ng .
[0m
[0;33mW (6142) HTTP: H·ªá th·ªëng sleep sau 5p .
[0m
[0;32mI (26142) Tag: Complete[0m
