ï¿½ets Jun  8 2016 00:22:57

rst:0x1 (POWERON_RESET),boot:0x13 (SPI_FAST_FLASH_BOOT)
configsip: 0, SPIWP:0xee
clk_drv:0x00,q_drv:0x00,d_drv:0x00,cs0_drv:0x00,hd_drv:0x00,wp_drv:0x00
mode:DIO, clock div:2
load:0x3fff0030,len:7132
ho 0 tail 12 room 4
load:0x40078000,len:15624
ho 0 tail 12 room 4
load:0x40080400,len:4
load:0x40080404,len:3876
entry 0x4008064c
[0;32mI (32) boot: ESP-IDF v5.1.4-52-g978d574e5e-dirty 2nd stage bootloader[0m
[0;32mI (32) boot: compile time Feb 24 2025 21:20:42[0m
[0;32mI (34) boot: Multicore bootloader[0m
[0;32mI (38) boot: chip revision: v1.0[0m
[0;32mI (42) boot.esp32: SPI Speed      : 40MHz[0m
[0;32mI (47) boot.esp32: SPI Mode       : DIO[0m
[0;32mI (51) boot.esp32: SPI Flash Size : 2MB[0m
[0;32mI (56) boot: Enabling RNG early entropy source...[0m
[0;32mI (61) boot: Partition Table:[0m
[0;32mI (65) boot: ## Label            Usage          Type ST Offset   Length[0m
[0;32mI (72) boot:  0 nvs              WiFi data        01 02 00009000 00006000[0m
[0;32mI (79) boot:  1 phy_init         RF data          01 01 0000f000 00001000[0m
[0;32mI (87) boot:  2 factory          factory app      00 00 00010000 00100000[0m
[0;32mI (94) boot: End of partition table[0m
[0;32mI (99) esp_image: segment 0: paddr=00010020 vaddr=3f400020 size=0a5a8h ( 42408) map[0m
[0;32mI (122) esp_image: segment 1: paddr=0001a5d0 vaddr=3ffb0000 size=022b8h (  8888) load[0m
[0;32mI (126) esp_image: segment 2: paddr=0001c890 vaddr=40080000 size=03788h ( 14216) load[0m
[0;32mI (134) esp_image: segment 3: paddr=00020020 vaddr=400d0020 size=18edch (102108) map[0m
[0;32mI (174) esp_image: segment 4: paddr=00038f04 vaddr=40083788 size=09240h ( 37440) load[0m
[0;32mI (196) boot: Loaded app from partition at offset 0x10000[0m
[0;32mI (196) boot: Disabling RNG early entropy source...[0m
[0;32mI (207) cpu_start: Multicore app[0m
[0;32mI (208) cpu_start: Pro cpu up.[0m
[0;32mI (208) cpu_start: Starting app cpu, entry point is 0x40081204[0m
[0;32mI (0) cpu_start: App cpu up.[0m
[0;32mI (226) cpu_start: Pro cpu start user code[0m
[0;32mI (226) cpu_start: cpu freq: 160000000 Hz[0m
[0;32mI (226) cpu_start: Application information:[0m
[0;32mI (230) cpu_start: Project name:     vinfast[0m
[0;32mI (235) cpu_start: App version:      4c9d59f-dirty[0m
[0;32mI (241) cpu_start: Compile time:     Feb 26 2025 13:43:03[0m
[0;32mI (247) cpu_start: ELF file SHA256:  1cd19a89b508d444...[0m
[0;32mI (253) cpu_start: ESP-IDF:          v5.1.4-52-g978d574e5e-dirty[0m
[0;32mI (260) cpu_start: Min chip rev:     v0.0[0m
[0;32mI (264) cpu_start: Max chip rev:     v3.99 [0m
[0;32mI (269) cpu_start: Chip rev:         v1.0[0m
[0;32mI (274) heap_init: Initializing. RAM available for dynamic allocation:[0m
[0;32mI (281) heap_init: At 3FFAE6E0 len 00001920 (6 KiB): DRAM[0m
[0;32mI (287) heap_init: At 3FFB2B70 len 0002D490 (181 KiB): DRAM[0m
[0;32mI (293) heap_init: At 3FFE0440 len 00003AE0 (14 KiB): D/IRAM[0m
[0;32mI (300) heap_init: At 3FFE4350 len 0001BCB0 (111 KiB): D/IRAM[0m
[0;32mI (306) heap_init: At 4008C9C8 len 00013638 (77 KiB): IRAM[0m
[0;32mI (314) spi_flash: detected chip: generic[0m
[0;32mI (317) spi_flash: flash io: dio[0m
[0;33mW (321) spi_flash: Detected size(4096k) larger than the size in the binary image header(2048k). Using the size in the binary image header.[0m
[0;32mI (335) app_start: Starting scheduler on CPU0[0m
[0;32mI (339) app_start: Starting scheduler on CPU1[0m
[0;32mI (339) main_task: Started on CPU0[0m
[0;32mI (349) main_task: Calling app_main()[0m
[0;32mI (349) gpio: GPIO[2]| InputEn: 0| OutputEn: 1| OpenDrain: 0| Pullup: 0| Pulldown: 1| Intr:0 [0m
Done
NVS ESP_OK - NVS ESP_OK - data get = 2005
NVS ESP_OK - NVS ESP_OK - data get = 2005
Set ID to nvs 2005
 :[0;32mI (409) main_task: Returned from app_main()[0m
ets Jun  8 2016 00:22:57

rst:0x1 (POWERON_RESET),boot:0x13 (SPI_FAST_FLASH_BOOT)
configsip: 0, SPIWP:0xee
clk_drv:0x00,q_drv:0x00,d_drv:0x00,cs0_drv:0x00,hd_drv:0x00,wp_drv:0x00
mode:DIO, clock div:2
load:0x3fff0030,len:7132
ho 0 tail 12 room 4
load:0x40078000,len:15624
ho 0 tail 12 room 4
load:0x40080400,len:4
load:0x40080404,len:3876
entry 0x4008064c
[0;32mI (32) boot: ESP-IDF v5.1.4-52-g978d574e5e-dirty 2nd stage bootloader[0m
[0;32mI (32) boot: compile time Feb 24 2025 21:20:42[0m
[0;32mI (34) boot: Multicore bootloader[0m
[0;32mI (38) boot: chip revision: v1.0[0m
[0;32mI (42) boot.esp32: SPI Speed      : 40MHz[0m
[0;32mI (47) boot.esp32: SPI Mode       : DIO[0m
[0;32mI (51) boot.esp32: SPI Flash Size : 2MB[0m
[0;32mI (56) boot: Enabling RNG early entropy source...[0m
[0;32mI (61) boot: Partition Table:[0m
[0;32mI (65) boot: ## Label            Usage          Type ST Offset   Length[0m
[0;32mI (72) boot:  0 nvs              WiFi data        01 02 00009000 00006000[0m
[0;32mI (79) boot:  1 phy_init         RF data          01 01 0000f000 00001000[0m
[0;32mI (87) boot:  2 factory          factory app      00 00 00010000 00100000[0m
[0;32mI (94) boot: End of partition table[0m
[0;32mI (99) esp_image: segment 0: paddr=00010020 vaddr=3f400020 size=0a5a8h ( 42408) map[0m
[0;32mI (122) esp_image: segment 1: paddr=0001a5d0 vaddr=3ffb0000 size=022b8h (  8888) load[0m
[0;32mI (126) esp_image: segment 2: paddr=0001c890 vaddr=40080000 size=03788h ( 14216) load[0m
[0;32mI (134) esp_image: segment 3: paddr=00020020 vaddr=400d0020 size=18edch (102108) map[0m
[0;32mI (174) esp_image: segment 4: paddr=00038f04 vaddr=40083788 size=09240h ( 37440) load[0m
[0;32mI (196) boot: Loaded app from partition at offset 0x10000[0m
[0;32mI (196) boot: Disabling RNG early entropy source...[0m
[0;32mI (207) cpu_start: Multicore app[0m
[0;32mI (208) cpu_start: Pro cpu up.[0m
[0;32mI (208) cpu_start: Starting app cpu, entry point is 0x40081204[0m
[0;32mI (0) cpu_start: App cpu up.[0m
[0;32mI (226) cpu_start: Pro cpu start user code[0m
[0;32mI (226) cpu_start: cpu freq: 160000000 Hz[0m
[0;32mI (226) cpu_start: Application information:[0m
[0;32mI (230) cpu_start: Project name:     vinfast[0m
[0;32mI (235) cpu_start: App version:      4c9d59f-dirty[0m
[0;32mI (241) cpu_start: Compile time:     Feb 26 2025 13:43:03[0m
[0;32mI (247) cpu_start: ELF file SHA256:  1cd19a89b508d444...[0m
[0;32mI (253) cpu_start: ESP-IDF:          v5.1.4-52-g978d574e5e-dirty[0m
[0;32mI (260) cpu_start: Min chip rev:     v0.0[0m
[0;32mI (264) cpu_start: Max chip rev:     v3.99 [0m
[0;32mI (269) cpu_start: Chip rev:         v1.0[0m
[0;32mI (274) heap_init: Initializing. RAM available for dynamic allocation:[0m
[0;32mI (281) heap_init: At 3FFAE6E0 len 00001920 (6 KiB): DRAM[0m
[0;32mI (287) heap_init: At 3FFB2B70 len 0002D490 (181 KiB): DRAM[0m
[0;32mI (293) heap_init: At 3FFE0440 len 00003AE0 (14 KiB): D/IRAM[0m
[0;32mI (300) heap_init: At 3FFE4350 len 0001BCB0 (111 KiB): D/IRAM[0m
[0;32mI (306) heap_init: At 4008C9C8 len 00013638 (77 KiB): IRAM[0m
[0;32mI (314) spi_flash: detected chip: generic[0m
[0;32mI (317) spi_flash: flash io: dio[0m
[0;33mW (321) spi_flash: Detected size(4096k) larger than the size in the binary image header(2048k). Using the size in the binary image header.[0m
[0;32mI (335) app_start: Starting scheduler on CPU0[0m
[0;32mI (339) app_start: Starting scheduler on CPU1[0m
[0;32mI (339) main_task: Started on CPU0[0m
[0;32mI (349) main_task: Calling app_main()[0m
[0;32mI (349) gpio: GPIO[2]| InputEn: 0| OutputEn: 1| OpenDrain: 0| Pullup: 0| Pulldown: 1| Intr:0 [0m
Done
NVS ESP_OK - NVS ESP_OK - data get = 2005
NVS ESP_OK - NVS ESP_OK - data get = 2005
Set ID to nvs 2005
 :[0;32mI (409) main_task: Returned from app_main()[0m
ets Jun  8 2016 00:22:57

rst:0x1 (POWERON_RESET),boot:0x13 (SPI_FAST_FLASH_BOOT)
configsip: 0, SPIWP:0xee
clk_drv:0x00,q_drv:0x00,d_drv:0x00,cs0_drv:0x00,hd_drv:0x00,wp_drv:0x00
mode:DIO, clock div:2
load:0x3fff0030,len:7132
ho 0 tail 12 room 4
load:0x40078000,len:15624
ho 0 tail 12 room 4
load:0x40080400,len:4
load:0x40080404,len:3876
entry 0x4008064c
[0;32mI (32) boot: ESP-IDF v5.1.4-52-g978d574e5e-dirty 2nd stage bootloader[0m
[0;32mI (32) boot: compile time Feb 24 2025 21:20:42[0m
[0;32mI (34) boot: Multicore bootloader[0m
[0;32mI (38) boot: chip revision: v1.0[0m
[0;32mI (42) boot.esp32: SPI Speed      : 40MHz[0m
[0;32mI (47) boot.esp32: SPI Mode       : DIO[0m
[0;32mI (51) boot.esp32: SPI Flash Size : 2MB[0m
[0;32mI (56) boot: Enabling RNG early entropy source...[0m
[0;32mI (61) boot: Partition Table:[0m
[0;32mI (65) boot: ## Label            Usage          Type ST Offset   Length[0m
[0;32mI (72) boot:  0 nvs              WiFi data        01 02 00009000 00006000[0m
[0;32mI (79) boot:  1 phy_init         RF data          01 01 0000f000 00001000[0m
[0;32mI (87) boot:  2 factory          factory app      00 00 00010000 00100000[0m
[0;32mI (94) boot: End of partition table[0m
[0;32mI (99) esp_image: segment 0: paddr=00010020 vaddr=3f400020 size=0a5a8h ( 42408) map[0m
[0;32mI (122) esp_image: segment 1: paddr=0001a5d0 vaddr=3ffb0000 size=022b8h (  8888) load[0m
[0;32mI (126) esp_image: segment 2: paddr=0001c890 vaddr=40080000 size=03788h ( 14216) load[0m
[0;32mI (134) esp_image: segment 3: paddr=00020020 vaddr=400d0020 size=18edch (102108) map[0m
[0;32mI (174) esp_image: segment 4: paddr=00038f04 vaddr=40083788 size=09240h ( 37440) load[0m
[0;32mI (196) boot: Loaded app from partition at offset 0x10000[0m
[0;32mI (196) boot: Disabling RNG early entropy source...[0m
[0;32mI (207) cpu_start: Multicore app[0m
[0;32mI (208) cpu_start: Pro cpu up.[0m
[0;32mI (208) cpu_start: Starting app cpu, entry point is 0x40081204[0m
[0;32mI (0) cpu_start: App cpu up.[0m
[0;32mI (226) cpu_start: Pro cpu start user code[0m
[0;32mI (226) cpu_start: cpu freq: 160000000 Hz[0m
[0;32mI (226) cpu_start: Application information:[0m
[0;32mI (230) cpu_start: Project name:     vinfast[0m
[0;32mI (235) cpu_start: App version:      4c9d59f-dirty[0m
[0;32mI (241) cpu_start: Compile time:     Feb 26 2025 13:43:03[0m
[0;32mI (247) cpu_start: ELF file SHA256:  1cd19a89b508d444...[0m
[0;32mI (253) cpu_start: ESP-IDF:          v5.1.4-52-g978d574e5e-dirty[0m
[0;32mI (260) cpu_start: Min chip rev:     v0.0[0m
[0;32mI (264) cpu_start: Max chip rev:     v3.99 [0m
[0;32mI (269) cpu_start: Chip rev:         v1.0[0m
[0;32mI (274) heap_init: Initializing. RAM available for dynamic allocation:[0m
[0;32mI (281) heap_init: At 3FFAE6E0 len 00001920 (6 KiB): DRAM[0m
[0;32mI (287) heap_init: At 3FFB2B70 len 0002D490 (181 KiB): DRAM[0m
[0;32mI (293) heap_init: At 3FFE0440 len 00003AE0 (14 KiB): D/IRAM[0m
[0;32mI (300) heap_init: At 3FFE4350 len 0001BCB0 (111 KiB): D/IRAM[0m
[0;32mI (306) heap_init: At 4008C9C8 len 00013638 (77 KiB): IRAM[0m
[0;32mI (314) spi_flash: detected chip: generic[0m
[0;32mI (317) spi_flash: flash io: dio[0m
[0;33mW (321) spi_flash: Detected size(4096k) larger than the size in the binary image header(2048k). Using the size in the binary image header.[0m
[0;32mI (335) app_start: Starting scheduler on CPU0[0m
[0;32mI (339) app_start: Starting scheduler on CPU1[0m
[0;32mI (339) main_task: Started on CPU0[0m
[0;32mI (349) main_task: Calling app_main()[0m
[0;32mI (349) gpio: GPIO[2]| InputEn: 0| OutputEn: 1| OpenDrain: 0| Pullup: 0| Pulldown: 1| Intr:0 [0m
Done
NVS ESP_OK - NVS ESP_OK - data get = 2005
NVS ESP_OK - NVS ESP_OK - data get = 2005
Set ID to nvs 2005
 :[0;32mI (409) main_task: Returned from app_main()[0m
