2mI (218) cpuï¿½ets Jun  8 2016 00:22:57

rst:0x1 (POWERON_RESET),boot:0x13 (SPI_FAST_FLASH_BOOT)
configsip: 0, SPIWP:0xee
clk_drv:0x00,q_drv:0x00,d_drv:0x00,cs0_drv:0x00,hd_drv:0x00,wp_drv:0x00
mode:DIO, clock div:2
load:0x3fff0030,len:7132
ho 0 tail 12 room 4
load:0x40078000,len:15624
ho 0 tail 12 room 4
load:0x40080400,len:4
load:0x40080404,len:3876
entry 0x4008064c
[0;32mI (32) boot: ESP-IDF v5.1.4-52-g978d574e5e-dirty 2nd stage bootloader[0m
[0;32mI (32) boot: compile time Feb 24 2025 21:20:42[0m
[0;32mI (34) boot: Multicore bootloader[0m
[0;32mI (38) boot: chip revision: v1.0[0m
[0;32mI (42) boot.esp32: SPI Speed      : 40MHz[0m
[0;32mI (47) boot.esp32: SPI Mode       : DIO[0m
[0;32mI (51) boot.esp32: SPI Flash Size : 2MB[0m
[0;32mI (56) boot: Enabling RNG early entropy source...[0m
[0;32mI (61) boot: Partition Table:[0m
[0;32mI (65) boot: ## Label            Usage          Type ST Offset   Length[0m
[0;32mI (72) boot:  0 nvs              WiFi data        01 02 00009000 00006000[0m
[0;32mI (80) boot:  1 phy_init         RF data          01 01 0000f000 00001000[0m
[0;32mI (87) boot:  2 factory          factory app      00 00 00010000 00100000[0m
[0;32mI (95) boot: End of partition table[0m
[0;32mI (99) esp_image: segment 0: paddr=00010020 vaddr=3f400020 size=09bf0h ( 39920) map[0m
[0;32mI (122) esp_image: segment 1: paddr=00019c18 vaddr=3ff80063 size=00008h (     8) load[0m
[0;32mI (122) esp_image: segment 2: paddr=00019c28 vaddr=3ffb0000 size=021c0h (  8640) load[0m
[0;32mI (131) esp_image: segment 3: paddr=0001bdf0 vaddr=40080000 size=04228h ( 16936) load[0m
[0;32mI (143) esp_image: segment 4: paddr=00020020 vaddr=400d0020 size=14094h ( 82068) map[0m
[0;32mI (174) esp_image: segment 5: paddr=000340bc vaddr=40084228 size=08f04h ( 36612) load[0m
[0;32mI (190) esp_image: segment 6: paddr=0003cfc8 vaddr=400c0000 size=00064h (   100) load[0m
[0;32mI (190) esp_image: segment 7: paddr=0003d034 vaddr=50000000 size=00004h (     4) load[0m
[0;32mI (202) boot: Loaded app from partition at offset 0x10000[0m
[0;32mI (202) boot: Disabling RNG early entropy source...[0m
[0;32mI (218) cpu_start: Multicore app[0m
[0;32mI (218) cpu_start: Pro cpu up.[0m
[0;32mI (219) cpu_start: Starting app cpu, entry point is 0x4008125c[0m
[0;32mI (0) cpu_start: App cpu up.[0m
[0;32mI (236) cpu_start: Pro cpu start user code[0m
[0;32mI (236) cpu_start: cpu freq: 160000000 Hz[0m
[0;32mI (237) cpu_start: Application information:[0m
[0;32mI (241) cpu_start: Project name:     vinfast[0m
[0;32mI (246) cpu_start: App version:      41d5ceb-dirty[0m
[0;32mI (252) cpu_start: Compile time:     Feb 25 2025 06:15:32[0m
[0;32mI (258) cpu_start: ELF file SHA256:  235b421d20802b4b...[0m
[0;32mI (264) cpu_start: ESP-IDF:          v5.1.4-52-g978d574e5e-dirty[0m
[0;32mI (270) cpu_start: Min chip rev:     v0.0[0m
[0;32mI (275) cpu_start: Max chip rev:     v3.99 [0m
[0;32mI (280) cpu_start: Chip rev:         v1.0[0m
[0;32mI (285) heap_init: Initializing. RAM available for dynamic allocation:[0m
[0;32mI (292) heap_init: At 3FFAE6E0 len 00001920 (6 KiB): DRAM[0m
[0;32mI (298) heap_init: At 3FFB2A58 len 0002D5A8 (181 KiB): DRAM[0m
[0;32mI (304) heap_init: At 3FFE0440 len 00003AE0 (14 KiB): D/IRAM[0m
[0;32mI (311) heap_init: At 3FFE4350 len 0001BCB0 (111 KiB): D/IRAM[0m
[0;32mI (317) heap_init: At 4008D12C len 00012ED4 (75 KiB): IRAM[0m
[0;32mI (325) spi_flash: detected chip: generic[0m
[0;32mI (328) spi_flash: flash io: dio[0m
[0;33mW (332) spi_flash: Detected size(4096k) larger than the size in the binary image header(2048k). Using the size in the binary image header.[0m
[0;32mI (345) app_start: Starting scheduler on CPU0[0m
[0;32mI (350) app_start: Starting scheduler on CPU1[0m
[0;32mI (350) main_task: Started on CPU0[0m
[0;32mI (360) main_task: Calling app_main()[0m
going to sleep. woken up 0
ets Jun  8 2016 00:22:57

rst:0x5 (DEEPSLEEP_RESET),boot:0x13 (SPI_FAST_FLASH_BOOT)
configsip: 0, SPIWP:0xee
clk_drv:0x00,q_drv:0x00,d_drv:0x00,cs0_drv:0x00,hd_drv:0x00,wp_drv:0x00
mode:DIO, clock div:2
load:0x3fff0030,len:7132
ho 0 tail 12 room 4
load:0x40078000,len:15624
ho 0 tail 12 room 4
load:0x40080400,len:4
load:0x40080404,len:3876
entry 0x4008064c
[0;32mI (33) boot: ESP-IDF v5.1.4-52-g978d574e5e-dirty 2nd stage bootloader[0m
[0;32mI (33) boot: compile time Feb 24 2025 21:20:42[0m
[0;32mI (35) boot: Multicore bootloader[0m
[0;32mI (39) boot: chip revision: v1.0[0m
[0;32mI (43) boot.esp32: SPI Speed      : 40MHz[0m
[0;32mI (48) boot.esp32: SPI Mode       : DIO[0m
[0;32mI (52) boot.esp32: SPI Flash Size : 2MB[0m
[0;32mI (57) boot: Enabling RNG early entropy source...[0m
[0;32mI (62) boot: Partition Table:[0m
[0;32mI (66) boot: ## Label            Usage          Type ST Offset   Length[0m
[0;32mI (73) boot:  0 nvs              WiFi data        01 02 00009000 00006000[0m
[0;32mI (80) boot:  1 phy_init         RF data          01 01 0000f000 00001000[0m
[0;32mI (88) boot:  2 factory          factory app      00 00 00010000 00100000[0m
[0;32mI (95) boot: End of partition table[0m
[0;32mI (99) esp_image: segment 0: paddr=00010020 vaddr=3f400020 size=09bf0h ( 39920) map[0m
[0;32mI (122) esp_image: segment 1: paddr=00019c18 vaddr=3ff80063 size=00008h (     8) [0m
[0;32mI (123) esp_image: segment 2: paddr=00019c28 vaddr=3ffb0000 size=021c0h (  8640) load[0m
[0;32mI (131) esp_image: segment 3: paddr=0001bdf0 vaddr=40080000 size=04228h ( 16936) load[0m
[0;32mI (143) esp_image: segment 4: paddr=00020020 vaddr=400d0020 size=14094h ( 82068) map[0m
[0;32mI (174) esp_image: segment 5: paddr=000340bc vaddr=40084228 size=08f04h ( 36612) load[0m
[0;32mI (190) esp_image: segment 6: paddr=0003cfc8 vaddr=400c0000 size=00064h (   100) [0m
[0;32mI (190) esp_image: segment 7: paddr=0003d034 vaddr=50000000 size=00004h (     4) [0m
[0;32mI (202) boot: Loaded app from partition at offset 0x10000[0m
[0;32mI (202) boot: Disabling RNG early entropy source...[0m
[0;32mI (218) cpu_start: Multicore app[0m
[0;32mI (218) cpu_start: Pro cpu up.[0m
[0;32mI (218) cpu_start: Starting app cpu, entry point is 0x4008125c[0m
[0;32mI (0) cpu_start: App cpu up.[0m
[0;32mI (236) cpu_start: Pro cpu start user code[0m
[0;32mI (236) cpu_start: cpu freq: 160000000 Hz[0m
[0;32mI (236) cpu_start: Application information:[0m
[0;32mI (241) cpu_start: Project name:     vinfast[0m
[0;32mI (246) cpu_start: App version:      41d5ceb-dirty[0m
[0;32mI (251) cpu_start: Compile time:     Feb 25 2025 06:15:32[0m
[0;32mI (257) cpu_start: ELF file SHA256:  235b421d20802b4b...[0m
[0;32mI (263) cpu_start: ESP-IDF:          v5.1.4-52-g978d574e5e-dirty[0m
[0;32mI (270) cpu_start: Min chip rev:     v0.0[0m
[0;32mI (275) cpu_start: Max chip rev:     v3.99 [0m
[0;32mI (280) cpu_start: Chip rev:         v1.0[0m
[0;32mI (285) heap_init: Initializing. RAM available for dynamic allocation:[0m
[0;32mI (292) heap_init: At 3FFAE6E0 len 00001920 (6 KiB): DRAM[0m
[0;32mI (298) heap_init: At 3FFB2A58 len 0002D5A8 (181 KiB): DRAM[0m
[0;32mI (304) heap_init: At 3FFE0440 len 00003AE0 (14 KiB): D/IRAM[0m
[0;32mI (310) heap_init: At 3FFE4350 len 0001BCB0 (111 KiB): D/IRAM[0m
[0;32mI (317) heap_init: At 4008D12C len 00012ED4 (75 KiB): IRAM[0m
[0;32mI (324) spi_flash: detected chip: generic[0m
[0;32mI (327) spi_flash: flash io: dio[0m
[0;33mW (331) spi_flash: Detected size(4096k) larger than the size in the binary image header(2048k). Using the size in the binary image header.[0m
[0;32mI (345) app_start: Starting scheduler on CPU0[0m
[0;32mI (350) app_start: Starting scheduler on CPU1[0m
[0;32mI (350) main_task: Started on CPU0[0m
[0;32mI (360) main_task: Calling app_main()[0m
going to sleep. woken up 1
ets Jun  8 2016 00:22:57

rst:0x5 (DEEPSLEEP_RESET),boot:0x13 (SPI_FAST_FLASH_BOOT)
configsip: 0, SPIWP:0xee
clk_drv:0x00,q_drv:0x00,d_drv:0x00,cs0_drv:0x00,hd_drv:0x00,wp_drv:0x00
mode:DIO, clock div:2
load:0x3fff0030,len:7132
ho 0 tail 12 room 4
load:0x40078000,len:15624
ho 0 tail 12 room 4
load:0x40080400,len:4
load:0x40080404,len:3876
entry 0x4008064c
[0;32mI (33) boot: ESP-IDF v5.1.4-52-g978d574e5e-dirty 2nd stage bootloader[0m
[0;32mI (33) boot: compile time Feb 24 2025 21:20:42[0m
[0;32mI (35) boot: Multicore bootloader[0m
[0;32mI (39) boot: chip revision: v1.0[0m
[0;32mI (43) boot.esp32: SPI Speed      : 40MHz[0m
[0;32mI (48) boot.esp32: SPI Mode       : DIO[0m
[0;32mI (52) boot.esp32: SPI Flash Size : 2MB[0m
[0;32mI (57) boot: Enabling RNG early entropy source...[0m
[0;32mI (62) boot: Partition Table:[0m
[0;32mI (66) boot: ## Label            Usage          Type ST Offset   Length[0m
[0;32mI (73) boot:  0 nvs              WiFi data        01 02 00009000 00006000[0m
[0;32mI (80) boot:  1 phy_init         RF data          01 01 0000f000 00001000[0m
[0;32mI (88) boot:  2 factory          factory app      00 00 00010000 00100000[0m
[0;32mI (95) boot: End of partition table[0m
[0;32mI (99) esp_image: segment 0: paddr=00010020 vaddr=3f400020 size=09bf0h ( 39920) map[0m
[0;32mI (122) esp_image: segment 1: paddr=00019c18 vaddr=3ff80063 size=00008h (     8) [0m
[0;32mI (123) esp_image: segment 2: paddr=00019c28 vaddr=3ffb0000 size=021c0h (  8640) load[0m
[0;32mI (131) esp_image: segment 3: paddr=0001bdf0 vaddr=40080000 size=04228h ( 16936) load[0m
[0;32mI (143) esp_image: segment 4: paddr=00020020 vaddr=400d0020 size=14094h ( 82068) map[0m
[0;32mI (174) esp_image: segment 5: paddr=000340bc vaddr=40084228 size=08f04h ( 36612) load[0m
[0;32mI (190) esp_image: segment 6: paddr=0003cfc8 vaddr=400c0000 size=00064h (   100) [0m
[0;32mI (190) esp_image: segment 7: paddr=0003d034 vaddr=50000000 size=00004h (     4) [0m
[0;32mI (202) boot: Loaded app from partition at offset 0x10000[0m
[0;32mI (202) boot: Disabling RNG early entropy source...[0m
[0;32mI (218) cpu_start: Multicore app[0m
[0;32mI (218) cpu_start: Pro cpu up.[0m
[0;32mI (218) cpu_start: Starting app cpu, entry point is 0x4008125c[0m
[0;32mI (0) cpu_start: App cpu up.[0m
[0;32mI (236) cpu_start: Pro cpu start user code[0m
[0;32mI (236) cpu_start: cpu freq: 160000000 Hz[0m
[0;32mI (236) cpu_start: Application information:[0m
[0;32mI (241) cpu_start: Project name:     vinfast[0m
[0;32mI (246) cpu_start: App version:      41d5ceb-dirty[0m
[0;32mI (251) cpu_start: Compile time:     Feb 25 2025 06:15:32[0m
[0;32mI (257) cpu_start: ELF file SHA256:  235b421d20802b4b...[0m
[0;32mI (263) cpu_start: ESP-IDF:          v5.1.4-52-g978d574e5e-dirty[0m
[0;32mI (270) cpu_start: Min chip rev:     v0.0[0m
[0;32mI (275) cpu_start: Max chip rev:     v3.99 [0m
[0;32mI (280) cpu_start: Chip rev:         v1.0[0m
[0;32mI (285) heap_init: Initializing. RAM available for dynamic allocation:[0m
[0;32mI (292) heap_init: At 3FFAE6E0 len 00001920 (6 KiB): DRAM[0m
[0;32mI (298) heap_init: At 3FFB2A58 len 0002D5A8 (181 KiB): DRAM[0m
[0;32mI (304) heap_init: At 3FFE0440 len 00003AE0 (14 KiB): D/IRAM[0m
[0;32mI (310) heap_init: At 3FFE4350 len 0001BCB0 (111 KiB): D/IRAM[0m
[0;32mI (317) heap_init: At 4008D12C len 00012ED4 (75 KiB): IRAM[0m
[0;32mI (324) spi_flash: detected chip: generic[0m
[0;32mI (327) spi_flash: flash io: dio[0m
[0;33mW (331) spi_flash: Detected size(4096k) larger than the size in the binary image header(2048k). Using the size in the binary image header.[0m
[0;32mI (345) app_start: Starting scheduler on CPU0[0m
[0;32mI (350) app_start: Starting scheduler on CPU1[0m
[0;32mI (350) main_task: Started on CPU0[0m
[0;32mI (360) main_task: Calling app_main()[0m
going to sleep. woken up 2
ets Jun  8 2016 00:22:57

rst:0x5 (DEEPSLEEP_RESET),boot:0x13 (SPI_FAST_FLASH_BOOT)
configsip: 0, SPIWP:0xee
clk_drv:0x00,q_drv:0x00,d_drv:0x00,cs0_drv:0x00,hd_drv:0x00,wp_drv:0x00
mode:DIO, clock div:2
load:0x3fff0030,len:7132
ho 0 tail 12 room 4
load:0x40078000,len:15624
ho 0 tail 12 room 4
load:0x40080400,len:4
load:0x40080404,len:3876
entry 0x4008064c
[0;32mI (33) boot: ESP-IDF v5.1.4-52-g978d574e5e-dirty 2nd stage bootloader[0m
[0;32mI (33) boot: compile time Feb 24 2025 21:20:42[0m
[0;32mI (35) boot: Multicore bootloader[0m
[0;32mI (39) boot: chip revision: v1.0[0m
[0;32mI (43) boot.esp32: SPI Speed      : 40MHz[0m
[0;32mI (48) boot.esp32: SPI Mode       : DIO[0m
[0;32mI (52) boot.esp32: SPI Flash Size : 2MB[0m
[0;32mI (57) boot: Enabling RNG early entropy source...[0m
[0;32mI (62) boot: Partition Table:[0m
[0;32mI (66) boot: ## Label            Usage          Type ST Offset   Length[0m
[0;32mI (73) boot:  0 nvs              WiFi data        01 02 00009000 00006000[0m
[0;32mI (80) boot:  1 phy_init         RF data          01 01 0000f000 00001000[0m
[0;32mI (88) boot:  2 factory          factory app      00 00 00010000 00100000[0m
[0;32mI (95) boot: End of partition table[0m
[0;32mI (99) esp_image: segment 0: paddr=00010020 vaddr=3f400020 size=09bf0h ( 39920) map[0m
[0;32mI (122) esp_image: segment 1: paddr=00019c18 vaddr=3ff80063 size=00008h (     8) [0m
[0;32mI (123) esp_image: segment 2: paddr=00019c28 vaddr=3ffb0000 size=021c0h (  8640) load[0m
[0;32mI (131) esp_image: segment 3: paddr=0001bdf0 vaddr=40080000 size=04228h ( 16936) load[0m
[0;32mI (143) esp_image: segment 4: paddr=00020020 vaddr=400d0020 size=14094h ( 82068) map[0m
[0;32mI (174) esp_image: segment 5: paddr=000340bc vaddr=40084228 size=08f04h ( 36612) load[0m
[0;32mI (190) esp_image: segment 6: paddr=0003cfc8 vaddr=400c0000 size=00064h (   100) [0m
[0;32mI (190) esp_image: segment 7: paddr=0003d034 vaddr=50000000 size=00004h (     4) [0m
[0;32mI (202) boot: Loaded app from partition at offset 0x10000[0m
[0;32mI (202) boot: Disabling RNG early entropy source...[0m
[0;32mI (218) cpu_start: Multicore app[0m
[0;32mI (218) cpu_start: Pro cpu up.[0m
[0;32mI (218) cpu_start: Starting app cpu, entry point is 0x4008125c[0m
[0;32mI (0) cpu_start: App cpu up.[0m
[0;32mI (236) cpu_start: Pro cpu start user code[0m
[0;32mI (236) cpu_start: cpu freq: 160000000 Hz[0m
[0;32mI (236) cpu_start: Application information:[0m
[0;32mI (241) cpu_start: Project name:     vinfast[0m
[0;32mI (246) cpu_start: App version:      41d5ceb-dirty[0m
[0;32mI (251) cpu_start: Compile time:     Feb 25 2025 06:15:32[0m
[0;32mI (257) cpu_start: ELF file SHA256:  235b421d20802b4b...[0m
[0;32mI (263) cpu_start: ESP-IDF:          v5.1.4-52-g978d574e5e-dirty[0m
[0;32mI (270) cpu_start: Min chip rev:     v0.0[0m
[0;32mI (275) cpu_start: Max chip rev:     v3.99 [0m
[0;32mI (280) cpu_start: Chip rev:         v1.0[0m
[0;32mI (285) heap_init: Initializing. RAM available for dynamic allocation:[0m
[0;32mI (292) heap_init: At 3FFAE6E0 len 00001920 (6 KiB): DRAM[0m
[0;32mI (298) heap_init: At 3FFB2A58 len 0002D5A8 (181 KiB): DRAM[0m
[0;32mI (304) heap_init: At 3FFE0440 len 00003AE0 (14 KiB): D/IRAM[0m
[0;32mI (310) heap_init: At 3FFE4350 len 0001BCB0 (111 KiB): D/IRAM[0m
[0;32mI (317) heap_init: At 4008D12C len 00012ED4 (75 KiB): IRAM[0m
[0;32mI (324) spi_flash: detected chip: generic[0m
[0;32mI (327) spi_flash: flash io: dio[0m
[0;33mW (331) spi_flash: Detected size(4096k) larger than the size in the binary image header(2048k). Using the size in the binary image header.[0m
[0;32mI (345) app_start: Starting scheduler on CPU0[0m
[0;32mI (350) app_start: Starting scheduler on CPU1[0m
[0;32mI (350) main_task: Started on CPU0[0m
[0;32mI (360) main_task: Calling app_main()[0m
going to sleep. woken up 3
ets Jun  8 2016 00:22:57

rst:0x5 (DEEPSLEEP_RESET),boot:0x13 (SPI_FAST_FLASH_BOOT)
configsip: 0, SPIWP:0xee
clk_drv:0x00,q_drv:0x00,d_drv:0x00,cs0_drv:0x00,hd_drv:0x00,wp_drv:0x00
mode:DIO, clock div:2
load:0x3fff0030,len:7132
ho 0 tail 12 room 4
load:0x40078000,len:15624
ho 0 tail 12 room 4
load:0x40080400,len:4
load:0x40080404,len:3876
entry 0x4008064c
[0;32mI (33) boot: ESP-IDF v5.1.4-52-g978d574e5e-dirty 2nd stage bootloader[0m
[0;32mI (33) boot: compile time Feb 24 2025 21:20:42[0m
[0;32mI (35) boot: Multicore bootloader[0m
[0;32mI (39) boot: chip revision: v1.0[0m
[0;32mI (43) boot.esp32: SPI Speed      : 40MHz[0m
[0;32mI (48) boot.esp32: SPI Mode       : DIO[0m
[0;32mI (52) boot.esp32: SPI Flash Size : 2MB[0m
[0;32mI (57) boot: Enabling RNG early entropy source...[0m
[0;32mI (62) boot: Partition Table:[0m
[0;32mI (66) boot: ## Label            Usage          Type ST Offset   Length[0m
[0;32mI (73) boot:  0 nvs              WiFi data        01 02 00009000 00006000[0m
[0;32mI (80) boot:  1 phy_init         RF data          01 01 0000f000 00001000[0m
[0;32mI (88) boot:  2 factory          factory app      00 00 00010000 00100000[0m
[0;32mI (95) boot: End of partition table[0m
[0;32mI (99) esp_image: segment 0: paddr=00010020 vaddr=3f400020 size=09bf0h ( 39920) map[0m
[0;32mI (122) esp_image: segment 1: paddr=00019c18 vaddr=3ff80063 size=00008h (     8) [0m
[0;32mI (123) esp_image: segment 2: paddr=00019c28 vaddr=3ffb0000 size=021c0h (  8640) load[0m
[0;32mI (131) esp_image: segment 3: paddr=0001bdf0 vaddr=40080000 size=04228h ( 16936) load[0m
[0;32mI (143) esp_image: segment 4: paddr=00020020 vaddr=400d0020 size=14094h ( 82068) map[0m
[0;32mI (174) esp_image: segment 5: paddr=000340bc vaddr=40084228 size=08f04h ( 36612) load[0m
[0;32mI (190) esp_image: segment 6: paddr=0003cfc8 vaddr=400c0000 size=00064h (   100) [0m
[0;32mI (190) esp_image: segment 7: paddr=0003d034 vaddr=50000000 size=00004h (     4) [0m
[0;32mI (202) boot: Loaded app from partition at offset 0x10000[0m
[0;32mI (202) boot: Disabling RNG early entropy source...[0m
[0;32mI (218) cpu_start: Multicore app[0m
[0;32mI (218) cpu_start: Pro cpu up.[0m
[0;32mI (218) cpu_start: Starting app cpu, entry point is 0x4008125c[0m
[0;32mI (0) cpu_start: App cpu up.[0m
[0;32mI (236) cpu_start: Pro cpu start user code[0m
[0;32mI (236) cpu_start: cpu freq: 160000000 Hz[0m
[0;32mI (236) cpu_start: Application information:[0m
[0;32mI (241) cpu_start: Project name:     vinfast[0m
[0;32mI (246) cpu_start: App version:      41d5ceb-dirty[0m
[0;32mI (251) cpu_start: Compile time:     Feb 25 2025 06:15:32[0m
[0;32mI (257) cpu_start: ELF file SHA256:  235b421d20802b4b...[0m
[0;32mI (263) cpu_start: ESP-IDF:          v5.1.4-52-g978d574e5e-dirty[0m
[0;32mI (270) cpu_start: Min chip rev:     v0.0[0m
[0;32mI (275) cpu_start: Max chip rev:     v3.99 [0m
[0;32mI (280) cpu_start: Chip rev:         v1.0[0m
[0;32mI (285) heap_init: Initializing. RAM available for dynamic allocation:[0m
[0;32mI (292) heap_init: At 3FFAE6E0 len 00001920 (6 KiB): DRAM[0m
[0;32mI (298) heap_init: At 3FFB2A58 len 0002D5A8 (181 KiB): DRAM[0m
[0;32mI (304) heap_init: At 3FFE0440 len 00003AE0 (14 KiB): D/IRAM[0m
[0;32mI (310) heap_init: At 3FFE4350 len 0001BCB0 (111 KiB): D/IRAM[0m
[0;32mI (317) heap_init: At 4008D12C len 00012ED4 (75 KiB): IRAM[0m
[0;32mI (324) spi_flash: detected chip: generic[0m
[0;32mI (327) spi_flash: flash io: dio[0m
[0;33mW (331) spi_flash: Detected size(4096k) larger than the size in the binary image header(2048k). Using the size in the binary image header.[0m
[0;32mI (345) app_start: Starting scheduler on CPU0[0m
[0;32mI (350) app_start: Starting scheduler on CPU1[0m
[0;32mI (350) main_task: Started on CPU0[0m
[0;32mI (360) main_task: Calling app_main()[0m
going to sleep. woken up 4
ets Jun  8 2016 00:22:57

rst:0x5 (DEEPSLEEP_RESET),boot:0x13 (SPI_FAST_FLASH_BOOT)
configsip: 0, SPIWP:0xee
clk_drv:0x00,q_drv:0x00,d_drv:0x00,cs0_drv:0x00,hd_drv:0x00,wp_drv:0x00
mode:DIO, clock div:2
load:0x3fff0030,len:7132
ho 0 tail 12 room 4
load:0x40078000,len:15624
ho 0 tail 12 room 4
load:0x40080400,len:4
load:0x40080404,len:3876
entry 0x4008064c
[0;32mI (33) boot: ESP-IDF v5.1.4-52-g978d574e5e-dirty 2nd stage bootloader[0m
[0;32mI (33) boot: compile time Feb 24 2025 21:20:42[0m
[0;32mI (35) boot: Multicore bootloader[0m
[0;32mI (39) boot: chip revision: v1.0[0m
[0;32mI (43) boot.esp32: SPI Speed      : 40MHz[0m
[0;32mI (48) boot.esp32: SPI Mode       : DIO[0m
[0;32mI (52) boot.esp32: SPI Flash Size : 2MB[0m
[0;32mI (57) boot: Enabling RNG early entropy source...[0m
[0;32mI (62) boot: Partition Table:[0m
[0;32mI (66) boot: ## Label            Usage          Type ST Offset   Length[0m
[0;32mI (73) boot:  0 nvs              WiFi data        01 02 00009000 00006000[0m
[0;32mI (80) boot:  1 phy_init         RF data          01 01 0000f000 00001000[0m
[0;32mI (88) boot:  2 factory          factory app      00 00 00010000 00100000[0m
[0;32mI (95) boot: End of partition table[0m
[0;32mI (99) esp_image: segment 0: paddr=00010020 vaddr=3f400020 size=09bf0h ( 39920) map[0m
[0;32mI (122) esp_image: segment 1: paddr=00019c18 vaddr=3ff80063 size=00008h (     8) [0m
[0;32mI (123) esp_image: segment 2: paddr=00019c28 vaddr=3ffb0000 size=021c0h (  8640) load[0m
[0;32mI (131) esp_image: segment 3: paddr=0001bdf0 vaddr=40080000 size=04228h ( 16936) load[0m
[0;32mI (143) esp_image: segment 4: paddr=00020020 vaddr=400d0020 size=14094h ( 82068) map[0m
[0;32mI (174) esp_image: segment 5: paddr=000340bc vaddr=40084228 size=08f04h ( 36612) load[0m
[0;32mI (190) esp_image: segment 6: paddr=0003cfc8 vaddr=400c0000 size=00064h (   100) [0m
[0;32mI (190) esp_image: segment 7: paddr=0003d034 vaddr=50000000 size=00004h (     4) [0m
[0;32mI (202) boot: Loaded app from partition at offset 0x10000[0m
[0;32mI (202) boot: Disabling RNG early entropy source...[0m
[0;32mI (218) cpu_start: Multicore app[0m
[0;32mI (218) cpu_start: Pro cpu up.[0m
[0;32mI (218) cpu_start: Starting app cpu, entry point is 0x4008125c[0m
[0;32mI (0) cpu_start: App cpu up.[0m
[0;32mI (236) cpu_start: Pro cpu start user code[0m
[0;32mI (236) cpu_start: cpu freq: 160000000 Hz[0m
[0;32mI (236) cpu_start: Application information:[0m
[0;32mI (241) cpu_start: Project name:     vinfast[0m
[0;32mI (246) cpu_start: App version:      41d5ceb-dirty[0m
[0;32mI (251) cpu_start: Compile time:     Feb 25 2025 06:15:32[0m
[0;32mI (257) cpu_start: ELF file SHA256:  235b421d20802b4b...[0m
[0;32mI (263) cpu_start: ESP-IDF:          v5.1.4-52-g978d574e5e-dirty[0m
[0;32mI (270) cpu_start: Min chip rev:     v0.0[0m
[0;32mI (275) cpu_start: Max chip rev:     v3.99 [0m
[0;32mI (280) cpu_start: Chip rev:         v1.0[0m
[0;32mI (285) heap_init: Initializing. RAM available for dynamic allocation:[0m
[0;32mI (292) heap_init: At 3FFAE6E0 len 00001920 (6 KiB): DRAM[0m
[0;32mI (298) heap_init: At 3FFB2A58 len 0002D5A8 (181 KiB): DRAM[0m
[0;32mI (304) heap_init: At 3FFE0440 len 00003AE0 (14 KiB): D/IRAM[0m
[0;32mI (310) heap_init: At 3FFE4350 len 0001BCB0 (111 KiB): D/IRAM[0m
[0;32mI (317) heap_init: At 4008D12C len 00012ED4 (75 KiB): IRAM[0m
[0;32mI (324) spi_flash: detected chip: generic[0m
[0;32mI (327) spi_flash: flash io: dio[0m
[0;33mW (331) spi_flash: Detected size(4096k) larger than the size in the binary image header(2048k). Using the size in the binary image header.[0m
[0;32mI (345) app_start: Starting scheduler on CPU0[0m
[0;32mI (350) app_start: Starting scheduler on CPU1[0m
[0;32mI (350) main_task: Started on CPU0[0m
[0;32mI (360) main_task: Calling app_main()[0m
going to sleep. woken up 5
ets Jun  8 2016 00:22:57

rst:0x5 (DEEPSLEEP_RESET),boot:0x13 (SPI_FAST_FLASH_BOOT)
configsip: 0, SPIWP:0xee
clk_drv:0x00,q_drv:0x00,d_drv:0x00,cs0_drv:0x00,hd_drv:0x00,wp_drv:0x00
mode:DIO, clock div:2
load:0x3fff0030,len:7132
ho 0 tail 12 room 4
load:0x40078000,len:15624
ho 0 tail 12 room 4
load:0x40080400,len:4
load:0x40080404,len:3876
entry 0x4008064c
[0;32mI (33) boot: ESP-IDF v5.1.4-52-g978d574e5e-dirty 2nd stage bootloader[0m
[0;32mI (33) boot: compile time Feb 24 2025 21:20:42[0m
[0;32mI (35) boot: Multicore bootloader[0m
[0;32mI (39) boot: chip revision: v1.0[0m
[0;32mI (43) boot.esp32: SPI Speed      : 40MHz[0m
[0;32mI (48) boot.esp32: SPI Mode       : DIO[0m
[0;32mI (52) boot.esp32: SPI Flash Size : 2MB[0m
[0;32mI (57) boot: Enabling RNG early entropy source...[0m
[0;32mI (62) boot: Partition Table:[0m
[0;32mI (66) boot: ## Label            Usage          Type ST Offset   Length[0m
[0;32mI (73) boot:  0 nvs              WiFi data        01 02 00009000 00006000[0m
[0;32mI (80) boot:  1 phy_init         RF data          01 01 0000f000 00001000[0m
[0;32mI (88) boot:  2 factory          factory app      00 00 00010000 00100000[0m
[0;32mI (95) boot: End of partition table[0m
[0;32mI (99) esp_image: segment 0: paddr=00010020 vaddr=3f400020 size=09bf0h ( 39920) map[0m
[0;32mI (122) esp_image: segment 1: paddr=00019c18 vaddr=3ff80063 size=00008h (     8) [0m
[0;32mI (123) esp_image: segment 2: paddr=00019c28 vaddr=3ffb0000 size=021c0h (  8640) load[0m
[0;32mI (131) esp_image: segment 3: paddr=0001bdf0 vaddr=40080000 size=04228h ( 16936) load[0m
[0;32mI (143) esp_image: segment 4: paddr=00020020 vaddr=400d0020 size=14094h ( 82068) map[0m
[0;32mI (174) esp_image: segment 5: paddr=000340bc vaddr=40084228 size=08f04h ( 36612) load[0m
[0;32mI (190) esp_image: segment 6: paddr=0003cfc8 vaddr=400c0000 size=00064h (   100) [0m
[0;32mI (190) esp_image: segment 7: paddr=0003d034 vaddr=50000000 size=00004h (     4) [0m
[0;32mI (202) boot: Loaded app from partition at offset 0x10000[0m
[0;32mI (202) boot: Disabling RNG early entropy source...[0m
[0;32mI (218) cpu_start: Multicore app[0m
[0;32mI (218) cpu_start: Pro cpu up.[0m
[0;32mI (218) cpu_start: Starting app cpu, entry point is 0x4008125c[0m
[0;32mI (0) cpu_start: App cpu up.[0m
[0;32mI (236) cpu_start: Pro cpu start user code[0m
[0;32mI (236) cpu_start: cpu freq: 160000000 Hz[0m
[0;32mI (236) cpu_start: Application information:[0m
[0;32mI (241) cpu_start: Project name:     vinfast[0m
[0;32mI (246) cpu_start: App version:      41d5ceb-dirty[0m
[0;32mI (251) cpu_start: Compile time:     Feb 25 2025 06:15:32[0m
[0;32mI (257) cpu_start: ELF file SHA256:  235b421d20802b4b...[0m
[0;32mI (263) cpu_start: ESP-IDF:          v5.1.4-52-g978d574e5e-dirty[0m
[0;32mI (270) cpu_start: Min chip rev:     v0.0[0m
[0;32mI (275) cpu_start: Max chip rev:     v3.99 [0m
[0;32mI (280) cpu_start: Chip rev:         v1.0[0m
[0;32mI (285) heap_init: Initializing. RAM available for dynamic allocation:[0m
[0;32mI (292) heap_init: At 3FFAE6E0 len 00001920 (6 KiB): DRAM[0m
[0;32mI (298) heap_init: At 3FFB2A58 len 0002D5A8 (181 KiB): DRAM[0m
[0;32mI (304) heap_init: At 3FFE0440 len 00003AE0 (14 KiB): D/IRAM[0m
[0;32mI (310) heap_init: At 3FFE4350 len 0001BCB0 (111 KiB): D/IRAM[0m
[0;32mI (317) heap_init: At 4008D12C len 00012ED4 (75 KiB): IRAM[0m
[0;32mI (324) spi_flash: detected chip: generic[0m
[0;32mI (327) spi_flash: flash io: dio[0m
[0;33mW (331) spi_flash: Detected size(4096k) larger than the size in the binary image header(2048k). Using the size in the binary image header.[0m
[0;32mI (345) app_start: Starting scheduler on CPU0[0m
[0;32mI (350) app_start: Starting scheduler on CPU1[0m
[0;32mI (350) main_task: Started on CPU0[0m
[0;32mI (360) main_task: Calling app_main()[0m
going to sleep. woken up 6
ets Jun  8 2016 00:22:57

rst:0x5 (DEEPSLEEP_RESET),boot:0x13 (SPI_FAST_FLASH_BOOT)
configsip: 0, SPIWP:0xee
clk_drv:0x00,q_drv:0x00,d_drv:0x00,cs0_drv:0x00,hd_drv:0x00,wp_drv:0x00
mode:DIO, clock div:2
load:0x3fff0030,len:7132
ho 0 tail 12 room 4
load:0x40078000,len:15624
ho 0 tail 12 room 4
load:0x40080400,len:4
load:0x40080404,len:3876
entry 0x4008064c
[0;32mI (33) boot: ESP-IDF v5.1.4-52-g978d574e5e-dirty 2nd stage bootloader[0m
[0;32mI (33) boot: compile time Feb 24 2025 21:20:42[0m
[0;32mI (35) boot: Multicore bootloader[0m
[0;32mI (39) boot: chip revision: v1.0[0m
[0;32mI (43) boot.esp32: SPI Speed      : 40MHz[0m
[0;32mI (48) boot.esp32: SPI Mode       : DIO[0m
[0;32mI (52) boot.esp32: SPI Flash Size : 2MB[0m
[0;32mI (57) boot: Enabling RNG early entropy source...[0m
[0;32mI (62) boot: Partition Table:[0m
[0;32mI (66) boot: ## Label            Usage          Type ST Offset   Length[0m
[0;32mI (73) boot:  0 nvs              WiFi data        01 02 00009000 00006000[0m
[0;32mI (80) boot:  1 phy_init         RF data          01 01 0000f000 00001000[0m
[0;32mI (88) boot:  2 factory          factory app      00 00 00010000 00100000[0m
[0;32mI (95) boot: End of partition table[0m
[0;32mI (99) esp_image: segment 0: paddr=00010020 vaddr=3f400020 size=09bf0h ( 39920) map[0m
[0;32mI (122) esp_image: segment 1: paddr=00019c18 vaddr=3ff80063 size=00008h (     8) [0m
[0;32mI (123) esp_image: segment 2: paddr=00019c28 vaddr=3ffb0000 size=021c0h (  8640) load[0m
[0;32mI (131) esp_image: segment 3: paddr=0001bdf0 vaddr=40080000 size=04228h ( 16936) load[0m
[0;32mI (143) esp_image: segment 4: paddr=00020020 vaddr=400d0020 size=14094h ( 82068) map[0m
[0;32mI (174) esp_image: segment 5: paddr=000340bc vaddr=40084228 size=08f04h ( 36612) load[0m
[0;32mI (190) esp_image: segment 6: paddr=0003cfc8 vaddr=400c0000 size=00064h (   100) [0m
[0;32mI (190) esp_image: segment 7: paddr=0003d034 vaddr=50000000 size=00004h (     4) [0m
[0;32mI (202) boot: Loaded app from partition at offset 0x10000[0m
[0;32mI (202) boot: Disabling RNG early entropy source...[0m
[0;32mI (218) cpu_start: Multicore app[0m
[0;32mI (218) cpu_start: Pro cpu up.[0m
[0;32mI (218) cpu_start: Starting app cpu, entry point is 0x4008125c[0m
[0;32mI (0) cpu_start: App cpu up.[0m
[0;32mI (236) cpu_start: Pro cpu start user code[0m
[0;32mI (236) cpu_start: cpu freq: 160000000 Hz[0m
[0;32mI (236) cpu_start: Application information:[0m
[0;32mI (241) cpu_start: Project name:     vinfast[0m
[0;32mI (246) cpu_start: App version:      41d5ceb-dirty[0m
[0;32mI (251) cpu_start: Compile time:     Feb 25 2025 06:15:32[0m
[0;32mI (257) cpu_start: ELF file SHA256:  235b421d20802b4b...[0m
[0;32mI (263) cpu_start: ESP-IDF:          v5.1.4-52-g978d574e5e-dirty[0m
[0;32mI (270) cpu_start: Min chip rev:     v0.0[0m
[0;32mI (275) cpu_start: Max chip rev:     v3.99 [0m
[0;32mI (280) cpu_start: Chip rev:         v1.0[0m
[0;32mI (285) heap_init: Initializing. RAM available for dynamic allocation:[0m
[0;32mI (292) heap_init: At 3FFAE6E0 len 00001920 (6 KiB): DRAM[0m
[0;32mI (298) heap_init: At 3FFB2A58 len 0002D5A8 (181 KiB): DRAM[0m
[0;32mI (304) heap_init: At 3FFE0440 len 00003AE0 (14 KiB): D/IRAM[0m
[0;32mI (310) heap_init: At 3FFE4350 len 0001BCB0 (111 KiB): D/IRAM[0m
[0;32mI (317) heap_init: At 4008D12C len 00012ED4 (75 KiB): IRAM[0m
[0;32mI (324) spi_flash: detected chip: generic[0m
[0;32mI (327) spi_flash: flash io: dio[0m
[0;33mW (331) spi_flash: Detected size(4096k) larger than the size in the binary image header(2048k). Using the size in the binary image header.[0m
[0;32mI (345) app_start: Starting scheduler on CPU0[0m
[0;32mI (350) app_start: Starting scheduler on CPU1[0m
[0;32mI (350) main_task: Started on CPU0[0m
[0;32mI (360) main_task: Calling app_main()[0m
going to sleep. woken up 7
ets Jun  8 2016 00:22:57

rst:0x5 (DEEPSLEEP_RESET),boot:0x13 (SPI_FAST_FLASH_BOOT)
configsip: 0, SPIWP:0xee
clk_drv:0x00,q_drv:0x00,d_drv:0x00,cs0_drv:0x00,hd_drv:0x00,wp_drv:0x00
mode:DIO, clock div:2
load:0x3fff0030,len:7132
ho 0 tail 12 room 4
load:0x40078000,len:15624
ho 0 tail 12 room 4
load:0x40080400,len:4
load:0x40080404,len:3876
entry 0x4008064c
[0;32mI (33) boot: ESP-IDF v5.1.4-52-g978d574e5e-dirty 2nd stage bootloader[0m
[0;32mI (33) boot: compile time Feb 24 2025 21:20:42[0m
[0;32mI (35) boot: Multicore bootloader[0m
[0;32mI (39) boot: chip revision: v1.0[0m
[0;32mI (43) boot.esp32: SPI Speed      : 40MHz[0m
[0;32mI (48) boot.esp32: SPI Mode       : DIO[0m
[0;32mI (52) boot.esp32: SPI Flash Size : 2MB[0m
[0;32mI (57) boot: Enabling RNG early entropy source...[0m
[0;32mI (62) boot: Partition Table:[0m
[0;32mI (66) boot: ## Label            Usage          Type ST Offset   Length[0m
[0;32mI (73) boot:  0 nvs              WiFi data        01 02 00009000 00006000[0m
[0;32mI (80) boot:  1 phy_init         RF data          01 01 0000f000 00001000[0m
[0;32mI (88) boot:  2 factory          factory app      00 00 00010000 00100000[0m
[0;32mI (95) boot: End of partition table[0m
[0;32mI (99) esp_image: segment 0: paddr=00010020 vaddr=3f400020 size=09bf0h ( 39920) map[0m
[0;32mI (122) esp_image: segment 1: paddr=00019c18 vaddr=3ff80063 size=00008h (     8) [0m
[0;32mI (123) esp_image: segment 2: paddr=00019c28 vaddr=3ffb0000 size=021c0h (  8640) load[0m
[0;32mI (131) esp_image: segment 3: paddr=0001bdf0 vaddr=40080000 size=04228h ( 16936) load[0m
[0;32mI (143) esp_image: segment 4: paddr=00020020 vaddr=400d0020 size=14094h ( 82068) map[0m
[0;32mI (174) esp_image: segment 5: paddr=000340bc vaddr=40084228 size=08f04h ( 36612) load[0m
[0;32mI (190) esp_image: segment 6: paddr=0003cfc8 vaddr=400c0000 size=00064h (   100) [0m
[0;32mI (190) esp_image: segment 7: paddr=0003d034 vaddr=50000000 size=00004h (     4) [0m
[0;32mI (202) boot: Loaded app from partition at offset 0x10000[0m
[0;32mI (202) boot: Disabling RNG early entropy source...[0m
[0;32mI (218) cpu_start: Multicore app[0m
[0;32mI (218) cpu_start: Pro cpu up.[0m
[0;32mI (218) cpu_start: Starting app cpu, entry point is 0x4008125c[0m
[0;32mI (0) cpu_start: App cpu up.[0m
[0;32mI (236) cpu_start: Pro cpu start user code[0m
[0;32mI (236) cpu_start: cpu freq: 160000000 Hz[0m
[0;32mI (236) cpu_start: Application information:[0m
[0;32mI (241) cpu_start: Project name:     vinfast[0m
[0;32mI (246) cpu_start: App version:      41d5ceb-dirty[0m
[0;32mI (251) cpu_start: Compile time:     Feb 25 2025 06:15:32[0m
[0;32mI (257) cpu_start: ELF file SHA256:  235b421d20802b4b...[0m
[0;32mI (263) cpu_start: ESP-IDF:          v5.1.4-52-g978d574e5e-dirty[0m
[0;32mI (270) cpu_start: Min chip rev:     v0.0[0m
[0;32mI (275) cpu_start: Max chip rev:     v3.99 [0m
[0;32mI (280) cpu_start: Chip rev:         v1.0[0m
[0;32mI (285) heap_init: Initializing. RAM available for dynamic allocation:[0m
[0;32mI (292) heap_init: At 3FFAE6E0 len 00001920 (6 KiB): DRAM[0m
[0;32mI (298) heap_init: At 3FFB2A58 len 0002D5A8 (181 KiB): DRAM[0m
[0;32mI (304) heap_init: At 3FFE0440 len 00003AE0 (14 KiB): D/IRAM[0m
[0;32mI (310) heap_init: At 3FFE4350 len 0001BCB0 (111 KiB): D/IRAM[0m
[0;32mI (317) heap_init: At 4008D12C len 00012ED4 (75 KiB): IRAM[0m
[0;32mI (324) spi_flash: detected chip: generic[0m
[0;32mI (327) spi_flash: flash io: dio[0m
[0;33mW (331) spi_flash: Detected size(4096k) larger than the size in the binary image header(2048k). Using the size in the binary image header.[0m
[0;32mI (345) app_start: Starting scheduler on CPU0[0m
[0;32mI (350) app_start: Starting scheduler on CPU1[0m
[0;32mI (350) main_task: Started on CPU0[0m
[0;32mI (360) main_task: Calling app_main()[0m
going to sleep. woken up 8
ets Jun  8 2016 00:22:57

rst:0x5 (DEEPSLEEP_RESET),boot:0x13 (SPI_FAST_FLASH_BOOT)
configsip: 0, SPIWP:0xee
clk_drv:0x00,q_drv:0x00,d_drv:0x00,cs0_drv:0x00,hd_drv:0x00,wp_drv:0x00
mode:DIO, clock div:2
load:0x3fff0030,len:7132
ho 0 tail 12 room 4
load:0x40078000,len:15624
ho 0 tail 12 room 4
load:0x40080400,len:4
load:0x40080404,len:3876
entry 0x4008064c
[0;32mI (33) boot: ESP-IDF v5.1.4-52-g978d574e5e-dirty 2nd stage bootloader[0m
[0;32mI (33) boot: compile time Feb 24 2025 21:20:42[0m
[0;32mI (35) boot: Multicore bootloader[0m
[0;32mI (39) boot: chip revision: v1.0[0m
[0;32mI (43) boot.esp32: SPI Speed      : 40MHz[0m
[0;32mI (48) boot.esp32: SPI Mode       : DIO[0m
[0;32mI (52) boot.esp32: SPI Flash Size : 2MB[0m
[0;32mI (57) boot: Enabling RNG early entropy source...[0m
[0;32mI (62) boot: Partition Table:[0m
[0;32mI (66) boot: ## Label            Usage          Type ST Offset   Length[0m
[0;32mI (73) boot:  0 nvs              WiFi data        01 02 00009000 00006000[0m
[0;32mI (80) boot:  1 phy_init         RF data          01 01 0000f000 00001000[0m
[0;32mI (88) boot:  2 factory          factory app      00 00 00010000 00100000[0m
[0;32mI (95) boot: End of partition table[0m
[0;32mI (99) esp_image: segment 0: paddr=00010020 vaddr=3f400020 size=09bf0h ( 39920) map[0m
[0;32mI (122) esp_image: segment 1: paddr=00019c18 vaddr=3ff80063 size=00008h (     8) [0m
[0;32mI (123) esp_image: segment 2: paddr=00019c28 vaddr=3ffb0000 size=021c0h (  8640) load[0m
[0;32mI (131) esp_image: segment 3: paddr=0001bdf0 vaddr=40080000 size=04228h ( 16936) load[0m
[0;32mI (143) esp_image: segment 4: paddr=00020020 vaddr=400d0020 size=14094h ( 82068) map[0m
[0;32mI (174) esp_image: segment 5: paddr=000340bc vaddr=40084228 size=08f04h ( 36612) load[0m
[0;32mI (190) esp_image: segment 6: paddr=0003cfc8 vaddr=400c0000 size=00064h (   100) [0m
[0;32mI (190) esp_image: segment 7: paddr=0003d034 vaddr=50000000 size=00004h (     4) [0m
[0;32mI (202) boot: Loaded app from partition at offset 0x10000[0m
[0;32mI (202) boot: Disabling RNG early entropy source...[0m
[0;32mI (218) cpu_start: Multicore app[0m
[0;32mI (218) cpu_start: Pro cpu up.[0m
[0;32mI (218) cpu_start: Starting app cpu, entry point is 0x4008125c[0m
[0;32mI (0) cpu_start: App cpu up.[0m
[0;32mI (236) cpu_start: Pro cpu start user code[0m
[0;32mI (236) cpu_start: cpu freq: 160000000 Hz[0m
[0;32mI (236) cpu_start: Application information:[0m
[0;32mI (241) cpu_start: Project name:     vinfast[0m
[0;32mI (246) cpu_start: App version:      41d5ceb-dirty[0m
[0;32mI (251) cpu_start: Compile time:     Feb 25 2025 06:15:32[0m
[0;32mI (257) cpu_start: ELF file SHA256:  235b421d20802b4b...[0m
[0;32mI (263) cpu_start: ESP-IDF:          v5.1.4-52-g978d574e5e-dirty[0m
[0;32mI (270) cpu_start: Min chip rev:     v0.0[0m
[0;32mI (275) cpu_start: Max chip rev:     v3.99 [0m
[0;32mI (280) cpu_start: Chip rev:         v1.0[0m
[0;32mI (285) heap_init: Initializing. RAM available for dynamic allocation:[0m
[0;32mI (292) heap_init: At 3FFAE6E0 len 00001920 (6 KiB): DRAM[0m
[0;32mI (298) heap_init: At 3FFB2A58 len 0002D5A8 (181 KiB): DRAM[0m
[0;32mI (304) heap_init: At 3FFE0440 len 00003AE0 (14 KiB): D/IRAM[0m
[0;32mI (310) heap_init: At 3FFE4350 len 0001BCB0 (111 KiB): D/IRAM[0m
[0;32mI (317) heap_init: At 4008D12C len 00012ED4 (75 KiB): IRAM[0m
[0;32mI (324) spi_flash: detected chip: generic[0m
[0;32mI (327) spi_flash: flash io: dio[0m
[0;33mW (331) spi_flash: Detected size(4096k) larger than the size in the binary image header(2048k). Using the size in the binary image header.[0m
[0;32mI (345) app_start: Starting scheduler on CPU0[0m
[0;32mI (350) app_start: Starting scheduler on CPU1[0m
[0;32mI (350) main_task: Started on CPU0[0m
[0;32mI (360) main_task: Calling app_main()[0m
going to sleep. woken up 9
