ets Jun  8 2016 00:22:57

rst:0x1 (POWERON_RESET),boot:0x13 (SPI_FAST_FLASH_BOOT)
configsip: 0, SPIWP:0xee
clk_drv:0x00,q_drv:0x00,d_drv:0x00,cs0_drv:0x00,hd_drv:0x00,wp_drv:0x00
mode:DIO, clock div:2
load:0x3fff0030,len:7132
ho 0 tail 12 room 4
load:0x40078000,len:15624
ho 0 tail 12 room 4
load:0x40080400,len:4
load:0x40080404,len:3876
entry 0x4008064c
[0;32mI (32) boot: ESP-IDF v5.1.4-52-g978d574e5e-dirty 2nd stage bootloader[0m
[0;32mI (32) boot: compile time Feb 23 2025 00:00:49[0m
[0;32mI (34) boot: Multicore bootloader[0m
[0;32mI (38) boot: chip revision: v1.0[0m
[0;32mI (42) boot.esp32: SPI Speed      : 40MHz[0m
[0;32mI (47) boot.esp32: SPI Mode       : DIO[0m
[0;32mI (51) boot.esp32: SPI Flash Size : 2MB[0m
[0;32mI (56) boot: Enabling RNG early entropy source...[0m
[0;32mI (61) boot: Partition Table:[0m
[0;32mI (65) boot: ## Label            Usage          Type ST Offset   Length[0m
[0;32mI (72) boot:  0 nvs              WiFi data        01 02 00009000 00006000[0m
[0;32mI (80) boot:  1 phy_init         RF data          01 01 0000f000 00001000[0m
[0;32mI (87) boot:  2 factory          factory app      00 00 00010000 00100000[0m
[0;32mI (95) boot: End of partition table[0m
[0;32mI (99) esp_image: segment 0: paddr=00010020 vaddr=3f400020 size=1f478h (128120) map[0m
[0;32mI (153) esp_image: segment 1: paddr=0002f4a0 vaddr=3ffb0000 size=00b78h (  2936) load[0m
[0;32mI (155) esp_image: segment 2: paddr=00030020 vaddr=400d0020 size=80254h (524884) map[0m
[0;32mI (349) esp_image: segment 3: paddr=000b027c vaddr=3ffb0b78 size=02f4ch ( 12108) load[0m
[0;32mI (354) esp_image: segment 4: paddr=000b31d0 vaddr=40080000 size=15890h ( 88208) load[0m
[0;32mI (402) boot: Loaded app from partition at offset 0x10000[0m
[0;32mI (402) boot: Disabling RNG early entropy source...[0m
[0;32mI (414) cpu_start: Multicore app[0m
[0;32mI (414) cpu_start: Pro cpu up.[0m
[0;32mI (414) cpu_start: Starting app cpu, entry point is 0x400812c4[0m
[0;32mI (0) cpu_start: App cpu up.[0m
[0;32mI (432) cpu_start: Pro cpu start user code[0m
[0;32mI (432) cpu_start: cpu freq: 160000000 Hz[0m
[0;32mI (432) cpu_start: Application information:[0m
[0;32mI (437) cpu_start: Project name:     vinfast[0m
[0;32mI (442) cpu_start: App version:      1[0m
[0;32mI (446) cpu_start: Compile time:     Feb 23 2025 00:00:39[0m
[0;32mI (452) cpu_start: ELF file SHA256:  35dd258b3d3aee9d...[0m
[0;32mI (458) cpu_start: ESP-IDF:          v5.1.4-52-g978d574e5e-dirty[0m
[0;32mI (465) cpu_start: Min chip rev:     v0.0[0m
[0;32mI (469) cpu_start: Max chip rev:     v3.99 [0m
[0;32mI (474) cpu_start: Chip rev:         v1.0[0m
[0;32mI (479) heap_init: Initializing. RAM available for dynamic allocation:[0m
[0;32mI (486) heap_init: At 3FFAE6E0 len 00001920 (6 KiB): DRAM[0m
[0;32mI (492) heap_init: At 3FFB7B50 len 000284B0 (161 KiB): DRAM[0m
[0;32mI (499) heap_init: At 3FFE0440 len 00003AE0 (14 KiB): D/IRAM[0m
[0;32mI (505) heap_init: At 3FFE4350 len 0001BCB0 (111 KiB): D/IRAM[0m
[0;32mI (511) heap_init: At 40095890 len 0000A770 (41 KiB): IRAM[0m
[0;32mI (519) spi_flash: detected chip: generic[0m
[0;32mI (522) spi_flash: flash io: dio[0m
[0;33mW (526) spi_flash: Detected size(4096k) larger than the size in the binary image header(2048k). Using the size in the binary image header.[0m
[0;32mI (540) app_start: Starting scheduler on CPU0[0m
[0;32mI (544) app_start: Starting scheduler on CPU1[0m
[0;32mI (544) main_task: Started on CPU0[0m
[0;32mI (554) main_task: Calling app_main()[0m
[0;33mW (554) wifi:wifi osi_nvs_open fail ret=4353[0m

[0;33mW (554) wifi_init: Failed to unregister Rx callbacks[0m
[0;31mE (564) wifi_init: Failed to deinit Wi-Fi driver (0x3001)[0m
[0;31mE (564) wifi_init: Failed to deinit Wi-Fi (0x3001)[0m
ESP_ERROR_CHECK failed: esp_err_t 0x1101 (ESP_ERR_NVS_NOT_INITIALIZED) at 0x400d5f81
file: "../components/app_wifi/app_wifi.c" line 29
func: init_wifi
expression: esp_wifi_init(&cfg)

abort() was called at PC 0x400889f7 on core 0


Backtrace: 0x4008192a:0x3ffb9b70 0x40088a01:0x3ffb9b90 0x4008fb76:0x3ffb9bb0 0x400889f7:0x3ffb9c20 0x400d5f81:0x3ffb9c50 0x400d5e6b:0x3ffb9e30 0x4014e0df:0x3ffb9e50 0x4008b45d:0x3ffb9e80




ELF file SHA256: 35dd258b3d3aee9d

Rebooting...
ets Jun  8 2016 00:22:57

rst:0xc (SW_CPU_RESET),boot:0x13 (SPI_FAST_FLASH_BOOT)
configsip: 0, SPIWP:0xee
clk_drv:0x00,q_drv:0x00,d_drv:0x00,cs0_drv:0x00,hd_drv:0x00,wp_drv:0x00
mode:DIO, clock div:2
load:0x3fff0030,len:7132
ho 0 tail 12 room 4
load:0x40078000,len:15624
ho 0 tail 12 room 4
load:0x40080400,len:4
load:0x40080404,len:3876
entry 0x4008064c
[0;32mI (32) boot: ESP-IDF v5.1.4-52-g978d574e5e-dirty 2nd stage bootloader[0m
[0;32mI (32) boot: compile time Feb 23 2025 00:00:49[0m
[0;32mI (35) boot: Multicore bootloader[0m
[0;32mI (39) boot: chip revision: v1.0[0m
[0;32mI (43) boot.esp32: SPI Speed      : 40MHz[0m
[0;32mI (47) boot.esp32: SPI Mode       : DIO[0m
[0;32mI (52) boot.esp32: SPI Flash Size : 2MB[0m
[0;32mI (56) boot: Enabling RNG early entropy source...[0m
[0;32mI (62) boot: Partition Table:[0m
[0;32mI (65) boot: ## Label            Usage          Type ST Offset   Length[0m
[0;32mI (73) boot:  0 nvs              WiFi data        01 02 00009000 00006000[0m
[0;32mI (80) boot:  1 phy_init         RF data          01 01 0000f000 00001000[0m
[0;32mI (88) boot:  2 factory          factory app      00 00 00010000 00100000[0m
[0;32mI (95) boot: End of partition table[0m
[0;32mI (99) esp_image: segment 0: paddr=00010020 vaddr=3f400020 size=1f478h (128120) map[0m
[0;32mI (154) esp_image: segment 1: paddr=0002f4a0 vaddr=3ffb0000 size=00b78h (  2936) load[0m
[0;32mI (155) esp_image: segment 2: paddr=00030020 vaddr=400d0020 size=80254h (524884) map[0m
[0;32mI (349) esp_image: segment 3: paddr=000b027c vaddr=3ffb0b78 size=02f4ch ( 12108) load[0m
[0;32mI (354) esp_image: segment 4: paddr=000b31d0 vaddr=40080000 size=15890h ( 88208) load[0m
[0;32mI (403) boot: Loaded app from partition at offset 0x10000[0m
[0;32mI (403) boot: Disabling RNG early entropy source...[0m
[0;32mI (414) cpu_start: Multicore app[0m
[0;32mI (414) cpu_start: Pro cpu up.[0m
[0;32mI (415) cpu_start: Starting app cpu, entry point is 0x400812c4[0m
[0;32mI (401) cpu_start: App cpu up.[0m
[0;32mI (433) cpu_start: Pro cpu start user code[0m
[0;32mI (433) cpu_start: cpu freq: 160000000 Hz[0m
[0;32mI (433) cpu_start: Application information:[0m
[0;32mI (437) cpu_start: Project name:     vinfast[0m
[0;32mI (442) cpu_start: App version:      1[0m
[0;32mI (447) cpu_start: Compile time:     Feb 23 2025 00:00:39[0m
[0;32mI (453) cpu_start: ELF file SHA256:  35dd258b3d3aee9d...[0m
[0;32mI (459) cpu_start: ESP-IDF:          v5.1.4-52-g978d574e5e-dirty[0m
[0;32mI (465) cpu_start: Min chip rev:     v0.0[0m
[0;32mI (470) cpu_start: Max chip rev:     v3.99 [0m
[0;32mI (475) cpu_start: Chip rev:         v1.0[0m
[0;32mI (480) heap_init: Initializing. RAM available for dynamic allocation:[0m
[0;32mI (487) heap_init: At 3FFAE6E0 len 00001920 (6 KiB): DRAM[0m
[0;32mI (493) heap_init: At 3FFB7B50 len 000284B0 (161 KiB): DRAM[0m
[0;32mI (499) heap_init: At 3FFE0440 len 00003AE0 (14 KiB): D/IRAM[0m
[0;32mI (506) heap_init: At 3FFE4350 len 0001BCB0 (111 KiB): D/IRAM[0m
[0;32mI (512) heap_init: At 40095890 len 0000A770 (41 KiB): IRAM[0m
[0;32mI (520) spi_flash: detected chip: generic[0m
[0;32mI (523) spi_flash: flash io: dio[0m
[0;33mW (527) spi_flash: Detected size(4096k) larger than the size in the binary image header(2048k). Using the size in the binary image header.[0m
[0;32mI (541) app_start: Starting scheduler on CPU0[0m
[0;32mI (545) app_start: Starting scheduler on CPU1[0m
[0;32mI (545) main_task: Started on CPU0[0m
[0;32mI (555) main_task: Calling app_main()[0m
[0;33mW (555) wifi:wifi osi_nvs_open fail ret=4353[0m

[0;33mW (555) wifi_init: Failed to unregister Rx callbacks[0m
[0;31mE (565) wifi_init: Failed to deinit Wi-Fi driver (0x3001)[0m
[0;31mE (565) wifi_init: Failed to deinit Wi-Fi (0x3001)[0m
ESP_ERROR_CHECK failed: esp_err_t 0x1101 (ESP_ERR_NVS_NOT_INITIALIZED) at 0x400d5f81
file: "../components/app_wifi/app_wifi.c" line 29
func: init_wifi
expression: esp_wifi_init(&cfg)

abort() was called at PC 0x400889f7 on core 0


Backtrace: 0x4008192a:0x3ffb9b70 0x40088a01:0x3ffb9b90 0x4008fb76:0x3ffb9bb0 0x400889f7:0x3ffb9c20 0x400d5f81:0x3ffb9c50 0x400d5e6b:0x3ffb9e30 0x4014e0df:0x3ffb9e50 0x4008b45d:0x3ffb9e80




ELF file SHA256: 35dd258b3d3aee9d

Rebooting...
ets Jun  8 2016 00:22:57

rst:0xc (SW_CPU_RESET),boot:0x13 (SPI_FAST_FLASH_BOOT)
configsip: 0, SPIWP:0xee
clk_drv:0x00,q_drv:0x00,d_drv:0x00,cs0_drv:0x00,hd_drv:0x00,wp_drv:0x00
mode:DIO, clock div:2
load:0x3fff0030,len:7132
ho 0 tail 12 room 4
load:0x40078000,len:15624
ho 0 tail 12 room 4
load:0x40080400,len:4
load:0x40080404,len:3876
entry 0x4008064c
[0;32mI (32) boot: ESP-IDF v5.1.4-52-g978d574e5e-dirty 2nd stage bootloader[0m
[0;32mI (32) boot: compile time Feb 23 2025 00:00:49[0m
[0;32mI (35) boot: Multicore bootloader[0m
[0;32mI (39) boot: chip revision: v1.0[0m
[0;32mI (43) boot.esp32: SPI Speed      : 40MHz[0m
[0;32mI (47) boot.esp32: SPI Mode       : DIO[0m
[0;32mI (52) boot.esp32: SPI Flash Size : 2MB[0m
[0;32mI (56) boot: Enabling RNG early entropy source...[0m
[0;32mI (62) boot: Partition Table:[0m
[0;32mI (65) boot: ## Label            Usage          Type ST Offset   Length[0m
[0;32mI (73) boot:  0 nvs              WiFi data        01 02 00009000 00006000[0m
[0;32mI (80) boot:  1 phy_init         RF data          01 01 0000f000 00001000[0m
[0;32mI (88) boot:  2 factory          factory app      00 00 00010000 00100000[0m
[0;32mI (95) boot: End of partition table[0m
[0;32mI (99) esp_image: segment 0: paddr=00010020 vaddr=3f400020 size=1f478h (128120) map[0m
[0;32mI (154) esp_image: segment 1: paddr=0002f4a0 vaddr=3ffb0000 size=00b78h (  2936) load[0m
[0;32mI (155) esp_image: segment 2: paddr=00030020 vaddr=400d0020 size=80254h (524884) map[0m
[0;32mI (349) esp_image: segment 3: paddr=000b027c vaddr=3ffb0b78 size=02f4ch ( 12108) load[0m
[0;32mI (354) esp_image: segment 4: paddr=000b31d0 vaddr=40080000 size=15890h ( 88208) load[0m
[0;32mI (403) boot: Loaded app from partition at offset 0x10000[0m
[0;32mI (403) boot: Disabling RNG early entropy source...[0m
[0;32mI (414) cpu_start: Multicore app[0m
[0;32mI (414) cpu_start: Pro cpu up.[0m
[0;32mI (415) cpu_start: Starting app cpu, entry point is 0x400812c4[0m
[0;32mI (401) cpu_start: App cpu up.[0m
[0;32mI (433) cpu_start: Pro cpu start user code[0m
[0;32mI (433) cpu_start: cpu freq: 160000000 Hz[0m
[0;32mI (433) cpu_start: Application information:[0m
[0;32mI (437) cpu_start: Project name:     vinfast[0m
[0;32mI (442) cpu_start: App version:      1[0m
[0;32mI (447) cpu_start: Compile time:     Feb 23 2025 00:00:39[0m
[0;32mI (453) cpu_start: ELF file SHA256:  35dd258b3d3aee9d...[0m
[0;32mI (459) cpu_start: ESP-IDF:          v5.1.4-52-g978d574e5e-dirty[0m
[0;32mI (465) cpu_start: Min chip rev:     v0.0[0m
[0;32mI (470) cpu_start: Max chip rev:     v3.99 [0m
[0;32mI (475) cpu_start: Chip rev:         v1.0[0m
[0;32mI (480) heap_init: Initializing. RAM available for dynamic allocation:[0m
[0;32mI (487) heap_init: At 3FFAE6E0 len 00001920 (6 KiB): DRAM[0m
[0;32mI (493) heap_init: At 3FFB7B50 len 000284B0 (161 KiB): DRAM[0m
[0;32mI (499) heap_init: At 3FFE0440 len 00003AE0 (14 KiB): D/IRAM[0m
[0;32mI (506) heap_init: At 3FFE4350 len 0001BCB0 (111 KiB): D/IRAM[0m
[0;32mI (512) heap_init: At 40095890 len 0000A770 (41 KiB): IRAM[0m
[0;32mI (520) spi_flash: detected chip: generic[0m
[0;32mI (523) spi_flash: flash io: dio[0m
[0;33mW (527) spi_flash: Detected size(4096k) larger than the size in the binary image header(2048k). Using the size in the binary image header.[0m
[0;32mI (541) app_start: Starting scheduler on CPU0[0m
[0;32mI (545) app_start: Starting scheduler on CPU1[0m
[0;32mI (545) main_task: Started on CPU0[0m
[0;32mI (555) main_task: Calling app_main()[0m
[0;33mW (555) wifi:wifi osi_nvs_open fail ret=4353[0m

[0;33mW (555) wifi_init: Failed to unregister Rx callbacks[0m
[0;31mE (565) wifi_init: Failed to deinit Wi-Fi driver (0x3001)[0m
[0;31mE (565) wifi_init: Failed to deinit Wi-Fi (0x3001)[0m
ESP_ERROR_CHECK failed: esp_err_t 0x1101 (ESP_ERR_NVS_NOT_INITIALIZED) at 0x400d5f81
file: "../components/app_wifi/app_wifi.c" line 29
func: init_wifi
expression: esp_wifi_init(&cfg)

abort() was called at PC 0x400889f7 on core 0


Backtrace: 0x4008192a:0x3ffb9b70 0x40088a01:0x3ffb9b90 0x4008fb76:0x3ffb9bb0 0x400889f7:0x3ffb9c20 0x400d5f81:0x3ffb9c50 0x400d5e6b:0x3ffb9e30 0x4014e0df:0x3ffb9e50 0x4008b45d:0x3ffb9e80




ELF file SHA256: 35dd258b3d3aee9d

Rebooting...
ets Jun  8 2016 00:22:57

rst:0xc (SW_CPU_RESET),boot:0x13 (SPI_FAST_FLASH_BOOT)
configsip: 0, SPIWP:0xee
clk_drv:0x00,q_drv:0x00,d_drv:0x00,cs0_drv:0x00,hd_drv:0x00,wp_drv:0x00
mode:DIO, clock div:2
load:0x3fff0030,len:7132
ho 0 tail 12 room 4
load:0x40078000,len:15624
ho 0 tail 12 room 4
load:0x40080400,len:4
load:0x40080404,len:3876
entry 0x4008064c
[0;32mI (32) boot: ESP-IDF v5.1.4-52-g978d574e5e-dirty 2nd stage bootloader[0m
[0;32mI (32) boot: compile time Feb 23 2025 00:00:49[0m
[0;32mI (35) boot: Multicore bootloader[0m
[0;32mI (39) boot: chip revision: v1.0[0m
[0;32mI (43) boot.esp32: SPI Speed      : 40MHz[0m
[0;32mI (47) boot.esp32: SPI Mode       : DIO[0m
[0;32mI (52) boot.esp32: SPI Flash Size : 2MB[0m
[0;32mI (56) boot: Enabling RNG early entropy source...[0m
[0;32mI (62) boot: Partition Table:[0m
[0;32mI (65) boot: ## Label            Usage          Type ST Offset   Length[0m
[0;32mI (73) boot:  0 nvs              WiFi data        01 02 00009000 00006000[0m
[0;32mI (80) boot:  1 phy_init         RF data          01 01 0000f000 00001000[0m
[0;32mI (88) boot:  2 factory          factory app      00 00 00010000 00100000[0m
[0;32mI (95) boot: End of partition table[0m
[0;32mI (99) esp_image: segment 0: paddr=00010020 vaddr=3f400020 size=1f478h (128120) map[0m
[0;32mI (154) esp_image: segment 1: paddr=0002f4a0 vaddr=3ffb0000 size=00b78h (  2936) load[0m
[0;32mI (155) esp_image: segment 2: paddr=00030020 vaddr=400d0020 size=80254h (524884) map[0m
[0;32mI (349) esp_image: segment 3: paddr=000b027c vaddr=3ffb0b78 size=02f4ch ( 12108) load[0m
[0;32mI (354) esp_image: segment 4: paddr=000b31d0 vaddr=40080000 size=15890h ( 88208) load[0m
[0;32mI (403) boot: Loaded app from partition at offset 0x10000[0m
[0;32mI (403) boot: Disabling RNG early entropy source...[0m
[0;32mI (414) cpu_start: Multicore app[0m
[0;32mI (414) cpu_start: Pro cpu up.[0m
[0;32mI (415) cpu_start: Starting app cpu, entry point is 0x400812c4[0m
[0;32mI (401) cpu_start: App cpu up.[0m
[0;32mI (433) cpu_start: Pro cpu start user code[0m
[0;32mI (433) cpu_start: cpu freq: 160000000 Hz[0m
[0;32mI (433) cpu_start: Application information:[0m
[0;32mI (437) cpu_start: Project name:     vinfast[0m
[0;32mI (442) cpu_start: App version:      1[0m
[0;32mI (447) cpu_start: Compile time:     Feb 23 2025 00:00:39[0m
[0;32mI (453) cpu_start: ELF file SHA256:  35dd258b3d3aee9d...[0m
[0;32mI (459) cpu_start: ESP-IDF:          v5.1.4-52-g978d574e5e-dirty[0m
[0;32mI (465) cpu_start: Min chip rev:     v0.0[0m
[0;32mI (470) cpu_start: Max chip rev:     v3.99 [0m
[0;32mI (475) cpu_start: Chip rev:         v1.0[0m
[0;32mI (480) heap_init: Initializing. RAM available for dynamic allocation:[0m
[0;32mI (487) heap_init: At 3FFAE6E0 len 00001920 (6 KiB): DRAM[0m
[0;32mI (493) heap_init: At 3FFB7B50 len 000284B0 (161 KiB): DRAM[0m
[0;32mI (499) heap_init: At 3FFE0440 len 00003AE0 (14 KiB): D/IRAM[0m
[0;32mI (506) heap_init: At 3FFE4350 len 0001BCB0 (111 KiB): D/IRAM[0m
[0;32mI (512) heap_init: At 40095890 len 0000A770 (41 KiB): IRAM[0m
[0;32mI (520) spi_flash: detected chip: generic[0m
[0;32mI (523) spi_flash: flash io: dio[0m
[0;33mW (527) spi_flash: Detected size(4096k) larger than the size in the binary image header(2048k). Using the size in the binary image header.[0m
[0;32mI (541) app_start: Starting scheduler on CPU0[0m
[0;32mI (545) app_start: Starting scheduler on CPU1[0m
[0;32mI (545) main_task: Started on CPU0[0m
[0;32mI (555) main_task: Calling app_main()[0m
[0;33mW (555) wifi:wifi osi_nvs_open fail ret=4353[0m

[0;33mW (555) wifi_init: Failed to unregister Rx callbacks[0m
[0;31mE (565) wifi_init: Failed to deinit Wi-Fi driver (0x3001)[0m
[0;31mE (565) wifi_init: Failed to deinit Wi-Fi (0x3001)[0m
ESP_ERROR_CHECK failed: esp_err_t 0x1101 (ESP_ERR_NVS_NOT_INITIALIZED) at 0x400d5f81
file: "../components/app_wifi/app_wifi.c" line 29
func: init_wifi
expression: esp_wifi_init(&cfg)

abort() was called at PC 0x400889f7 on core 0


Backtrace: 0x4008192a:0x3ffb9b70 0x40088a01:0x3ffb9b90 0x4008fb76:0x3ffb9bb0 0x400889f7:0x3ffb9c20 0x400d5f81:0x3ffb9c50 0x400d5e6b:0x3ffb9e30 0x4014e0df:0x3ffb9e50 0x4008b45d:0x3ffb9e80




ELF file SHA256: 35dd258b3d3aee9d

Rebooting...
ets Jun  8 2016 00:22:57

rst:0xc (SW_CPU_RESET),boot:0x13 (SPI_FAST_FLASH_BOOT)
configsip: 0, SPIWP:0xee
clk_drv:0x00,q_drv:0x00,d_drv:0x00,cs0_drv:0x00,hd_drv:0x00,wp_drv:0x00
mode:DIO, clock div:2
load:0x3fff0030,len:7132
ho 0 tail 12 room 4
load:0x40078000,len:15624
ho 0 tail 12 room 4
load:0x40080400,len:4
load:0x40080404,len:3876
entry 0x4008064c
[0;32mI (32) boot: ESP-IDF v5.1.4-52-g978d574e5e-dirty 2nd stage bootloader[0m
[0;32mI (32) boot: compile time Feb 23 2025 00:00:49[0m
[0;32mI (35) boot: Multicore bootloader[0m
[0;32mI (39) boot: chip revision: v1.0[0m
[0;32mI (43) boot.esp32: SPI Speed      : 40MHz[0m
[0;32mI (47) boot.esp32: SPI Mode       : DIO[0m
[0;32mI (52) boot.esp32: SPI Flash Size : 2MB[0m
[0;32mI (56) boot: Enabling RNG early entropy source...[0m
[0;32mI (62) boot: Partition Table:[0m
[0;32mI (65) boot: ## Label            Usage          Type ST Offset   Length[0m
[0;32mI (73) boot:  0 nvs              WiFi data        01 02 00009000 00006000[0m
[0;32mI (80) boot:  1 phy_init         RF data          01 01 0000f000 00001000[0m
[0;32mI (88) boot:  2 factory          factory app      00 00 00010000 00100000[0m
[0;32mI (95) boot: End of partition table[0m
[0;32mI (99) esp_image: segment 0: paddr=00010020 vaddr=3f400020 size=1f478h (128120) map[0m
[0;32mI (154) esp_image: segment 1: paddr=0002f4a0 vaddr=3ffb0000 size=00b78h (  2936) load[0m
[0;32mI (155) esp_image: segment 2: paddr=00030020 vaddr=400d0020 size=80254h (524884) map[0m
[0;32mI (349) esp_image: segment 3: paddr=000b027c vaddr=3ffb0b78 size=02f4ch ( 12108) load[0m
[0;32mI (354) esp_image: segment 4: paddr=000b31d0 vaddr=40080000 size=15890h ( 88208) load[0m
[0;32mI (403) boot: Loaded app from partition at offset 0x10000[0m
[0;32mI (403) boot: Disabling RNG early entropy source...[0m
[0;32mI (414) cpu_start: Multicore app[0m
[0;32mI (414) cpu_start: Pro cpu up.[0m
[0;32mI (415) cpu_start: Starting app cpu, entry point is 0x400812c4[0m
[0;32mI (401) cpu_start: App cpu up.[0m
[0;32mI (433) cpu_start: Pro cpu start user code[0m
[0;32mI (433) cpu_start: cpu freq: 160000000 Hz[0m
[0;32mI (433) cpu_start: Application information:[0m
[0;32mI (437) cpu_start: Project name:     vinfast[0m
[0;32mI (442) cpu_start: App version:      1[0m
[0;32mI (447) cpu_start: Compile time:     Feb 23 2025 00:00:39[0m
[0;32mI (453) cpu_start: ELF file SHA256:  35dd258b3d3aee9d...[0m
[0;32mI (459) cpu_start: ESP-IDF:          v5.1.4-52-g978d574e5e-dirty[0m
[0;32mI (465) cpu_start: Min chip rev:     v0.0[0m
[0;32mI (470) cpu_start: Max chip rev:     v3.99 [0m
[0;32mI (475) cpu_start: Chip rev:         v1.0[0m
[0;32mI (480) heap_init: Initializing. RAM available for dynamic allocation:[0m
[0;32mI (487) heap_init: At 3FFAE6E0 len 00001920 (6 KiB): DRAM[0m
[0;32mI (493) heap_init: At 3FFB7B50 len 000284B0 (161 KiB): DRAM[0m
[0;32mI (499) heap_init: At 3FFE0440 len 00003AE0 (14 KiB): D/IRAM[0m
[0;32mI (506) heap_init: At 3FFE4350 len 0001BCB0 (111 KiB): D/IRAM[0m
[0;32mI (512) heap_init: At 40095890 len 0000A770 (41 KiB): IRAM[0m
[0;32mI (520) spi_flash: detected chip: generic[0m
[0;32mI (523) spi_flash: flash io: dio[0m
[0;33mW (527) spi_flash: Detected size(4096k) larger than the size in the binary image header(2048k). Using the size in the binary image header.[0m
[0;32mI (541) app_start: Starting scheduler on CPU0[0m
[0;32mI (545) app_start: Starting scheduler on CPU1[0m
[0;32mI (545) main_task: Started on CPU0[0m
[0;32mI (555) main_task: Calling app_main()[0m
[0;33mW (555) wifi:wifi osi_nvs_open fail ret=4353[0m

[0;33mW (555) wifi_init: Failed to unregister Rx callbacks[0m
[0;31mE (565) wifi_init: Failed to deinit Wi-Fi driver (0x3001)[0m
[0;31mE (565) wifi_init: Failed to deinit Wi-Fi (0x3001)[0m
ESP_ERROR_CHECK failed: esp_err_t 0x1101 (ESP_ERR_NVS_NOT_INITIALIZED) at 0x400d5f81
file: "../components/app_wifi/app_wifi.c" line 29
func: init_wifi
expression: esp_wifi_init(&cfg)

abort() was called at PC 0x400889f7 on core 0


Backtrace: 0x4008192a:0x3ffb9b70 0x40088a01:0x3ffb9b90 0x4008fb76:0x3ffb9bb0 0x400889f7:0x3ffb9c20 0x400d5f81:0x3ffb9c50 0x400d5e6b:0x3ffb9e30 0x4014e0df:0x3ffb9e50 0x4008b45d:0x3ffb9e80




ELF file SHA256: 35dd258b3d3aee9d

Rebooting...
ets Jun  8 2016 00:22:57

rst:0xc (SW_CPU_RESET),boot:0x13 (SPI_FAST_FLASH_BOOT)
configsip: 0, SPIWP:0xee
clk_drv:0x00,q_drv:0x00,d_drv:0x00,cs0_drv:0x00,hd_drv:0x00,wp_drv:0x00
mode:DIO, clock div:2
load:0x3fff0030,len:7132
ho 0 tail 12 room 4
load:0x40078000,len:15624
ho 0 tail 12 room 4
load:0x40080400,len:4
load:0x40080404,len:3876
entry 0x4008064c
[0;32mI (32) boot: ESP-IDF v5.1.4-52-g978d574e5e-dirty 2nd stage bootloader[0m
[0;32mI (32) boot: compile time Feb 23 2025 00:00:49[0m
[0;32mI (35) boot: Multicore bootloader[0m
[0;32mI (39) boot: chip revision: v1.0[0m
[0;32mI (43) boot.esp32: SPI Speed      : 40MHz[0m
[0;32mI (47) boot.esp32: SPI Mode       : DIO[0m
[0;32mI (52) boot.esp32: SPI Flash Size : 2MB[0m
[0;32mI (56) boot: Enabling RNG early entropy source...[0m
[0;32mI (62) boot: Partition Table:[0m
[0;32mI (65) boot: ## Label            Usage          Type ST Offset   Length[0m
[0;32mI (73) boot:  0 nvs              WiFi data        01 02 00009000 00006000[0m
[0;32mI (80) boot:  1 phy_init         RF data          01 01 0000f000 00001000[0m
[0;32mI (88) boot:  2 factory          factory app      00 00 00010000 00100000[0m
[0;32mI (95) boot: End of partition table[0m
[0;32mI (99) esp_image: segment 0: paddr=00010020 vaddr=3f400020 size=1f478h (128120) map[0m
[0;32mI (154) esp_image: segment 1: paddr=0002f4a0 vaddr=3ffb0000 size=00b78h (  2936) load[0m
[0;32mI (155) esp_image: segment 2: paddr=00030020 vaddr=400d0020 size=80254h (524884) map[0m
[0;32mI (349) esp_image: segment 3: paddr=000b027c vaddr=3ffb0b78 size=02f4ch ( 12108) load[0m
[0;32mI (354) esp_image: segment 4: paddr=000b31d0 vaddr=40080000 size=15890h ( 88208) load[0m
[0;32mI (403) boot: Loaded app from partition at offset 0x10000[0m
[0;32mI (403) boot: Disabling RNG early entropy source...[0m
[0;32mI (414) cpu_start: Multicore app[0m
[0;32mI (414) cpu_start: Pro cpu up.[0m
[0;32mI (415) cpu_start: Starting app cpu, entry point is 0x400812c4[0m
[0;32mI (401) cpu_start: App cpu up.[0m
[0;32mI (433) cpu_start: Pro cpu start user code[0m
[0;32mI (433) cpu_start: cpu freq: 160000000 Hz[0m
[0;32mI (433) cpu_start: Application information:[0m
[0;32mI (437) cpu_start: Project name:     vinfast[0m
[0;32mI (442) cpu_start: App version:      1[0m
[0;32mI (447) cpu_start: Compile time:     Feb 23 2025 00:00:39[0m
[0;32mI (453) cpu_start: ELF file SHA256:  35dd258b3d3aee9d...[0m
[0;32mI (459) cpu_start: ESP-IDF:          v5.1.4-52-g978d574e5e-dirty[0m
[0;32mI (465) cpu_start: Min chip rev:     v0.0[0m
[0;32mI (470) cpu_start: Max chip rev:     v3.99 [0m
[0;32mI (475) cpu_start: Chip rev:         v1.0[0m
[0;32mI (480) heap_init: Initializing. RAM available for dynamic allocation:[0m
[0;32mI (487) heap_init: At 3FFAE6E0 len 00001920 (6 KiB): DRAM[0m
[0;32mI (493) heap_init: At 3FFB7B50 len 000284B0 (161 KiB): DRAM[0m
[0;32mI (499) heap_init: At 3FFE0440 len 00003AE0 (14 KiB): D/IRAM[0m
[0;32mI (506) heap_init: At 3FFE4350 len 0001BCB0 (111 KiB): D/IRAM[0m
[0;32mI (512) heap_init: At 40095890 len 0000A770 (41 KiB): IRAM[0m
[0;32mI (520) spi_flash: detected chip: generic[0m
[0;32mI (523) spi_flash: flash io: dio[0m
[0;33mW (527) spi_flash: Detected size(4096k) larger than the size in the binary image header(2048k). Using the size in the binary image header.[0m
[0;32mI (541) app_start: Starting scheduler on CPU0[0m
[0;32mI (545) app_start: Starting scheduler on CPU1[0m
[0;32mI (545) main_task: Started on CPU0[0m
[0;32mI (555) main_task: Calling app_main()[0m
[0;33mW (555) wifi:wifi osi_nvs_open fail ret=4353[0m

[0;33mW (555) wifi_init: Failed to unregister Rx callbacks[0m
[0;31mE (565) wifi_init: Failed to deinit Wi-Fi driver (0x3001)[0m
[0;31mE (565) wifi_init: Failed to deinit Wi-Fi (0x3001)[0m
ESP_ERROR_CHECK failed: esp_err_t 0x1101 (ESP_ERR_NVS_NOT_INITIALIZED) at 0x400d5f81
file: "../components/app_wifi/app_wifi.c" line 29
func: init_wifi
expression: esp_wifi_init(&cfg)

abort() was called at PC 0x400889f7 on core 0


Backtrace: 0x4008192a:0x3ffb9b70 0x40088a01:0x3ffb9b90 0x4008fb76:0x3ffb9bb0 0x400889f7:0x3ffb9c20 0x400d5f81:0x3ffb9c50 0x400d5e6b:0x3ffb9e30 0x4014e0df:0x3ffb9e50 0x4008b45d:0x3ffb9e80




ELF file SHA256: 35dd258b3d3aee9d

Rebooting...
ets Jun  8 2016 00:22:57

rst:0xc (SW_CPU_RESET),boot:0x13 (SPI_FAST_FLASH_BOOT)
configsip: 0, SPIWP:0xee
clk_drv:0x00,q_drv:0x00,d_drv:0x00,cs0_drv:0x00,hd_drv:0x00,wp_drv:0x00
mode:DIO, clock div:2
load:0x3fff0030,len:7132
ho 0 tail 12 room 4
load:0x40078000,len:15624
ho 0 tail 12 room 4
load:0x40080400,len:4
load:0x40080404,len:3876
entry 0x4008064c
[0;32mI (32) boot: ESP-IDF v5.1.4-52-g978d574e5e-dirty 2nd stage bootloader[0m
[0;32mI (32) boot: compile time Feb 23 2025 00:00:49[0m
[0;32mI (35) boot: Multicore bootloader[0m
[0;32mI (39) boot: chip revision: v1.0[0m
[0;32mI (43) boot.esp32: SPI Speed      : 40MHz[0m
[0;32mI (47) boot.esp32: SPI Mode       : DIO[0m
[0;32mI (52) boot.esp32: SPI Flash Size : 2MB[0m
[0;32mI (56) boot: Enabling RNG early entropy source...[0m
[0;32mI (62) boot: Partition Table:[0m
[0;32mI (65) boot: ## Label            Usage          Type ST Offset   Length[0m
[0;32mI (73) boot:  0 nvs              WiFi data        01 02 00009000 00006000[0m
[0;32mI (80) boot:  1 phy_init         RF data          01 01 0000f000 00001000[0m
[0;32mI (88) boot:  2 factory          factory app      00 00 00010000 00100000[0m
[0;32mI (95) boot: End of partition table[0m
[0;32mI (99) esp_image: segment 0: paddr=00010020 vaddr=3f400020 size=1f478h (128120) map[0m
[0;32mI (154) esp_image: segment 1: paddr=0002f4a0 vaddr=3ffb0000 size=00b78h (  2936) load[0m
[0;32mI (155) esp_image: segment 2: paddr=00030020 vaddr=400d0020 size=80254h (524884) map[0m
[0;32mI (349) esp_image: segment 3: paddr=000b027c vaddr=3ffb0b78 size=02f4ch ( 12108) load[0m
[0;32mI (354) esp_image: segment 4: paddr=000b31d0 vaddr=40080000 size=15890h ( 88208) load[0m
[0;32mI (403) boot: Loaded app from partition at offset 0x10000[0m
[0;32mI (403) boot: Disabling RNG early entropy source...[0m
[0;32mI (414) cpu_start: Multicore app[0m
[0;32mI (414) cpu_start: Pro cpu up.[0m
[0;32mI (415) cpu_start: Starting app cpu, entry point is 0x400812c4[0m
[0;32mI (401) cpu_start: App cpu up.[0m
[0;32mI (433) cpu_start: Pro cpu start user code[0m
[0;32mI (433) cpu_start: cpu freq: 160000000 Hz[0m
[0;32mI (433) cpu_start: Application information:[0m
[0;32mI (437) cpu_start: Project name:     vinfast[0m
[0;32mI (442) cpu_start: App version:      1[0m
[0;32mI (447) cpu_start: Compile time:     Feb 23 2025 00:00:39[0m
[0;32mI (453) cpu_start: ELF file SHA256:  35dd258b3d3aee9d...[0m
[0;32mI (459) cpu_start: ESP-IDF:          v5.1.4-52-g978d574e5e-dirty[0m
[0;32mI (465) cpu_start: Min chip rev:     v0.0[0m
[0;32mI (470) cpu_start: Max chip rev:     v3.99 [0m
[0;32mI (475) cpu_start: Chip rev:         v1.0[0m
[0;32mI (480) heap_init: Initializing. RAM available for dynamic allocation:[0m
[0;32mI (487) heap_init: At 3FFAE6E0 len 00001920 (6 KiB): DRAM[0m
[0;32mI (493) heap_init: At 3FFB7B50 len 000284B0 (161 KiB): DRAM[0m
[0;32mI (499) heap_init: At 3FFE0440 len 00003AE0 (14 KiB): D/IRAM[0m
[0;32mI (506) heap_init: At 3FFE4350 len 0001BCB0 (111 KiB): D/IRAM[0m
[0;32mI (512) heap_init: At 40095890 len 0000A770 (41 KiB): IRAM[0m
[0;32mI (520) spi_flash: detected chip: generic[0m
[0;32mI (523) spi_flash: flash io: dio[0m
[0;33mW (527) spi_flash: Detected size(4096k) larger than the size in the binary image header(2048k). Using the size in the binary image header.[0m
[0;32mI (541) app_start: Starting scheduler on CPU0[0m
[0;32mI (545) app_start: Starting scheduler on CPU1[0m
[0;32mI (545) main_task: Started on CPU0[0m
[0;32mI (555) main_task: Calling app_main()[0m
[0;33mW (555) wifi:wifi osi_nvs_open fail ret=4353[0m

[0;33mW (555) wifi_init: Failed to unregister Rx callbacks[0m
[0;31mE (565) wifi_init: Failed to deinit Wi-Fi driver (0x3001)[0m
[0;31mE (565) wifi_init: Failed to deinit Wi-Fi (0x3001)[0m
ESP_ERROR_CHECK failed: esp_err_t 0x1101 (ESP_ERR_NVS_NOT_INITIALIZED) at 0x400d5f81
file: "../components/app_wifi/app_wifi.c" line 29
func: init_wifi
expression: esp_wifi_init(&cfg)

abort() was called at PC 0x400889f7 on core 0


Backtrace: 0x4008192a:0x3ffb9b70 0x40088a01:0x3ffb9b90 0x4008fb76:0x3ffb9bb0 0x400889f7:0x3ffb9c20 0x400d5f81:0x3ffb9c50 0x400d5e6b:0x3ffb9e30 0x4014e0df:0x3ffb9e50 0x4008b45d:0x3ffb9e80




ELF file SHA256: 35dd258b3d3aee9d

Rebooting...
ets Jun  8 2016 00:22:57

rst:0xc (SW_CPU_RESET),boot:0x13 (SPI_FAST_FLASH_BOOT)
configsip: 0, SPIWP:0xee
clk_drv:0x00,q_drv:0x00,d_drv:0x00,cs0_drv:0x00,hd_drv:0x00,wp_drv:0x00
mode:DIO, clock div:2
load:0x3fff0030,len:7132
ho 0 tail 12 room 4
load:0x40078000,len:15624
ho 0 tail 12 room 4
load:0x40080400,len:4
load:0x40080404,len:3876
entry 0x4008064c
[0;32mI (32) boot: ESP-IDF v5.1.4-52-g978d574e5e-dirty 2nd stage bootloader[0m
[0;32mI (32) boot: compile time Feb 23 2025 00:00:49[0m
[0;32mI (35) boot: Multicore bootloader[0m
[0;32mI (39) boot: chip revision: v1.0[0m
[0;32mI (43) boot.esp32: SPI Speed      : 40MHz[0m
[0;32mI (47) boot.esp32: SPI Mode       : DIO[0m
[0;32mI (52) boot.esp32: SPI Flash Size : 2MB[0m
[0;32mI (56) boot: Enabling RNG early entropy source...[0m
[0;32mI (62) boot: Partition Table:[0m
[0;32mI (65) boot: ## Label            Usage          Type ST Offset   Length[0m
[0;32mI (73) boot:  0 nvs              WiFi data        01 02 00009000 00006000[0m
[0;32mI (80) boot:  1 phy_init         RF data          01 01 0000f000 00001000[0m
[0;32mI (88) boot:  2 factory          factory app      00 00 00010000 00100000[0m
[0;32mI (95) boot: End of partition table[0m
[0;32mI (99) esp_image: segment 0: paddr=00010020 vaddr=3f400020 size=1f478h (128120) map[0m
[0;32mI (154) esp_image: segment 1: paddr=0002f4a0 vaddr=3ffb0000 size=00b78h (  2936) load[0m
[0;32mI (155) esp_image: segment 2: paddr=00030020 vaddr=400d0020 size=80254h (524884) map[0m
[0;32mI (349) esp_image: segment 3: paddr=000b027c vaddr=3ffb0b78 size=02f4ch ( 12108) load[0m
[0;32mI (354) esp_image: segment 4: paddr=000b31d0 vaddr=40080000 size=15890h ( 88208) load[0m
[0;32mI (403) boot: Loaded app from partition at offset 0x10000[0m
[0;32mI (403) boot: Disabling RNG early entropy source...[0m
[0;32mI (414) cpu_start: Multicore app[0m
[0;32mI (414) cpu_start: Pro cpu up.[0m
[0;32mI (415) cpu_start: Starting app cpu, entry point is 0x400812c4[0m
[0;32mI (401) cpu_start: App cpu up.[0m
[0;32mI (433) cpu_start: Pro cpu start user code[0m
[0;32mI (433) cpu_start: cpu freq: 160000000 Hz[0m
[0;32mI (433) cpu_start: Application information:[0m
[0;32mI (437) cpu_start: Project name:     vinfast[0m
[0;32mI (442) cpu_start: App version:      1[0m
[0;32mI (447) cpu_start: Compile time:     Feb 23 2025 00:00:39[0m
[0;32mI (453) cpu_start: ELF file SHA256:  35dd258b3d3aee9d...[0m
[0;32mI (459) cpu_start: ESP-IDF:          v5.1.4-52-g978d574e5e-dirty[0m
[0;32mI (465) cpu_start: Min chip rev:     v0.0[0m
[0;32mI (470) cpu_start: Max chip rev:     v3.99 [0m
[0;32mI (475) cpu_start: Chip rev:         v1.0[0m
[0;32mI (480) heap_init: Initializing. RAM available for dynamic allocation:[0m
[0;32mI (487) heap_init: At 3FFAE6E0 len 00001920 (6 KiB): DRAM[0m
[0;32mI (493) heap_init: At 3FFB7B50 len 000284B0 (161 KiB): DRAM[0m
[0;32mI (499) heap_init: At 3FFE0440 len 00003AE0 (14 KiB): D/IRAM[0m
[0;32mI (506) heap_init: At 3FFE4350 len 0001BCB0 (111 KiB): D/IRAM[0m
[0;32mI (512) heap_init: At 40095890 len 0000A770 (41 KiB): IRAM[0m
[0;32mI (520) spi_flash: detected chip: generic[0m
[0;32mI (523) spi_flash: flash io: dio[0m
[0;33mW (527) spi_flash: Detected size(4096k) larger than the size in the binary image header(2048k). Using the size in the binary image header.[0m
[0;32mI (541) app_start: Starting scheduler on CPU0[0m
[0;32mI (545) app_start: Starting scheduler on CPU1[0m
[0;32mI (545) main_task: Started on CPU0[0m
[0;32mI (555) main_task: Calling app_main()[0m
[0;33mW (555) wifi:wifi osi_nvs_open fail ret=4353[0m

[0;33mW (555) wifi_init: Failed to unregister Rx callbacks[0m
[0;31mE (565) wifi_init: Failed to deinit Wi-Fi driver (0x3001)[0m
[0;31mE (565) wifi_init: Failed to deinit Wi-Fi (0x3001)[0m
ESP_ERROR_CHECK failed: esp_err_t 0x1101 (ESP_ERR_NVS_NOT_INITIALIZED) at 0x400d5f81
file: "../components/app_wifi/app_wifi.c" line 29
func: init_wifi
expression: esp_wifi_init(&cfg)

abort() was called at PC 0x400889f7 on core 0


Backtrace: 0x4008192a:0x3ffb9b70 0x40088a01:0x3ffb9b90 0x4008fb76:0x3ffb9bb0 0x400889f7:0x3ffb9c20 0x400d5f81:0x3ffb9c50 0x400d5e6b:0x3ffb9e30 0x4014e0df:0x3ffb9e50 0x4008b45d:0x3ffb9e80




ELF file SHA256: 35dd258b3d3aee9d

Rebooting...
ets Jun  8 2016 00:22:57

rst:0xc (SW_CPU_RESET),boot:0x13 (SPI_FAST_FLASH_BOOT)
configsip: 0, SPIWP:0xee
clk_drv:0x00,q_drv:0x00,d_drv:0x00,cs0_drv:0x00,hd_drv:0x00,wp_drv:0x00
mode:DIO, clock div:2
load:0x3fff0030,len:7132
ho 0 tail 12 room 4
load:0x40078000,len:15624
ho 0 tail 12 room 4
load:0x40080400,len:4
load:0x40080404,len:3876
entry 0x4008064c
[0;32mI (32) boot: ESP-IDF v5.1.4-52-g978d574e5e-dirty 2nd stage bootloader[0m
[0;32mI (32) boot: compile time Feb 23 2025 00:00:49[0m
[0;32mI (35) boot: Multicore bootloader[0m
[0;32mI (39) boot: chip revision: v1.0[0m
[0;32mI (43) boot.esp32: SPI Speed      : 40MHz[0m
[0;32mI (47) boot.esp32: SPI Mode       : DIO[0m
[0;32mI (52) boot.esp32: SPI Flash Size : 2MB[0m
[0;32mI (56) boot: Enabling RNG early entropy source...[0m
[0;32mI (62) boot: Partition Table:[0m
[0;32mI (65) boot: ## Label            Usage          Type ST Offset   Length[0m
[0;32mI (73) boot:  0 nvs              WiFi data        01 02 00009000 00006000[0m
[0;32mI (80) boot:  1 phy_init         RF data          01 01 0000f000 00001000[0m
[0;32mI (88) boot:  2 factory          factory app      00 00 00010000 00100000[0m
[0;32mI (95) boot: End of partition table[0m
[0;32mI (99) esp_image: segment 0: paddr=00010020 vaddr=3f400020 size=1f478h (128120) map[0m
[0;32mI (154) esp_image: segment 1: paddr=0002f4a0 vaddr=3ffb0000 size=00b78h (  2936) load[0m
[0;32mI (155) esp_image: segment 2: paddr=00030020 vaddr=400d0020 size=80254h (524884) map[0m
[0;32mI (349) esp_image: segment 3: paddr=000b027c vaddr=3ffb0b78 size=02f4ch ( 12108) load[0m
[0;32mI (354) esp_image: segment 4: paddr=000b31d0 vaddr=40080000 size=15890h ( 88208) load[0m
[0;32mI (403) boot: Loaded app from partition at offset 0x10000[0m
[0;32mI (403) boot: Disabling RNG early entropy source...[0m
[0;32mI (414) cpu_start: Multicore app[0m
[0;32mI (414) cpu_start: Pro cpu up.[0m
[0;32mI (415) cpu_start: Starting app cpu, entry point is 0x400812c4[0m
[0;32mI (401) cpu_start: App cpu up.[0m
[0;32mI (433) cpu_start: Pro cpu start user code[0m
[0;32mI (433) cpu_start: cpu freq: 160000000 Hz[0m
[0;32mI (433) cpu_start: Application information:[0m
[0;32mI (437) cpu_start: Project name:     vinfast[0m
[0;32mI (442) cpu_start: App version:      1[0m
[0;32mI (447) cpu_start: Compile time:     Feb 23 2025 00:00:39[0m
[0;32mI (453) cpu_start: ELF file SHA256:  35dd258b3d3aee9d...[0m
[0;32mI (459) cpu_start: ESP-IDF:          v5.1.4-52-g978d574e5e-dirty[0m
[0;32mI (465) cpu_start: Min chip rev:     v0.0[0m
[0;32mI (470) cpu_start: Max chip rev:     v3.99 [0m
[0;32mI (475) cpu_start: Chip rev:         v1.0[0m
[0;32mI (480) heap_init: Initializing. RAM available for dynamic allocation:[0m
[0;32mI (487) heap_init: At 3FFAE6E0 len 00001920 (6 KiB): DRAM[0m
[0;32mI (493) heap_init: At 3FFB7B50 len 000284B0 (161 KiB): DRAM[0m
[0;32mI (499) heap_init: At 3FFE0440 len 00003AE0 (14 KiB): D/IRAM[0m
[0;32mI (506) heap_init: At 3FFE4350 len 0001BCB0 (111 KiB): D/IRAM[0m
[0;32mI (512) heap_init: At 40095890 len 0000A770 (41 KiB): IRAM[0m
[0;32mI (520) spi_flash: detected chip: generic[0m
[0;32mI (523) spi_flash: flash io: dio[0m
[0;33mW (527) spi_flash: Detected size(4096k) larger than the size in the binary image header(2048k). Using the size in the binary image header.[0m
[0;32mI (541) app_start: Starting scheduler on CPU0[0m
[0;32mI (545) app_start: Starting scheduler on CPU1[0m
[0;32mI (545) main_task: Started on CPU0[0m
[0;32mI (555) main_task: Calling app_main()[0m
[0;33mW (555) wifi:wifi osi_nvs_open fail ret=4353[0m

[0;33mW (555) wifi_init: Failed to unregister Rx callbacks[0m
[0;31mE (565) wifi_init: Failed to deinit Wi-Fi driver (0x3001)[0m
[0;31mE (565) wifi_init: Failed to deinit Wi-Fi (0x3001)[0m
ESP_ERROR_CHECK failed: esp_err_t 0x1101 (ESP_ERR_NVS_NOT_INITIALIZED) at 0x400d5f81
file: "../components/app_wifi/app_wifi.c" line 29
func: init_wifi
expression: esp_wifi_init(&cfg)

abort() was called at PC 0x400889f7 on core 0


Backtrace: 0x4008192a:0x3ffb9b70 0x40088a01:0x3ffb9b90 0x4008fb76:0x3ffb9bb0 0x400889f7:0x3ffb9c20 0x400d5f81:0x3ffb9c50 0x400d5e6b:0x3ffb9e30 0x4014e0df:0x3ffb9e50 0x4008b45d:0x3ffb9e80




ELF file SHA256: 35dd258b3d3aee9d

Rebooting...
ets Jun  8 2016 00:22:57

rst:0xc (SW_CPU_RESET),boot:0x13 (SPI_FAST_FLASH_BOOT)
configsip: 0, SPIWP:0xee
clk_drv:0x00,q_drv:0x00,d_drv:0x00,cs0_drv:0x00,hd_drv:0x00,wp_drv:0x00
mode:DIO, clock div:2
load:0x3fff0030,len:7132
ho 0 tail 12 room 4
load:0x40078000,len:15624
ho 0 tail 12 room 4
load:0x40080400,len:4
load:0x40080404,len:3876
entry 0x4008064c
[0;32mI (32) boot: ESP-IDF v5.1.4-52-g978d574e5e-dirty 2nd stage bootloader[0m
[0;32mI (32) boot: compile time Feb 23 2025 00:00:49[0m
[0;32mI (35) boot: Multicore bootloader[0m
[0;32mI (39) boot: chip revision: v1.0[0m
[0;32mI (43) boot.esp32: SPI Speed      : 40MHz[0m
[0;32mI (47) boot.esp32: SPI Mode       : DIO[0m
[0;32mI (52) boot.esp32: SPI Flash Size : 2MB[0m
[0;32mI (56) boot: Enabling RNG early entropy source...[0m
[0;32mI (62) boot: Partition Table:[0m
[0;32mI (65) boot: ## Label            Usage          Type ST Offset   Length[0m
[0;32mI (73) boot:  0 nvs              WiFi data        01 02 00009000 00006000[0m
[0;32mI (80) boot:  1 phy_init         RF data          01 01 0000f000 00001000[0m
[0;32mI (88) boot:  2 factory          factory app      00 00 00010000 00100000[0m
[0;32mI (95) boot: End of partition table[0m
[0;32mI (99) esp_image: segment 0: paddr=00010020 vaddr=3f400020 size=1f478h (128120) map[0m
[0;32mI (154) esp_image: segment 1: paddr=0002f4a0 vaddr=3ffb0000 size=00b78h (  2936) load[0m
[0;32mI (155) esp_image: segment 2: paddr=00030020 vaddr=400d0020 size=80254h (524884) map[0m
[0;32mI (349) esp_image: segment 3: paddr=000b027c vaddr=3ffb0b78 size=02f4ch ( 12108) load[0m
[0;32mI (354) esp_image: segment 4: paddr=000b31d0 vaddr=40080000 size=15890h ( 88208) load[0m
[0;32mI (403) boot: Loaded app from partition at offset 0x10000[0m
[0;32mI (403) boot: Disabling RNG early entropy source...[0m
[0;32mI (414) cpu_start: Multicore app[0m
[0;32mI (414) cpu_start: Pro cpu up.[0m
[0;32mI (415) cpu_start: Starting app cpu, entry point is 0x400812c4[0m
[0;32mI (401) cpu_start: App cpu up.[0m
[0;32mI (433) cpu_start: Pro cpu start user code[0m
[0;32mI (433) cpu_start: cpu freq: 160000000 Hz[0m
[0;32mI (433) cpu_start: Application information:[0m
[0;32mI (437) cpu_start: Project name:     vinfast[0m
[0;32mI (442) cpu_start: App version:      1[0m
[0;32mI (447) cpu_start: Compile time:     Feb 23 2025 00:00:39[0m
[0;32mI (453) cpu_start: ELF file SHA256:  35dd258b3d3aee9d...[0m
[0;32mI (459) cpu_start: ESP-IDF:          v5.1.4-52-g978d574e5e-dirty[0m
[0;32mI (465) cpu_start: Min chip rev:     v0.0[0m
[0;32mI (470) cpu_start: Max chip rev:     v3.99 [0m
[0;32mI (475) cpu_start: Chip rev:         v1.0[0m
[0;32mI (480) heap_init: Initializing. RAM available for dynamic allocation:[0m
[0;32mI (487) heap_init: At 3FFAE6E0 len 00001920 (6 KiB): DRAM[0m
[0;32mI (493) heap_init: At 3FFB7B50 len 000284B0 (161 KiB): DRAM[0m
[0;32mI (499) heap_init: At 3FFE0440 len 00003AE0 (14 KiB): D/IRAM[0m
[0;32mI (506) heap_init: At 3FFE4350 len 0001BCB0 (111 KiB): D/IRAM[0m
[0;32mI (512) heap_init: At 40095890 len 0000A770 (41 KiB): IRAM[0m
[0;32mI (520) spi_flash: detected chip: generic[0m
[0;32mI (523) spi_flash: flash io: dio[0m
[0;33mW (527) spi_flash: Detected size(4096k) larger than the size in the binary image header(2048k). Using the size in the binary image header.[0m
[0;32mI (541) app_start: Starting scheduler on CPU0[0m
[0;32mI (545) app_start: Starting scheduler on CPU1[0m
[0;32mI (545) main_task: Started on CPU0[0m
[0;32mI (555) main_task: Calling app_main()[0m
[0;33mW (555) wifi:wifi osi_nvs_open fail ret=4353[0m

[0;33mW (555) wifi_init: Failed to unregister Rx callbacks[0m
[0;31mE (565) wifi_init: Failed to deinit Wi-Fi driver (0x3001)[0m
[0;31mE (565) wifi_init: Failed to deinit Wi-Fi (0x3001)[0m
ESP_ERROR_CHECK failed: esp_err_t 0x1101 (ESP_ERR_NVS_NOT_INITIALIZED) at 0x400d5f81
file: "../components/app_wifi/app_wifi.c" line 29
func: init_wifi
expression: esp_wifi_init(&cfg)

abort() was called at PC 0x400889f7 on core 0


Backtrace: 0x4008192a:0x3ffb9b70 0x40088a01:0x3ffb9b90 0x4008fb76:0x3ffb9bb0 0x400889f7:0x3ffb9c20 0x400d5f81:0x3ffb9c50 0x400d5e6b:0x3ffb9e30 0x4014e0df:0x3ffb9e50 0x4008b45d:0x3ffb9e80




ELF file SHA256: 35dd258b3d3aee9d

Rebooting...
ets Jun  8 2016 00:22:57

rst:0xc (SW_CPU_RESET),boot:0x13 (SPI_FAST_FLASH_BOOT)
configsip: 0, SPIWP:0xee
clk_drv:0x00,q_drv:0x00,d_drv:0x00,cs0_drv:0x00,hd_drv:0x00,wp_drv:0x00
mode:DIO, clock div:2
load:0x3fff0030,len:7132
ho 0 tail 12 room 4
load:0x40078000,len:15624
ho 0 tail 12 room 4
load:0x40080400,len:4
load:0x40080404,len:3876
entry 0x4008064c
[0;32mI (32) boot: ESP-IDF v5.1.4-52-g978d574e5e-dirty 2nd stage bootloader[0m
[0;32mI (32) boot: compile time Feb 23 2025 00:00:49[0m
[0;32mI (35) boot: Multicore bootloader[0m
[0;32mI (39) boot: chip revision: v1.0[0m
[0;32mI (43) boot.esp32: SPI Speed      : 40MHz[0m
[0;32mI (47) boot.esp32: SPI Mode       : DIO[0m
[0;32mI (52) boot.esp32: SPI Flash Size : 2MB[0m
[0;32mI (56) boot: Enabling RNG early entropy source...[0m
[0;32mI (62) boot: Partition Table:[0m
[0;32mI (65) boot: ## Label            Usage          Type ST Offset   Length[0m
[0;32mI (73) boot:  0 nvs              WiFi data        01 02 00009000 00006000[0m
[0;32mI (80) boot:  1 phy_init         RF data          01 01 0000f000 00001000[0m
[0;32mI (88) boot:  2 factory          factory app      00 00 00010000 00100000[0m
[0;32mI (95) boot: End of partition table[0m
[0;32mI (99) esp_image: segment 0: paddr=00010020 vaddr=3f400020 size=1f478h (128120) map[0m
[0;32mI (154) esp_image: segment 1: paddr=0002f4a0 vaddr=3ffb0000 size=00b78h (  2936) load[0m
[0;32mI (155) esp_image: segment 2: paddr=00030020 vaddr=400d0020 size=80254h (524884) map[0m
[0;32mI (349) esp_image: segment 3: paddr=000b027c vaddr=3ffb0b78 size=02f4ch ( 12108) load[0m
[0;32mI (354) esp_image: segment 4: paddr=000b31d0 vaddr=40080000 size=15890h ( 88208) load[0m
[0;32mI (403) boot: Loaded app from partition at offset 0x10000[0m
[0;32mI (403) boot: Disabling RNG early entropy source...[0m
[0;32mI (414) cpu_start: Multicore app[0m
[0;32mI (414) cpu_start: Pro cpu up.[0m
[0;32mI (415) cpu_start: Starting app cpu, entry point is 0x400812c4[0m
[0;32mI (401) cpu_start: App cpu up.[0m
[0;32mI (433) cpu_start: Pro cpu start user code[0m
[0;32mI (433) cpu_start: cpu freq: 160000000 Hz[0m
[0;32mI (433) cpu_start: Application information:[0m
[0;32mI (437) cpu_start: Project name:     vinfast[0m
[0;32mI (442) cpu_start: App version:      1[0m
[0;32mI (447) cpu_start: Compile time:     Feb 23 2025 00:00:39[0m
[0;32mI (453) cpu_start: ELF file SHA256:  35dd258b3d3aee9d...[0m
[0;32mI (459) cpu_start: ESP-IDF:          v5.1.4-52-g978d574e5e-dirty[0m
[0;32mI (465) cpu_start: Min chip rev:     v0.0[0m
[0;32mI (470) cpu_start: Max chip rev:     v3.99 [0m
[0;32mI (475) cpu_start: Chip rev:         v1.0[0m
[0;32mI (480) heap_init: Initializing. RAM available for dynamic allocation:[0m
[0;32mI (487) heap_init: At 3FFAE6E0 len 00001920 (6 KiB): DRAM[0m
[0;32mI (493) heap_init: At 3FFB7B50 len 000284B0 (161 KiB): DRAM[0m
[0;32mI (499) heap_init: At 3FFE0440 len 00003AE0 (14 KiB): D/IRAM[0m
[0;32mI (506) heap_init: At 3FFE4350 len 0001BCB0 (111 KiB): D/IRAM[0m
[0;32mI (512) heap_init: At 40095890 len 0000A770 (41 KiB): IRAM[0m
[0;32mI (520) spi_flash: detected chip: generic[0m
[0;32mI (523) spi_flash: flash io: dio[0m
[0;33mW (527) spi_flash: Detected size(4096k) larger than the size in the binary image header(2048k). Using the size in the binary image header.[0m
[0;32mI (541) app_start: Starting scheduler on CPU0[0m
[0;32mI (545) app_start: Starting scheduler on CPU1[0m
[0;32mI (545) main_task: Started on CPU0[0m
[0;32mI (555) main_task: Calling app_main()[0m
[0;33mW (555) wifi:wifi osi_nvs_open fail ret=4353[0m

[0;33mW (555) wifi_init: Failed to unregister Rx callbacks[0m
[0;31mE (565) wifi_init: Failed to deinit Wi-Fi driver (0x3001)[0m
[0;31mE (565) wifi_init: Failed to deinit Wi-Fi (0x3001)[0m
ESP_ERROR_CHECK failed: esp_err_t 0x1101 (ESP_ERR_NVS_NOT_INITIALIZED) at 0x400d5f81
file: "../components/app_wifi/app_wifi.c" line 29
func: init_wifi
expression: esp_wifi_init(&cfg)

abort() was called at PC 0x400889f7 on core 0


Backtrace: 0x4008192a:0x3ffb9b70 0x40088a01:0x3ffb9b90 0x4008fb76:0x3ffb9bb0 0x400889f7:0x3ffb9c20 0x400d5f81:0x3ffb9c50 0x400d5e6b:0x3ffb9e30 0x4014e0df:0x3ffb9e50 0x4008b45d:0x3ffb9e80




ELF file SHA256: 35dd258b3d3aee9d

Rebooting...
ets Jun  8 2016 00:22:57

rst:0xc (SW_CPU_RESET),boot:0x13 (SPI_FAST_FLASH_BOOT)
configsip: 0, SPIWP:0xee
clk_drv:0x00,q_drv:0x00,d_drv:0x00,cs0_drv:0x00,hd_drv:0x00,wp_drv:0x00
mode:DIO, clock div:2
load:0x3fff0030,len:7132
ho 0 tail 12 room 4
load:0x40078000,len:15624
ho 0 tail 12 room 4
load:0x40080400,len:4
load:0x40080404,len:3876
entry 0x4008064c
[0;32mI (32) boot: ESP-IDF v5.1.4-52-g978d574e5e-dirty 2nd stage bootloader[0m
[0;32mI (32) boot: compile time Feb 23 2025 00:00:49[0m
[0;32mI (35) boot: Multicore bootloader[0m
[0;32mI (39) boot: chip revision: v1.0[0m
[0;32mI (43) boot.esp32: SPI Speed      : 40MHz[0m
[0;32mI (47) boot.esp32: SPI Mode       : DIO[0m
[0;32mI (52) boot.esp32: SPI Flash Size : 2MB[0m
[0;32mI (56) boot: Enabling RNG early entropy source...[0m
[0;32mI (62) boot: Partition Table:[0m
[0;32mI (65) boot: ## Label            Usage          Type ST Offset   Length[0m
[0;32mI (73) boot:  0 nvs              WiFi data        01 02 00009000 00006000[0m
[0;32mI (80) boot:  1 phy_init         RF data          01 01 0000f000 00001000[0m
[0;32mI (88) boot:  2 factory          factory app      00 00 00010000 00100000[0m
[0;32mI (95) boot: End of partition table[0m
[0;32mI (99) esp_image: segment 0: paddr=00010020 vaddr=3f400020 size=1f478h (128120) map[0m
[0;32mI (154) esp_image: segment 1: paddr=0002f4a0 vaddr=3ffb0000 size=00b78h (  2936) load[0m
[0;32mI (155) esp_image: segment 2: paddr=00030020 vaddr=400d0020 size=80254h (524884) map[0m
[0;32mI (349) esp_image: segment 3: paddr=000b027c vaddr=3ffb0b78 size=02f4ch ( 12108) load[0m
[0;32mI (354) esp_image: segment 4: paddr=000b31d0 vaddr=40080000 size=15890h ( 88208) load[0m
[0;32mI (403) boot: Loaded app from partition at offset 0x10000[0m
[0;32mI (403) boot: Disabling RNG early entropy source...[0m
[0;32mI (414) cpu_start: Multicore app[0m
[0;32mI (414) cpu_start: Pro cpu up.[0m
[0;32mI (415) cpu_start: Starting app cpu, entry point is 0x400812c4[0m
[0;32mI (401) cpu_start: App cpu up.[0m
[0;32mI (433) cpu_start: Pro cpu start user code[0m
[0;32mI (433) cpu_start: cpu freq: 160000000 Hz[0m
[0;32mI (433) cpu_start: Application information:[0m
[0;32mI (437) cpu_start: Project name:     vinfast[0m
[0;32mI (442) cpu_start: App version:      1[0m
[0;32mI (447) cpu_start: Compile time:     Feb 23 2025 00:00:39[0m
[0;32mI (453) cpu_start: ELF file SHA256:  35dd258b3d3aee9d...[0m
[0;32mI (459) cpu_start: ESP-IDF:          v5.1.4-52-g978d574e5e-dirty[0m
[0;32mI (465) cpu_start: Min chip rev:     v0.0[0m
[0;32mI (470) cpu_start: Max chip rev:     v3.99 [0m
[0;32mI (475) cpu_start: Chip rev:         v1.0[0m
[0;32mI (480) heap_init: Initializing. RAM available for dynamic allocation:[0m
[0;32mI (487) heap_init: At 3FFAE6E0 len 00001920 (6 KiB): DRAM[0m
[0;32mI (493) heap_init: At 3FFB7B50 len 000284B0 (161 KiB): DRAM[0m
[0;32mI (499) heap_init: At 3FFE0440 len 00003AE0 (14 KiB): D/IRAM[0m
[0;32mI (506) heap_init: At 3FFE4350 len 0001BCB0 (111 KiB): D/IRAM[0m
[0;32mI (512) heap_init: At 40095890 len 0000A770 (41 KiB): IRAM[0m
[0;32mI (520) spi_flash: detected chip: generic[0m
[0;32mI (523) spi_flash: flash io: dio[0m
[0;33mW (527) spi_flash: Detected size(4096k) larger than the size in the binary image header(2048k). Using the size in the binary image header.[0m
[0;32mI (541) app_start: Starting scheduler on CPU0[0m
[0;32mI (545) app_start: Starting scheduler on CPU1[0m
[0;32mI (545) main_task: Started on CPU0[0m
[0;32mI (555) main_task: Calling app_main()[0m
[0;33mW (555) wifi:wifi osi_nvs_open fail ret=4353[0m

[0;33mW (555) wifi_init: Failed to unregister Rx callbacks[0m
[0;31mE (565) wifi_init: Failed to deinit Wi-Fi driver (0x3001)[0m
[0;31mE (565) wifi_init: Failed to deinit Wi-Fi (0x3001)[0m
ESP_ERROR_CHECK failed: esp_err_t 0x1101 (ESP_ERR_NVS_NOT_INITIALIZED) at 0x400d5f81
file: "../components/app_wifi/app_wifi.c" line 29
func: init_wifi
expression: esp_wifi_init(&cfg)

abort() was called at PC 0x400889f7 on core 0


Backtrace: 0x4008192a:0x3ffb9b70 0x40088a01:0x3ffb9b90 0x4008fb76:0x3ffb9bb0 0x400889f7:0x3ffb9c20 0x400d5f81:0x3ffb9c50 0x400d5e6b:0x3ffb9e30 0x4014e0df:0x3ffb9e50 0x4008b45d:0x3ffb9e80




ELF file SHA256: 35dd258b3d3aee9d

Rebooting...
ets Jun  8 2016 00:22:57

rst:0xc (SW_CPU_RESET),boot:0x13 (SPI_FAST_FLASH_BOOT)
configsip: 0, SPIWP:0xee
clk_drv:0x00,q_drv:0x00,d_drv:0x00,cs0_drv:0x00,hd_drv:0x00,wp_drv:0x00
mode:DIO, clock div:2
load:0x3fff0030,len:7132
ho 0 tail 12 room 4
load:0x40078000,len:15624
ho 0 tail 12 room 4
load:0x40080400,len:4
load:0x40080404,len:3876
entry 0x4008064c
[0;32mI (32) boot: ESP-IDF v5.1.4-52-g978d574e5e-dirty 2nd stage bootloader[0m
[0;32mI (32) boot: compile time Feb 23 2025 00:00:49[0m
[0;32mI (35) boot: Multicore bootloader[0m
[0;32mI (39) boot: chip revision: v1.0[0m
[0;32mI (43) boot.esp32: SPI Speed      : 40MHz[0m
[0;32mI (47) boot.esp32: SPI Mode       : DIO[0m
[0;32mI (52) boot.esp32: SPI Flash Size : 2MB[0m
[0;32mI (56) boot: Enabling RNG early entropy source...[0m
[0;32mI (62) boot: Partition Table:[0m
[0;32mI (65) boot: ## Label            Usage          Type ST Offset   Length[0m
[0;32mI (73) boot:  0 nvs              WiFi data        01 02 00009000 00006000[0m
[0;32mI (80) boot:  1 phy_init         RF data          01 01 0000f000 00001000[0m
[0;32mI (88) boot:  2 factory          factory app      00 00 00010000 00100000[0m
[0;32mI (95) boot: End of partition table[0m
[0;32mI (99) esp_image: segment 0: paddr=00010020 vaddr=3f400020 size=1f478h (128120) map[0m
[0;32mI (154) esp_image: segment 1: paddr=0002f4a0 vaddr=3ffb0000 size=00b78h (  2936) load[0m
[0;32mI (155) esp_image: segment 2: paddr=00030020 vaddr=400d0020 size=80254h (524884) map[0m
[0;32mI (349) esp_image: segment 3: paddr=000b027c vaddr=3ffb0b78 size=02f4ch ( 12108) load[0m
[0;32mI (354) esp_image: segment 4: paddr=000b31d0 vaddr=40080000 size=15890h ( 88208) load[0m
[0;32mI (403) boot: Loaded app from partition at offset 0x10000[0m
[0;32mI (403) boot: Disabling RNG early entropy source...[0m
[0;32mI (414) cpu_start: Multicore app[0m
[0;32mI (414) cpu_start: Pro cpu up.[0m
[0;32mI (415) cpu_start: Starting app cpu, entry point is 0x400812c4[0m
[0;32mI (401) cpu_start: App cpu up.[0m
[0;32mI (433) cpu_start: Pro cpu start user code[0m
[0;32mI (433) cpu_start: cpu freq: 160000000 Hz[0m
[0;32mI (433) cpu_start: Application information:[0m
[0;32mI (437) cpu_start: Project name:     vinfast[0m
[0;32mI (442) cpu_start: App version:      1[0m
[0;32mI (447) cpu_start: Compile time:     Feb 23 2025 00:00:39[0m
[0;32mI (453) cpu_start: ELF file SHA256:  35dd258b3d3aee9d...[0m
[0;32mI (459) cpu_start: ESP-IDF:          v5.1.4-52-g978d574e5e-dirty[0m
[0;32mI (465) cpu_start: Min chip rev:     v0.0[0m
[0;32mI (470) cpu_start: Max chip rev:     v3.99 [0m
[0;32mI (475) cpu_start: Chip rev:         v1.0[0m
[0;32mI (480) heap_init: Initializing. RAM available for dynamic allocation:[0m
[0;32mI (487) heap_init: At 3FFAE6E0 len 00001920 (6 KiB): DRAM[0m
[0;32mI (493) heap_init: At 3FFB7B50 len 000284B0 (161 KiB): DRAM[0m
[0;32mI (499) heap_init: At 3FFE0440 len 00003AE0 (14 KiB): D/IRAM[0m
[0;32mI (506) heap_init: At 3FFE4350 len 0001BCB0 (111 KiB): D/IRAM[0m
[0;32mI (512) heap_init: At 40095890 len 0000A770 (41 KiB): IRAM[0m
[0;32mI (520) spi_flash: detected chip: generic[0m
[0;32mI (523) spi_flash: flash io: dio[0m
[0;33mW (527) spi_flash: Detected size(4096k) larger than the size in the binary image header(2048k). Using the size in the binary image header.[0m
[0;32mI (541) app_start: Starting scheduler on CPU0[0m
[0;32mI (545) app_start: Starting scheduler on CPU1[0m
[0;32mI (545) main_task: Started on CPU0[0m
[0;32mI (555) main_task: Calling app_main()[0m
[0;33mW (555) wifi:wifi osi_nvs_open fail ret=4353[0m

[0;33mW (555) wifi_init: Failed to unregister Rx callbacks[0m
[0;31mE (565) wifi_init: Failed to deinit Wi-Fi driver (0x3001)[0m
[0;31mE (565) wifi_init: Failed to deinit Wi-Fi (0x3001)[0m
ESP_ERROR_CHECK failed: esp_err_t 0x1101 (ESP_ERR_NVS_NOT_INITIALIZED) at 0x400d5f81
file: "../components/app_wifi/app_wifi.c" line 29
func: init_wifi
expression: esp_wifi_init(&cfg)

abort() was called at PC 0x400889f7 on core 0


Backtrace: 0x4008192a:0x3ffb9b70 0x40088a01:0x3ffb9b90 0x4008fb76:0x3ffb9bb0 0x400889f7:0x3ffb9c20 0x400d5f81:0x3ffb9c50 0x400d5e6b:0x3ffb9e30 0x4014e0df:0x3ffb9e50 0x4008b45d:0x3ffb9e80




ELF file SHA256: 35dd258b3d3aee9d

Rebooting...
ets Jun  8 2016 00:22:57

rst:0xc (SW_CPU_RESET),boot:0x13 (SPI_FAST_FLASH_BOOT)
configsip: 0, SPIWP:0xee
clk_drv:0x00,q_drv:0x00,d_drv:0x00,cs0_drv:0x00,hd_drv:0x00,wp_drv:0x00
mode:DIO, clock div:2
load:0x3fff0030,len:7132
ho 0 tail 12 room 4
load:0x40078000,len:15624
ho 0 tail 12 room 4
load:0x40080400,len:4
load:0x40080404,len:3876
entry 0x4008064c
[0;32mI (32) boot: ESP-IDF v5.1.4-52-g978d574e5e-dirty 2nd stage bootloader[0m
[0;32mI (32) boot: compile time Feb 23 2025 00:00:49[0m
[0;32mI (35) boot: Multicore bootloader[0m
[0;32mI (39) boot: chip revision: v1.0[0m
[0;32mI (43) boot.esp32: SPI Speed      : 40MHz[0m
[0;32mI (47) boot.esp32: SPI Mode       : DIO[0m
[0;32mI (52) boot.esp32: SPI Flash Size : 2MB[0m
[0;32mI (56) boot: Enabling RNG early entropy source...[0m
[0;32mI (62) boot: Partition Table:[0m
[0;32mI (65) boot: ## Label            Usage          Type ST Offset   Length[0m
[0;32mI (73) boot:  0 nvs              WiFi data        01 02 00009000 00006000[0m
[0;32mI (80) boot:  1 phy_init         RF data          01 01 0000f000 00001000[0m
[0;32mI (88) boot:  2 factory          factory app      00 00 00010000 00100000[0m
[0;32mI (95) boot: End of partition table[0m
[0;32mI (99) esp_image: segment 0: paddr=00010020 vaddr=3f400020 size=1f478h (128120) map[0m
[0;32mI (154) esp_image: segment 1: paddr=0002f4a0 vaddr=3ffb0000 size=00b78h (  2936) load[0m
[0;32mI (155) esp_image: segment 2: paddr=00030020 vaddr=400d0020 size=80254h (524884) map[0m
[0;32mI (349) esp_image: segment 3: paddr=000b027c vaddr=3ffb0b78 size=02f4ch ( 12108) load[0m
[0;32mI (354) esp_image: segment 4: paddr=000b31d0 vaddr=40080000 size=15890h ( 88208) load[0m
[0;32mI (403) boot: Loaded app from partition at offset 0x10000[0m
[0;32mI (403) boot: Disabling RNG early entropy source...[0m
[0;32mI (414) cpu_start: Multicore app[0m
[0;32mI (414) cpu_start: Pro cpu up.[0m
[0;32mI (415) cpu_start: Starting app cpu, entry point is 0x400812c4[0m
[0;32mI (401) cpu_start: App cpu up.[0m
[0;32mI (433) cpu_start: Pro cpu start user code[0m
[0;32mI (433) cpu_start: cpu freq: 160000000 Hz[0m
[0;32mI (433) cpu_start: Application information:[0m
[0;32mI (437) cpu_start: Project name:     vinfast[0m
[0;32mI (442) cpu_start: App version:      1[0m
[0;32mI (447) cpu_start: Compile time:     Feb 23 2025 00:00:39[0m
[0;32mI (453) cpu_start: ELF file SHA256:  35dd258b3d3aee9d...[0m
[0;32mI (459) cpu_start: ESP-IDF:          v5.1.4-52-g978d574e5e-dirty[0m
[0;32mI (465) cpu_start: Min chip rev:     v0.0[0m
[0;32mI (470) cpu_start: Max chip rev:     v3.99 [0m
[0;32mI (475) cpu_start: Chip rev:         v1.0[0m
[0;32mI (480) heap_init: Initializing. RAM available for dynamic allocation:[0m
[0;32mI (487) heap_init: At 3FFAE6E0 len 00001920 (6 KiB): DRAM[0m
[0;32mI (493) heap_init: At 3FFB7B50 len 000284B0 (161 KiB): DRAM[0m
[0;32mI (499) heap_init: At 3FFE0440 len 00003AE0 (14 KiB): D/IRAM[0m
[0;32mI (506) heap_init: At 3FFE4350 len 0001BCB0 (111 KiB): D/IRAM[0m
[0;32mI (512) heap_init: At 40095890 len 0000A770 (41 KiB): IRAM[0m
[0;32mI (520) spi_flash: detected chip: generic[0m
[0;32mI (523) spi_flash: flash io: dio[0m
[0;33mW (527) spi_flash: Detected size(4096k) larger than the size in the binary image header(2048k). Using the size in the binary image header.[0m
[0;32mI (541) app_start: Starting scheduler on CPU0[0m
[0;32mI (545) app_start: Starting scheduler on CPU1[0m
[0;32mI (545) main_task: Started on CPU0[0m
[0;32mI (555) main_task: Calling app_main()[0m
[0;33mW (555) wifi:wifi osi_nvs_open fail ret=4353[0m

[0;33mW (555) wifi_init: Failed to unregister Rx callbacks[0m
[0;31mE (565) wifi_init: Failed to deinit Wi-Fi driver (0x3001)[0m
[0;31mE (565) wifi_init: Failed to deinit Wi-Fi (0x3001)[0m
ESP_ERROR_CHECK failed: esp_err_t 0x1101 (ESP_ERR_NVS_NOT_INITIALIZED) at 0x400d5f81
file: "../components/app_wifi/app_wifi.c" line 29
func: init_wifi
expression: esp_wifi_init(&cfg)

abort() was called at PC 0x400889f7 on core 0


Backtrace: 0x4008192a:0x3ffb9b70 0x40088a01:0x3ffb9b90 0x4008fb76:0x3ffb9bb0 0x400889f7:0x3ffb9c20 0x400d5f81:0x3ffb9c50 0x400d5e6b:0x3ffb9e30 0x4014e0df:0x3ffb9e50 0x4008b45d:0x3ffb9e80




ELF file SHA256: 35dd258b3d3aee9d

Rebooting...
ets Jun  8 2016 00:22:57

rst:0xc (SW_CPU_RESET),boot:0x13 (SPI_FAST_FLASH_BOOT)
configsip: 0, SPIWP:0xee
clk_drv:0x00,q_drv:0x00,d_drv:0x00,cs0_drv:0x00,hd_drv:0x00,wp_drv:0x00
mode:DIO, clock div:2
load:0x3fff0030,len:7132
ho 0 tail 12 room 4
load:0x40078000,len:15624
ho 0 tail 12 room 4
load:0x40080400,len:4
load:0x40080404,len:3876
entry 0x4008064c
[0;32mI (32) boot: ESP-IDF v5.1.4-52-g978d574e5e-dirty 2nd stage bootloader[0m
[0;32mI (32) boot: compile time Feb 23 2025 00:00:49[0m
[0;32mI (35) boot: Multicore bootloader[0m
[0;32mI (39) boot: chip revision: v1.0[0m
[0;32mI (43) boot.esp32: SPI Speed      : 40MHz[0m
[0;32mI (47) boot.esp32: SPI Mode       : DIO[0m
[0;32mI (52) boot.esp32: SPI Flash Size : 2MB[0m
[0;32mI (56) boot: Enabling RNG early entropy source...[0m
[0;32mI (62) boot: Partition Table:[0m
[0;32mI (65) boot: ## Label            Usage          Type ST Offset   Length[0m
[0;32mI (73) boot:  0 nvs              WiFi data        01 02 00009000 00006000[0m
[0;32mI (80) boot:  1 phy_init         RF data          01 01 0000f000 00001000[0m
[0;32mI (88) boot:  2 factory          factory app      00 00 00010000 00100000[0m
[0;32mI (95) boot: End of partition table[0m
[0;32mI (99) esp_image: segment 0: paddr=00010020 vaddr=3f400020 size=1f478h (128120) map[0m
[0;32mI (154) esp_image: segment 1: paddr=0002f4a0 vaddr=3ffb0000 size=00b78h (  2936) load[0m
[0;32mI (155) esp_image: segment 2: paddr=00030020 vaddr=400d0020 size=80254h (524884) map[0m
[0;32mI (349) esp_image: segment 3: paddr=000b027c vaddr=3ffb0b78 size=02f4ch ( 12108) load[0m
[0;32mI (354) esp_image: segment 4: paddr=000b31d0 vaddr=40080000 size=15890h ( 88208) load[0m
[0;32mI (403) boot: Loaded app from partition at offset 0x10000[0m
[0;32mI (403) boot: Disabling RNG early entropy source...[0m
[0;32mI (414) cpu_start: Multicore app[0m
[0;32mI (414) cpu_start: Pro cpu up.[0m
[0;32mI (415) cpu_start: Starting app cpu, entry point is 0x400812c4[0m
[0;32mI (401) cpu_start: App cpu up.[0m
[0;32mI (433) cpu_start: Pro cpu start user code[0m
[0;32mI (433) cpu_start: cpu freq: 160000000 Hz[0m
[0;32mI (433) cpu_start: Application information:[0m
[0;32mI (437) cpu_start: Project name:     vinfast[0m
[0;32mI (442) cpu_start: App version:      1[0m
[0;32mI (447) cpu_start: Compile time:     Feb 23 2025 00:00:39[0m
[0;32mI (453) cpu_start: ELF file SHA256:  35dd258b3d3aee9d...[0m
[0;32mI (459) cpu_start: ESP-IDF:          v5.1.4-52-g978d574e5e-dirty[0m
[0;32mI (465) cpu_start: Min chip rev:     v0.0[0m
[0;32mI (470) cpu_start: Max chip rev:     v3.99 [0m
[0;32mI (475) cpu_start: Chip rev:         v1.0[0m
[0;32mI (480) heap_init: Initializing. RAM available for dynamic allocation:[0m
[0;32mI (487) heap_init: At 3FFAE6E0 len 00001920 (6 KiB): DRAM[0m
[0;32mI (493) heap_init: At 3FFB7B50 len 000284B0 (161 KiB): DRAM[0m
[0;32mI (499) heap_init: At 3FFE0440 len 00003AE0 (14 KiB): D/IRAM[0m
[0;32mI (506) heap_init: At 3FFE4350 len 0001BCB0 (111 KiB): D/IRAM[0m
[0;32mI (512) heap_init: At 40095890 len 0000A770 (41 KiB): IRAM[0m
[0;32mI (520) spi_flash: detected chip: generic[0m
[0;32mI (523) spi_flash: flash io: dio[0m
[0;33mW (527) spi_flash: Detected size(4096k) larger than the size in the binary image header(2048k). Using the size in the binary image header.[0m
[0;32mI (541) app_start: Starting scheduler on CPU0[0m
[0;32mI (545) app_start: Starting scheduler on CPU1[0m
[0;32mI (545) main_task: Started on CPU0[0m
[0;32mI (555) main_task: Calling app_main()[0m
[0;33mW (555) wifi:wifi osi_nvs_open fail ret=4353[0m

[0;33mW (555) wifi_init: Failed to unregister Rx callbacks[0m
[0;31mE (565) wifi_init: Failed to deinit Wi-Fi driver (0x3001)[0m
[0;31mE (565) wifi_init: Failed to deinit Wi-Fi (0x3001)[0m
ESP_ERROR_CHECK failed: esp_err_t 0x1101 (ESP_ERR_NVS_NOT_INITIALIZED) at 0x400d5f81
file: "../components/app_wifi/app_wifi.c" line 29
func: init_wifi
expression: esp_wifi_init(&cfg)

abort() was called at PC 0x400889f7 on core 0


Backtrace: 0x4008192a:0x3ffb9b70 0x40088a01:0x3ffb9b90 0x4008fb76:0x3ffb9bb0 0x400889f7:0x3ffb9c20 0x400d5f81:0x3ffb9c50 0x400d5e6b:0x3ffb9e30 0x4014e0df:0x3ffb9e50 0x4008b45d:0x3ffb9e80




ELF file SHA256: 35dd258b3d3aee9d

Rebooting...
ets Jun  8 2016 00:22:57

rst:0xc (SW_CPU_RESET),boot:0x13 (SPI_FAST_FLASH_BOOT)
configsip: 0, SPIWP:0xee
clk_drv:0x00,q_drv:0x00,d_drv:0x00,cs0_drv:0x00,hd_drv:0x00,wp_drv:0x00
mode:DIO, clock div:2
load:0x3fff0030,len:7132
ho 0 tail 12 room 4
load:0x40078000,len:15624
ho 0 tail 12 room 4
load:0x40080400,len:4
load:0x40080404,len:3876
entry 0x4008064c
[0;32mI (32) boot: ESP-IDF v5.1.4-52-g978d574e5e-dirty 2nd stage bootloader[0m
[0;32mI (32) boot: compile time Feb 23 2025 00:00:49[0m
[0;32mI (35) boot: Multicore bootloader[0m
[0;32mI (39) boot: chip revision: v1.0[0m
[0;32mI (43) boot.esp32: SPI Speed      : 40MHz[0m
[0;32mI (47) boot.esp32: SPI Mode       : DIO[0m
[0;32mI (52) boot.esp32: SPI Flash Size : 2MB[0m
[0;32mI (56) boot: Enabling RNG early entropy source...[0m
[0;32mI (62) boot: Partition Table:[0m
[0;32mI (65) boot: ## Label            Usage          Type ST Offset   Length[0m
[0;32mI (73) boot:  0 nvs              WiFi data        01 02 00009000 00006000[0m
[0;32mI (80) boot:  1 phy_init         RF data          01 01 0000f000 00001000[0m
[0;32mI (88) boot:  2 factory          factory app      00 00 00010000 00100000[0m
[0;32mI (95) boot: End of partition table[0m
[0;32mI (99) esp_image: segment 0: paddr=00010020 vaddr=3f400020 size=1f478h (128120) map[0m
[0;32mI (154) esp_image: segment 1: paddr=0002f4a0 vaddr=3ffb0000 size=00b78h (  2936) load[0m
[0;32mI (155) esp_image: segment 2: paddr=00030020 vaddr=400d0020 size=80254h (524884) map[0m
[0;32mI (349) esp_image: segment 3: paddr=000b027c vaddr=3ffb0b78 size=02f4ch ( 12108) load[0m
[0;32mI (354) esp_image: segment 4: paddr=000b31d0 vaddr=40080000 size=15890h ( 88208) load[0m
[0;32mI (403) boot: Loaded app from partition at offset 0x10000[0m
[0;32mI (403) boot: Disabling RNG early entropy source...[0m
[0;32mI (414) cpu_start: Multicore app[0m
[0;32mI (414) cpu_start: Pro cpu up.[0m
[0;32mI (415) cpu_start: Starting app cpu, entry point is 0x400812c4[0m
[0;32mI (401) cpu_start: App cpu up.[0m
[0;32mI (433) cpu_start: Pro cpu start user code[0m
[0;32mI (433) cpu_start: cpu freq: 160000000 Hz[0m
[0;32mI (433) cpu_start: Application information:[0m
[0;32mI (437) cpu_start: Project name:     vinfast[0m
[0;32mI (442) cpu_start: App version:      1[0m
[0;32mI (447) cpu_start: Compile time:     Feb 23 2025 00:00:39[0m
[0;32mI (453) cpu_start: ELF file SHA256:  35dd258b3d3aee9d...[0m
[0;32mI (459) cpu_start: ESP-IDF:          v5.1.4-52-g978d574e5e-dirty[0m
[0;32mI (465) cpu_start: Min chip rev:     v0.0[0m
[0;32mI (470) cpu_start: Max chip rev:     v3.99 [0m
[0;32mI (475) cpu_start: Chip rev:         v1.0[0m
[0;32mI (480) heap_init: Initializing. RAM available for dynamic allocation:[0m
[0;32mI (487) heap_init: At 3FFAE6E0 len 00001920 (6 KiB): DRAM[0m
[0;32mI (493) heap_init: At 3FFB7B50 len 000284B0 (161 KiB): DRAM[0m
[0;32mI (499) heap_init: At 3FFE0440 len 00003AE0 (14 KiB): D/IRAM[0m
[0;32mI (506) heap_init: At 3FFE4350 len 0001BCB0 (111 KiB): D/IRAM[0m
[0;32mI (512) heap_init: At 40095890 len 0000A770 (41 KiB): IRAM[0m
[0;32mI (520) spi_flash: detected chip: generic[0m
[0;32mI (523) spi_flash: flash io: dio[0m
[0;33mW (527) spi_flash: Detected size(4096k) larger than the size in the binary image header(2048k). Using the size in the binary image header.[0m
[0;32mI (541) app_start: Starting scheduler on CPU0[0m
[0;32mI (545) app_start: Starting scheduler on CPU1[0m
[0;32mI (545) main_task: Started on CPU0[0m
[0;32mI (555) main_task: Calling app_main()[0m
[0;33mW (555) wifi:wifi osi_nvs_open fail ret=4353[0m

[0;33mW (555) wifi_init: Failed to unregister Rx callbacks[0m
[0;31mE (565) wifi_init: Failed to deinit Wi-Fi driver (0x3001)[0m
[0;31mE (565) wifi_init: Failed to deinit Wi-Fi (0x3001)[0m
ESP_ERROR_CHECK failed: esp_err_t 0x1101 (ESP_ERR_NVS_NOT_INITIALIZED) at 0x400d5f81
file: "../components/app_wifi/app_wifi.c" line 29
func: init_wifi
expression: esp_wifi_init(&cfg)

abort() was called at PC 0x400889f7 on core 0


Backtrace: 0x4008192a:0x3ffb9b70 0x40088a01:0x3ffb9b90 0x4008fb76:0x3ffb9bb0 0x400889f7:0x3ffb9c20 0x400d5f81:0x3ffb9c50 0x400d5e6b:0x3ffb9e30 0x4014e0df:0x3ffb9e50 0x4008b45d:0x3ffb9e80




ELF file SHA256: 35dd258b3d3aee9d

Rebooting...
ets Jun  8 2016 00:22:57

rst:0xc (SW_CPU_RESET),boot:0x13 (SPI_FAST_FLASH_BOOT)
configsip: 0, SPIWP:0xee
clk_drv:0x00,q_drv:0x00,d_drv:0x00,cs0_drv:0x00,hd_drv:0x00,wp_drv:0x00
mode:DIO, clock div:2
load:0x3fff0030,len:7132
ho 0 tail 12 room 4
load:0x40078000,len:15624
ho 0 tail 12 room 4
load:0x40080400,len:4
load:0x40080404,len:3876
entry 0x4008064c
[0;32mI (32) boot: ESP-IDF v5.1.4-52-g978d574e5e-dirty 2nd stage bootloader[0m
[0;32mI (32) boot: compile time Feb 23 2025 00:00:49[0m
[0;32mI (35) boot: Multicore bootloader[0m
[0;32mI (39) boot: chip revision: v1.0[0m
[0;32mI (43) boot.esp32: SPI Speed      : 40MHz[0m
[0;32mI (47) boot.esp32: SPI Mode       : DIO[0m
[0;32mI (52) boot.esp32: SPI Flash Size : 2MB[0m
[0;32mI (56) boot: Enabling RNG early entropy source...[0m
[0;32mI (62) boot: Partition Table:[0m
[0;32mI (65) boot: ## Label            Usage          Type ST Offset   Length[0m
[0;32mI (73) boot:  0 nvs              WiFi data        01 02 00009000 00006000[0m
[0;32mI (80) boot:  1 phy_init         RF data          01 01 0000f000 00001000[0m
[0;32mI (88) boot:  2 factory          factory app      00 00 00010000 00100000[0m
[0;32mI (95) boot: End of partition table[0m
[0;32mI (99) esp_image: segment 0: paddr=00010020 vaddr=3f400020 size=1f478h (128120) map[0m
[0;32mI (154) esp_image: segment 1: paddr=0002f4a0 vaddr=3ffb0000 size=00b78h (  2936) load[0m
[0;32mI (155) esp_image: segment 2: paddr=00030020 vaddr=400d0020 size=80254h (524884) map[0m
[0;32mI (349) esp_image: segment 3: paddr=000b027c vaddr=3ffb0b78 size=02f4ch ( 12108) load[0m
[0;32mI (354) esp_image: segment 4: paddr=000b31d0 vaddr=40080000 size=15890h ( 88208) load[0m
[0;32mI (403) boot: Loaded app from partition at offset 0x10000[0m
[0;32mI (403) boot: Disabling RNG early entropy source...[0m
[0;32mI (414) cpu_start: Multicore app[0m
[0;32mI (414) cpu_start: Pro cpu up.[0m
[0;32mI (415) cpu_start: Starting app cpu, entry point is 0x400812c4[0m
[0;32mI (401) cpu_start: App cpu up.[0m
[0;32mI (433) cpu_start: Pro cpu start user code[0m
[0;32mI (433) cpu_start: cpu freq: 160000000 Hz[0m
[0;32mI (433) cpu_start: Application information:[0m
[0;32mI (437) cpu_start: Project name:     vinfast[0m
[0;32mI (442) cpu_start: App version:      1[0m
[0;32mI (447) cpu_start: Compile time:     Feb 23 2025 00:00:39[0m
[0;32mI (453) cpu_start: ELF file SHA256:  35dd258b3d3aee9d...[0m
[0;32mI (459) cpu_start: ESP-IDF:          v5.1.4-52-g978d574e5e-dirty[0m
[0;32mI (465) cpu_start: Min chip rev:     v0.0[0m
[0;32mI (470) cpu_start: Max chip rev:     v3.99 [0m
[0;32mI (475) cpu_start: Chip rev:         v1.0[0m
[0;32mI (480) heap_init: Initializing. RAM available for dynamic allocation:[0m
[0;32mI (487) heap_init: At 3FFAE6E0 len 00001920 (6 KiB): DRAM[0m
[0;32mI (493) heap_init: At 3FFB7B50 len 000284B0 (161 KiB): DRAM[0m
[0;32mI (499) heap_init: At 3FFE0440 len 00003AE0 (14 KiB): D/IRAM[0m
[0;32mI (506) heap_init: At 3FFE4350 len 0001BCB0 (111 KiB): D/IRAM[0m
[0;32mI (512) heap_init: At 40095890 len 0000A770 (41 KiB): IRAM[0m
[0;32mI (520) spi_flash: detected chip: generic[0m
[0;32mI (523) spi_flash: flash io: dio[0m
[0;33mW (527) spi_flash: Detected size(4096k) larger than the size in the binary image header(2048k). Using the size in the binary image header.[0m
[0;32mI (541) app_start: Starting scheduler on CPU0[0m
[0;32mI (545) app_start: Starting scheduler on CPU1[0m
[0;32mI (545) main_task: Started on CPU0[0m
[0;32mI (555) main_task: Calling app_main()[0m
[0;33mW (555) wifi:wifi osi_nvs_open fail ret=4353[0m

[0;33mW (555) wifi_init: Failed to unregister Rx callbacks[0m
[0;31mE (565) wifi_init: Failed to deinit Wi-Fi driver (0x3001)[0m
[0;31mE (565) wifi_init: Failed to deinit Wi-Fi (0x3001)[0m
ESP_ERROR_CHECK failed: esp_err_t 0x1101 (ESP_ERR_NVS_NOT_INITIALIZED) at 0x400d5f81
file: "../components/app_wifi/app_wifi.c" line 29
func: init_wifi
expression: esp_wifi_init(&cfg)

abort() was called at PC 0x400889f7 on core 0


Backtrace: 0x4008192a:0x3ffb9b70 0x40088a01:0x3ffb9b90 0x4008fb76:0x3ffb9bb0 0x400889f7:0x3ffb9c20 0x400d5f81:0x3ffb9c50 0x400d5e6b:0x3ffb9e30 0x4014e0df:0x3ffb9e50 0x4008b45d:0x3ffb9e80




ELF file SHA256: 35dd258b3d3aee9d

Rebooting...
ets Jun  8 2016 00:22:57

rst:0xc (SW_CPU_RESET),boot:0x13 (SPI_FAST_FLASH_BOOT)
configsip: 0, SPIWP:0xee
clk_drv:0x00,q_drv:0x00,d_drv:0x00,cs0_drv:0x00,hd_drv:0x00,wp_drv:0x00
mode:DIO, clock div:2
load:0x3fff0030,len:7132
ho 0 tail 12 room 4
load:0x40078000,len:15624
ho 0 tail 12 room 4
load:0x40080400,len:4
load:0x40080404,len:3876
entry 0x4008064c
[0;32mI (32) boot: ESP-IDF v5.1.4-52-g978d574e5e-dirty 2nd stage bootloader[0m
[0;32mI (32) boot: compile time Feb 23 2025 00:00:49[0m
[0;32mI (35) boot: Multicore bootloader[0m
[0;32mI (39) boot: chip revision: v1.0[0m
[0;32mI (43) boot.esp32: SPI Speed      : 40MHz[0m
[0;32mI (47) boot.esp32: SPI Mode       : DIO[0m
[0;32mI (52) boot.esp32: SPI Flash Size : 2MB[0m
[0;32mI (56) boot: Enabling RNG early entropy source...[0m
[0;32mI (62) boot: Partition Table:[0m
[0;32mI (65) boot: ## Label            Usage          Type ST Offset   Length[0m
[0;32mI (73) boot:  0 nvs              WiFi data        01 02 00009000 00006000[0m
[0;32mI (80) boot:  1 phy_init         RF data          01 01 0000f000 00001000[0m
[0;32mI (88) boot:  2 factory          factory app      00 00 00010000 00100000[0m
[0;32mI (95) boot: End of partition table[0m
[0;32mI (99) esp_image: segment 0: paddr=00010020 vaddr=3f400020 size=1f478h (128120) map[0m
[0;32mI (154) esp_image: segment 1: paddr=0002f4a0 vaddr=3ffb0000 size=00b78h (  2936) load[0m
[0;32mI (155) esp_image: segment 2: paddr=00030020 vaddr=400d0020 size=80254h (524884) map[0m
[0;32mI (349) esp_image: segment 3: paddr=000b027c vaddr=3ffb0b78 size=02f4ch ( 12108) load[0m
[0;32mI (354) esp_image: segment 4: paddr=000b31d0 vaddr=40080000 size=15890h ( 88208) load[0m
[0;32mI (403) boot: Loaded app from partition at offset 0x10000[0m
[0;32mI (403) boot: Disabling RNG early entropy source...[0m
[0;32mI (414) cpu_start: Multicore app[0m
[0;32mI (414) cpu_start: Pro cpu up.[0m
[0;32mI (415) cpu_start: Starting app cpu, entry point is 0x400812c4[0m
[0;32mI (401) cpu_start: App cpu up.[0m
[0;32mI (433) cpu_start: Pro cpu start user code[0m
[0;32mI (433) cpu_start: cpu freq: 160000000 Hz[0m
[0;32mI (433) cpu_start: Application information:[0m
[0;32mI (437) cpu_start: Project name:     vinfast[0m
[0;32mI (442) cpu_start: App version:      1[0m
[0;32mI (447) cpu_start: Compile time:     Feb 23 2025 00:00:39[0m
[0;32mI (453) cpu_start: ELF file SHA256:  35dd258b3d3aee9d...[0m
[0;32mI (459) cpu_start: ESP-IDF:          v5.1.4-52-g978d574e5e-dirty[0m
[0;32mI (465) cpu_start: Min chip rev:     v0.0[0m
[0;32mI (470) cpu_start: Max chip rev:     v3.99 [0m
[0;32mI (475) cpu_start: Chip rev:         v1.0[0m
[0;32mI (480) heap_init: Initializing. RAM available for dynamic allocation:[0m
[0;32mI (487) heap_init: At 3FFAE6E0 len 00001920 (6 KiB): DRAM[0m
[0;32mI (493) heap_init: At 3FFB7B50 len 000284B0 (161 KiB): DRAM[0m
[0;32mI (499) heap_init: At 3FFE0440 len 00003AE0 (14 KiB): D/IRAM[0m
[0;32mI (506) heap_init: At 3FFE4350 len 0001BCB0 (111 KiB): D/IRAM[0m
[0;32mI (512) heap_init: At 40095890 len 0000A770 (41 KiB): IRAM[0m
[0;32mI (520) spi_flash: detected chip: generic[0m
[0;32mI (523) spi_flash: flash io: dio[0m
[0;33mW (527) spi_flash: Detected size(4096k) larger than the size in the binary image header(2048k). Using the size in the binary image header.[0m
[0;32mI (541) app_start: Starting scheduler on CPU0[0m
[0;32mI (545) app_start: Starting scheduler on CPU1[0m
[0;32mI (545) main_task: Started on CPU0[0m
[0;32mI (555) main_task: Calling app_main()[0m
[0;33mW (555) wifi:wifi osi_nvs_open fail ret=4353[0m

[0;33mW (555) wifi_init: Failed to unregister Rx callbacks[0m
[0;31mE (565) wifi_init: Failed to deinit Wi-Fi driver (0x3001)[0m
[0;31mE (565) wifi_init: Failed to deinit Wi-Fi (0x3001)[0m
ESP_ERROR_CHECK failed: esp_err_t 0x1101 (ESP_ERR_NVS_NOT_INITIALIZED) at 0x400d5f81
file: "../components/app_wifi/app_wifi.c" line 29
func: init_wifi
expression: esp_wifi_init(&cfg)

abort() was called at PC 0x400889f7 on core 0


Backtrace: 0x4008192a:0x3ffb9b70 0x40088a01:0x3ffb9b90 0x4008fb76:0x3ffb9bb0 0x400889f7:0x3ffb9c20 0x400d5f81:0x3ffb9c50 0x400d5e6b:0x3ffb9e30 0x4014e0df:0x3ffb9e50 0x4008b45d:0x3ffb9e80




ELF file SHA256: 35dd258b3d3aee9d

Rebooting...
ets Jun  8 2016 00:22:57

rst:0xc (SW_CPU_RESET),boot:0x13 (SPI_FAST_FLASH_BOOT)
configsip: 0, SPIWP:0xee
clk_drv:0x00,q_drv:0x00,d_drv:0x00,cs0_drv:0x00,hd_drv:0x00,wp_drv:0x00
mode:DIO, clock div:2
load:0x3fff0030,len:7132
ho 0 tail 12 room 4
load:0x40078000,len:15624
ho 0 tail 12 room 4
load:0x40080400,len:4
load:0x40080404,len:3876
entry 0x4008064c
[0;32mI (32) boot: ESP-IDF v5.1.4-52-g978d574e5e-dirty 2nd stage bootloader[0m
[0;32mI (32) boot: compile time Feb 23 2025 00:00:49[0m
[0;32mI (35) boot: Multicore bootloader[0m
[0;32mI (39) boot: chip revision: v1.0[0m
[0;32mI (43) boot.esp32: SPI Speed      : 40MHz[0m
[0;32mI (47) boot.esp32: SPI Mode       : DIO[0m
[0;32mI (52) boot.esp32: SPI Flash Size : 2MB[0m
[0;32mI (56) boot: Enabling RNG early entropy source...[0m
[0;32mI (62) boot: Partition Table:[0m
[0;32mI (65) boot: ## Label            Usage          Type ST Offset   Length[0m
[0;32mI (73) boot:  0 nvs              WiFi data        01 02 00009000 00006000[0m
[0;32mI (80) boot:  1 phy_init         RF data          01 01 0000f000 00001000[0m
[0;32mI (88) boot:  2 factory          factory app      00 00 00010000 00100000[0m
[0;32mI (95) boot: End of partition table[0m
[0;32mI (99) esp_image: segment 0: paddr=00010020 vaddr=3f400020 size=1f478h (128120) map[0m
[0;32mI (154) esp_image: segment 1: paddr=0002f4a0 vaddr=3ffb0000 size=00b78h (  2936) load[0m
[0;32mI (155) esp_image: segment 2: paddr=00030020 vaddr=400d0020 size=80254h (524884) map[0m
[0;32mI (349) esp_image: segment 3: paddr=000b027c vaddr=3ffb0b78 size=02f4ch ( 12108) load[0m
[0;32mI (354) esp_image: segment 4: paddr=000b31d0 vaddr=40080000 size=15890h ( 88208) load[0m
[0;32mI (403) boot: Loaded app from partition at offset 0x10000[0m
[0;32mI (403) boot: Disabling RNG early entropy source...[0m
[0;32mI (414) cpu_start: Multicore app[0m
[0;32mI (414) cpu_start: Pro cpu up.[0m
[0;32mI (415) cpu_start: Starting app cpu, entry point is 0x400812c4[0m
[0;32mI (401) cpu_start: App cpu up.[0m
[0;32mI (433) cpu_start: Pro cpu start user code[0m
[0;32mI (433) cpu_start: cpu freq: 160000000 Hz[0m
[0;32mI (433) cpu_start: Application information:[0m
[0;32mI (437) cpu_start: Project name:     vinfast[0m
[0;32mI (442) cpu_start: App version:      1[0m
[0;32mI (447) cpu_start: Compile time:     Feb 23 2025 00:00:39[0m
[0;32mI (453) cpu_start: ELF file SHA256:  35dd258b3d3aee9d...[0m
[0;32mI (459) cpu_start: ESP-IDF:          v5.1.4-52-g978d574e5e-dirty[0m
[0;32mI (465) cpu_start: Min chip rev:     v0.0[0m
[0;32mI (470) cpu_start: Max chip rev:     v3.99 [0m
[0;32mI (475) cpu_start: Chip rev:         v1.0[0m
[0;32mI (480) heap_init: Initializing. RAM available for dynamic allocation:[0m
[0;32mI (487) heap_init: At 3FFAE6E0 len 00001920 (6 KiB): DRAM[0m
[0;32mI (493) heap_init: At 3FFB7B50 len 000284B0 (161 KiB): DRAM[0m
[0;32mI (499) heap_init: At 3FFE0440 len 00003AE0 (14 KiB): D/IRAM[0m
[0;32mI (506) heap_init: At 3FFE4350 len 0001BCB0 (111 KiB): D/IRAM[0m
[0;32mI (512) heap_init: At 40095890 len 0000A770 (41 KiB): IRAM[0m
[0;32mI (520) spi_flash: detected chip: generic[0m
[0;32mI (523) spi_flash: flash io: dio[0m
[0;33mW (527) spi_flash: Detected size(4096k) larger than the size in the binary image header(2048k). Using the size in the binary image header.[0m
[0;32mI (541) app_start: Starting scheduler on CPU0[0m
[0;32mI (545) app_start: Starting scheduler on CPU1[0m
[0;32mI (545) main_task: Started on CPU0[0m
[0;32mI (555) main_task: Calling app_main()[0m
[0;33mW (555) wifi:wifi osi_nvs_open fail ret=4353[0m

[0;33mW (555) wifi_init: Failed to unregister Rx callbacks[0m
[0;31mE (565) wifi_init: Failed to deinit Wi-Fi driver (0x3001)[0m
[0;31mE (565) wifi_init: Failed to deinit Wi-Fi (0x3001)[0m
ESP_ERROR_CHECK failed: esp_err_t 0x1101 (ESP_ERR_NVS_NOT_INITIALIZED) at 0x400d5f81
file: "../components/app_wifi/app_wifi.c" line 29
func: init_wifi
expression: esp_wifi_init(&cfg)

abort() was called at PC 0x400889f7 on core 0


Backtrace: 0x4008192a:0x3ffb9b70 0x40088a01:0x3ffb9b90 0x4008fb76:0x3ffb9bb0 0x400889f7:0x3ffb9c20 0x400d5f81:0x3ffb9c50 0x400d5e6b:0x3ffb9e30 0x4014e0df:0x3ffb9e50 0x4008b45d:0x3ffb9e80




ELF file SHA256: 35dd258b3d3aee9d

Rebooting...
ets Jun  8 2016 00:22:57

rst:0xc (SW_CPU_RESET),boot:0x13 (SPI_FAST_FLASH_BOOT)
configsip: 0, SPIWP:0xee
clk_drv:0x00,q_drv:0x00,d_drv:0x00,cs0_drv:0x00,hd_drv:0x00,wp_drv:0x00
mode:DIO, clock div:2
load:0x3fff0030,len:7132
ho 0 tail 12 room 4
load:0x40078000,len:15624
ho 0 tail 12 room 4
load:0x40080400,len:4
load:0x40080404,len:3876
entry 0x4008064c
[0;32mI (32) boot: ESP-IDF v5.1.4-52-g978d574e5e-dirty 2nd stage bootloader[0m
[0;32mI (32) boot: compile time Feb 23 2025 00:00:49[0m
[0;32mI (35) boot: Multicore bootloader[0m
[0;32mI (39) boot: chip revision: v1.0[0m
[0;32mI (43) boot.esp32: SPI Speed      : 40MHz[0m
[0;32mI (47) boot.esp32: SPI Mode       : DIO[0m
[0;32mI (52) boot.esp32: SPI Flash Size : 2MB[0m
[0;32mI (56) boot: Enabling RNG early entropy source...[0m
[0;32mI (62) boot: Partition Table:[0m
[0;32mI (65) boot: ## Label            Usage          Type ST Offset   Length[0m
[0;32mI (73) boot:  0 nvs              WiFi data        01 02 00009000 00006000[0m
[0;32mI (80) boot:  1 phy_init         RF data          01 01 0000f000 00001000[0m
[0;32mI (88) boot:  2 factory          factory app      00 00 00010000 00100000[0m
[0;32mI (95) boot: End of partition table[0m
[0;32mI (99) esp_image: segment 0: paddr=00010020 vaddr=3f400020 size=1f478h (128120) map[0m
[0;32mI (154) esp_image: segment 1: paddr=0002f4a0 vaddr=3ffb0000 size=00b78h (  2936) load[0m
[0;32mI (155) esp_image: segment 2: paddr=00030020 vaddr=400d0020 size=80254h (524884) map[0m
[0;32mI (349) esp_image: segment 3: paddr=000b027c vaddr=3ffb0b78 size=02f4ch ( 12108) load[0m
[0;32mI (354) esp_image: segment 4: paddr=000b31d0 vaddr=40080000 size=15890h ( 88208) load[0m
[0;32mI (403) boot: Loaded app from partition at offset 0x10000[0m
[0;32mI (403) boot: Disabling RNG early entropy source...[0m
[0;32mI (414) cpu_start: Multicore app[0m
[0;32mI (414) cpu_start: Pro cpu up.[0m
[0;32mI (415) cpu_start: Starting app cpu, entry point is 0x400812c4[0m
[0;32mI (401) cpu_start: App cpu up.[0m
[0;32mI (433) cpu_start: Pro cpu start user code[0m
[0;32mI (433) cpu_start: cpu freq: 160000000 Hz[0m
[0;32mI (433) cpu_start: Application information:[0m
[0;32mI (437) cpu_start: Project name:     vinfast[0m
[0;32mI (442) cpu_start: App version:      1[0m
[0;32mI (447) cpu_start: Compile time:     Feb 23 2025 00:00:39[0m
[0;32mI (453) cpu_start: ELF file SHA256:  35dd258b3d3aee9d...[0m
[0;32mI (459) cpu_start: ESP-IDF:          v5.1.4-52-g978d574e5e-dirty[0m
[0;32mI (465) cpu_start: Min chip rev:     v0.0[0m
[0;32mI (470) cpu_start: Max chip rev:     v3.99 [0m
[0;32mI (475) cpu_start: Chip rev:         v1.0[0m
[0;32mI (480) heap_init: Initializing. RAM available for dynamic allocation:[0m
[0;32mI (487) heap_init: At 3FFAE6E0 len 00001920 (6 KiB): DRAM[0m
[0;32mI (493) heap_init: At 3FFB7B50 len 000284B0 (161 KiB): DRAM[0m
[0;32mI (499) heap_init: At 3FFE0440 len 00003AE0 (14 KiB): D/IRAM[0m
[0;32mI (506) heap_init: At 3FFE4350 len 0001BCB0 (111 KiB): D/IRAM[0m
[0;32mI (512) heap_init: At 40095890 len 0000A770 (41 KiB): IRAM[0m
[0;32mI (520) spi_flash: detected chip: generic[0m
[0;32mI (523) spi_flash: flash io: dio[0m
[0;33mW (527) spi_flash: Detected size(4096k) larger than the size in the binary image header(2048k). Using the size in the binary image header.[0m
[0;32mI (541) app_start: Starting scheduler on CPU0[0m
[0;32mI (545) app_start: Starting scheduler on CPU1[0m
[0;32mI (545) main_task: Started on CPU0[0m
[0;32mI (555) main_task: Calling app_main()[0m
[0;33mW (555) wifi:wifi osi_nvs_open fail ret=4353[0m

[0;33mW (555) wifi_init: Failed to unregister Rx callbacks[0m
[0;31mE (565) wifi_init: Failed to deinit Wi-Fi driver (0x3001)[0m
[0;31mE (565) wifi_init: Failed to deinit Wi-Fi (0x3001)[0m
ESP_ERROR_CHECK failed: esp_err_t 0x1101 (ESP_ERR_NVS_NOT_INITIALIZED) at 0x400d5f81
file: "../components/app_wifi/app_wifi.c" line 29
func: init_wifi
expression: esp_wifi_init(&cfg)

abort() was called at PC 0x400889f7 on core 0


Backtrace: 0x4008192a:0x3ffb9b70 0x40088a01:0x3ffb9b90 0x4008fb76:0x3ffb9bb0 0x400889f7:0x3ffb9c20 0x400d5f81:0x3ffb9c50 0x400d5e6b:0x3ffb9e30 0x4014e0df:0x3ffb9e50 0x4008b45d:0x3ffb9e80




ELF file SHA256: 35dd258b3d3aee9d

Rebooting...
ets Jun  8 2016 00:22:57

rst:0xc (SW_CPU_RESET),boot:0x13 (SPI_FAST_FLASH_BOOT)
configsip: 0, SPIWP:0xee
clk_drv:0x00,q_drv:0x00,d_drv:0x00,cs0_drv:0x00,hd_drv:0x00,wp_drv:0x00
mode:DIO, clock div:2
load:0x3fff0030,len:7132
ho 0 tail 12 room 4
load:0x40078000,len:15624
ho 0 tail 12 room 4
load:0x40080400,len:4
load:0x40080404,len:3876
entry 0x4008064c
[0;32mI (32) boot: ESP-IDF v5.1.4-52-g978d574e5e-dirty 2nd stage bootloader[0m
[0;32mI (32) boot: compile time Feb 23 2025 00:00:49[0m
[0;32mI (35) boot: Multicore bootloader[0m
[0;32mI (39) boot: chip revision: v1.0[0m
[0;32mI (43) boot.esp32: SPI Speed      : 40MHz[0m
[0;32mI (47) boot.esp32: SPI Mode       : DIO[0m
[0;32mI (52) boot.esp32: SPI Flash Size : 2MB[0m
[0;32mI (56) boot: Enabling RNG early entropy source...[0m
[0;32mI (62) boot: Partition Table:[0m
[0;32mI (65) boot: ## Label            Usage          Type ST Offset   Length[0m
[0;32mI (73) boot:  0 nvs              WiFi data        01 02 00009000 00006000[0m
[0;32mI (80) boot:  1 phy_init         RF data          01 01 0000f000 00001000[0m
[0;32mI (88) boot:  2 factory          factory app      00 00 00010000 00100000[0m
[0;32mI (95) boot: End of partition table[0m
[0;32mI (99) esp_image: segment 0: paddr=00010020 vaddr=3f400020 size=1f478h (128120) map[0m
[0;32mI (154) esp_image: segment 1: paddr=0002f4a0 vaddr=3ffb0000 size=00b78h (  2936) load[0m
[0;32mI (155) esp_image: segment 2: paddr=00030020 vaddr=400d0020 size=80254h (524884) map[0m
[0;32mI (349) esp_image: segment 3: paddr=000b027c vaddr=3ffb0b78 size=02f4ch ( 12108) load[0m
[0;32mI (354) esp_image: segment 4: paddr=000b31d0 vaddr=40080000 size=15890h ( 88208) load[0m
[0;32mI (403) boot: Loaded app from partition at offset 0x10000[0m
[0;32mI (403) boot: Disabling RNG early entropy source...[0m
[0;32mI (414) cpu_start: Multicore app[0m
[0;32mI (414) cpu_start: Pro cpu up.[0m
[0;32mI (415) cpu_start: Starting app cpu, entry point is 0x400812c4[0m
[0;32mI (401) cpu_start: App cpu up.[0m
[0;32mI (433) cpu_start: Pro cpu start user code[0m
[0;32mI (433) cpu_start: cpu freq: 160000000 Hz[0m
[0;32mI (433) cpu_start: Application information:[0m
[0;32mI (437) cpu_start: Project name:     vinfast[0m
[0;32mI (442) cpu_start: App version:      1[0m
[0;32mI (447) cpu_start: Compile time:     Feb 23 2025 00:00:39[0m
[0;32mI (453) cpu_start: ELF file SHA256:  35dd258b3d3aee9d...[0m
[0;32mI (459) cpu_start: ESP-IDF:          v5.1.4-52-g978d574e5e-dirty[0m
[0;32mI (465) cpu_start: Min chip rev:     v0.0[0m
[0;32mI (470) cpu_start: Max chip rev:     v3.99 [0m
[0;32mI (475) cpu_start: Chip rev:         v1.0[0m
[0;32mI (480) heap_init: Initializing. RAM available for dynamic allocation:[0m
[0;32mI (487) heap_init: At 3FFAE6E0 len 00001920 (6 KiB): DRAM[0m
[0;32mI (493) heap_init: At 3FFB7B50 len 000284B0 (161 KiB): DRAM[0m
[0;32mI (499) heap_init: At 3FFE0440 len 00003AE0 (14 KiB): D/IRAM[0m
[0;32mI (506) heap_init: At 3FFE4350 len 0001BCB0 (111 KiB): D/IRAM[0m
[0;32mI (512) heap_init: At 40095890 len 0000A770 (41 KiB): IRAM[0m
[0;32mI (520) spi_flash: detected chip: generic[0m
[0;32mI (523) spi_flash: flash io: dio[0m
[0;33mW (527) spi_flash: Detected size(4096k) larger than the size in the binary image header(2048k). Using the size in the binary image header.[0m
[0;32mI (541) app_start: Starting scheduler on CPU0[0m
[0;32mI (545) app_start: Starting scheduler on CPU1[0m
[0;32mI (545) main_task: Started on CPU0[0m
[0;32mI (555) main_task: Calling app_main()[0m
[0;33mW (555) wifi:wifi osi_nvs_open fail ret=4353[0m

[0;33mW (555) wifi_init: Failed to unregister Rx callbacks[0m
[0;31mE (565) wifi_init: Failed to deinit Wi-Fi driver (0x3001)[0m
[0;31mE (565) wifi_init: Failed to deinit Wi-Fi (0x3001)[0m
ESP_ERROR_CHECK failed: esp_err_t 0x1101 (ESP_ERR_NVS_NOT_INITIALIZED) at 0x400d5f81
file: "../components/app_wifi/app_wifi.c" line 29
func: init_wifi
expression: esp_wifi_init(&cfg)

abort() was called at PC 0x400889f7 on core 0


Backtrace: 0x4008192a:0x3ffb9b70 0x40088a01:0x3ffb9b90 0x4008fb76:0x3ffb9bb0 0x400889f7:0x3ffb9c20 0x400d5f81:0x3ffb9c50 0x400d5e6b:0x3ffb9e30 0x4014e0df:0x3ffb9e50 0x4008b45d:0x3ffb9e80




ELF file SHA256: 35dd258b3d3aee9d

Rebooting...
ets Jun  8 2016 00:22:57

rst:0xc (SW_CPU_RESET),boot:0x13 (SPI_FAST_FLASH_BOOT)
configsip: 0, SPIWP:0xee
clk_drv:0x00,q_drv:0x00,d_drv:0x00,cs0_drv:0x00,hd_drv:0x00,wp_drv:0x00
mode:DIO, clock div:2
load:0x3fff0030,len:7132
ho 0 tail 12 room 4
load:0x40078000,len:15624
ho 0 tail 12 room 4
load:0x40080400,len:4
load:0x40080404,len:3876
entry 0x4008064c
[0;32mI (32) boot: ESP-IDF v5.1.4-52-g978d574e5e-dirty 2nd stage bootloader[0m
[0;32mI (32) boot: compile time Feb 23 2025 00:00:49[0m
[0;32mI (35) boot: Multicore bootloader[0m
[0;32mI (39) boot: chip revision: v1.0[0m
[0;32mI (43) boot.esp32: SPI Speed      : 40MHz[0m
[0;32mI (47) boot.esp32: SPI Mode       : DIO[0m
[0;32mI (52) boot.esp32: SPI Flash Size : 2MB[0m
[0;32mI (56) boot: Enabling RNG early entropy source...[0m
[0;32mI (62) boot: Partition Table:[0m
[0;32mI (65) boot: ## Label            Usage          Type ST Offset   Length[0m
[0;32mI (73) boot:  0 nvs              WiFi data        01 02 00009000 00006000[0m
[0;32mI (80) boot:  1 phy_init         RF data          01 01 0000f000 00001000[0m
[0;32mI (88) boot:  2 factory          factory app      00 00 00010000 00100000[0m
[0;32mI (95) boot: End of partition table[0m
[0;32mI (99) esp_image: segment 0: paddr=00010020 vaddr=3f400020 size=1f478h (128120) map[0m
[0;32mI (154) esp_image: segment 1: paddr=0002f4a0 vaddr=3ffb0000 size=00b78h (  2936) load[0m
[0;32mI (155) esp_image: segment 2: paddr=00030020 vaddr=400d0020 size=80254h (524884) map[0m
[0;32mI (349) esp_image: segment 3: paddr=000b027c vaddr=3ffb0b78 size=02f4ch ( 12108) load[0m
[0;32mI (354) esp_image: segment 4: paddr=000b31d0 vaddr=40080000 size=15890h ( 88208) load[0m
[0;32mI (403) boot: Loaded app from partition at offset 0x10000[0m
[0;32mI (403) boot: Disabling RNG early entropy source...[0m
[0;32mI (414) cpu_start: Multicore app[0m
[0;32mI (414) cpu_start: Pro cpu up.[0m
[0;32mI (415) cpu_start: Starting app cpu, entry point is 0x400812c4[0m
[0;32mI (401) cpu_start: App cpu up.[0m
[0;32mI (433) cpu_start: Pro cpu start user code[0m
[0;32mI (433) cpu_start: cpu freq: 160000000 Hz[0m
[0;32mI (433) cpu_start: Application information:[0m
[0;32mI (437) cpu_start: Project name:     vinfast[0m
[0;32mI (442) cpu_start: App version:      1[0m
[0;32mI (447) cpu_start: Compile time:     Feb 23 2025 00:00:39[0m
[0;32mI (453) cpu_start: ELF file SHA256:  35dd258b3d3aee9d...[0m
[0;32mI (459) cpu_start: ESP-IDF:          v5.1.4-52-g978d574e5e-dirty[0m
[0;32mI (465) cpu_start: Min chip rev:     v0.0[0m
[0;32mI (470) cpu_start: Max chip rev:     v3.99 [0m
[0;32mI (475) cpu_start: Chip rev:         v1.0[0m
[0;32mI (480) heap_init: Initializing. RAM available for dynamic allocation:[0m
[0;32mI (487) heap_init: At 3FFAE6E0 len 00001920 (6 KiB): DRAM[0m
[0;32mI (493) heap_init: At 3FFB7B50 len 000284B0 (161 KiB): DRAM[0m
[0;32mI (499) heap_init: At 3FFE0440 len 00003AE0 (14 KiB): D/IRAM[0m
[0;32mI (506) heap_init: At 3FFE4350 len 0001BCB0 (111 KiB): D/IRAM[0m
[0;32mI (512) heap_init: At 40095890 len 0000A770 (41 KiB): IRAM[0m
[0;32mI (520) spi_flash: detected chip: generic[0m
[0;32mI (523) spi_flash: flash io: dio[0m
[0;33mW (527) spi_flash: Detected size(4096k) larger than the size in the binary image header(2048k). Using the size in the binary image header.[0m
[0;32mI (541) app_start: Starting scheduler on CPU0[0m
[0;32mI (545) app_start: Starting scheduler on CPU1[0m
[0;32mI (545) main_task: Started on CPU0[0m
[0;32mI (555) main_task: Calling app_main()[0m
[0;33mW (555) wifi:wifi osi_nvs_open fail ret=4353[0m

[0;33mW (555) wifi_init: Failed to unregister Rx callbacks[0m
[0;31mE (565) wifi_init: Failed to deinit Wi-Fi driver (0x3001)[0m
[0;31mE (565) wifi_init: Failed to deinit Wi-Fi (0x3001)[0m
ESP_ERROR_CHECK failed: esp_err_t 0x1101 (ESP_ERR_NVS_NOT_INITIALIZED) at 0x400d5f81
file: "../components/app_wifi/app_wifi.c" line 29
func: init_wifi
expression: esp_wifi_init(&cfg)

abort() was called at PC 0x400889f7 on core 0


Backtrace: 0x4008192a:0x3ffb9b70 0x40088a01:0x3ffb9b90 0x4008fb76:0x3ffb9bb0 0x400889f7:0x3ffb9c20 0x400d5f81:0x3ffb9c50 0x400d5e6b:0x3ffb9e30 0x4014e0df:0x3ffb9e50 0x4008b45d:0x3ffb9e80




ELF file SHA256: 35dd258b3d3aee9d

Rebooting...
ets Jun  8 2016 00:22:57

rst:0xc (SW_CPU_RESET),boot:0x13 (SPI_FAST_FLASH_BOOT)
configsip: 0, SPIWP:0xee
clk_drv:0x00,q_drv:0x00,d_drv:0x00,cs0_drv:0x00,hd_drv:0x00,wp_drv:0x00
mode:DIO, clock div:2
load:0x3fff0030,len:7132
ho 0 tail 12 room 4
load:0x40078000,len:15624
ho 0 tail 12 room 4
load:0x40080400,len:4
load:0x40080404,len:3876
entry 0x4008064c
[0;32mI (32) boot: ESP-IDF v5.1.4-52-g978d574e5e-dirty 2nd stage bootloader[0m
[0;32mI (32) boot: compile time Feb 23 2025 00:00:49[0m
[0;32mI (35) boot: Multicore bootloader[0m
[0;32mI (39) boot: chip revision: v1.0[0m
[0;32mI (43) boot.esp32: SPI Speed      : 40MHz[0m
[0;32mI (47) boot.esp32: SPI Mode       : DIO[0m
[0;32mI (52) boot.esp32: SPI Flash Size : 2MB[0m
[0;32mI (56) boot: Enabling RNG early entropy source...[0m
[0;32mI (62) boot: Partition Table:[0m
[0;32mI (65) boot: ## Label            Usage          Type ST Offset   Length[0m
[0;32mI (73) boot:  0 nvs              WiFi data        01 02 00009000 00006000[0m
[0;32mI (80) boot:  1 phy_init         RF data          01 01 0000f000 00001000[0m
[0;32mI (88) boot:  2 factory          factory app      00 00 00010000 00100000[0m
[0;32mI (95) boot: End of partition table[0m
[0;32mI (99) esp_image: segment 0: paddr=00010020 vaddr=3f400020 size=1f478h (128120) map[0m
[0;32mI (154) esp_image: segment 1: paddr=0002f4a0 vaddr=3ffb0000 size=00b78h (  2936) load[0m
[0;32mI (155) esp_image: segment 2: paddr=00030020 vaddr=400d0020 size=80254h (524884) map[0m
[0;32mI (349) esp_image: segment 3: paddr=000b027c vaddr=3ffb0b78 size=02f4ch ( 12108) load[0m
[0;32mI (354) esp_image: segment 4: paddr=000b31d0 vaddr=40080000 size=15890h ( 88208) load[0m
[0;32mI (403) boot: Loaded app from partition at offset 0x10000[0m
[0;32mI (403) boot: Disabling RNG early entropy source...[0m
[0;32mI (414) cpu_start: Multicore app[0m
[0;32mI (414) cpu_start: Pro cpu up.[0m
[0;32mI (415) cpu_start: Starting app cpu, entry point is 0x400812c4[0m
[0;32mI (401) cpu_start: App cpu up.[0m
[0;32mI (433) cpu_start: Pro cpu start user code[0m
[0;32mI (433) cpu_start: cpu freq: 160000000 Hz[0m
[0;32mI (433) cpu_start: Application information:[0m
[0;32mI (437) cpu_start: Project name:     vinfast[0m
[0;32mI (442) cpu_start: App version:      1[0m
[0;32mI (447) cpu_start: Compile time:     Feb 23 2025 00:00:39[0m
[0;32mI (453) cpu_start: ELF file SHA256:  35dd258b3d3aee9d...[0m
[0;32mI (459) cpu_start: ESP-IDF:          v5.1.4-52-g978d574e5e-dirty[0m
[0;32mI (465) cpu_start: Min chip rev:     v0.0[0m
[0;32mI (470) cpu_start: Max chip rev:     v3.99 [0m
[0;32mI (475) cpu_start: Chip rev:         v1.0[0m
[0;32mI (480) heap_init: Initializing. RAM available for dynamic allocation:[0m
[0;32mI (487) heap_init: At 3FFAE6E0 len 00001920 (6 KiB): DRAM[0m
[0;32mI (493) heap_init: At 3FFB7B50 len 000284B0 (161 KiB): DRAM[0m
[0;32mI (499) heap_init: At 3FFE0440 len 00003AE0 (14 KiB): D/IRAM[0m
[0;32mI (506) heap_init: At 3FFE4350 len 0001BCB0 (111 KiB): D/IRAM[0m
[0;32mI (512) heap_init: At 40095890 len 0000A770 (41 KiB): IRAM[0m
[0;32mI (520) spi_flash: detected chip: generic[0m
[0;32mI (523) spi_flash: flash io: dio[0m
[0;33mW (527) spi_flash: Detected size(4096k) larger than the size in the binary image header(2048k). Using the size in the binary image header.[0m
[0;32mI (541) app_start: Starting scheduler on CPU0[0m
[0;32mI (545) app_start: Starting scheduler on CPU1[0m
[0;32mI (545) main_task: Started on CPU0[0m
