ets Jul 29 2019 12:21:46

rst:0x1 (POWERON_RESET),boot:0x1b (SPI_FAST_FLASH_BOOT)
configsip: 0, SPIWP:0xee
clk_drv:0x00,q_drv:0x00,d_drv:0x00,cs0_drv:0x00,hd_drv:0x00,wp_drv:0x00
mode:DIO, clock div:2
load:0x3fff0030,len:7132
ho 0 tail 12 room 4
load:0x40078000,len:15624
ho 0 tail 12 room 4
load:0x40080400,len:4
load:0x40080404,len:3876
entry 0x4008064c
[0;32mI (33) boot: ESP-IDF v5.1.4-52-g978d574e5e-dirty 2nd stage bootloader[0m
[0;32mI (33) boot: compile time May  7 2025 11:13:25[0m
[0;32mI (35) boot: Multicore bootloader[0m
[0;32mI (39) boot: chip revision: v3.1[0m
[0;32mI (43) boot.esp32: SPI Speed      : 40MHz[0m
[0;32mI (47) boot.esp32: SPI Mode       : DIO[0m
[0;32mI (52) boot.esp32: SPI Flash Size : 2MB[0m
[0;32mI (57) boot: Enabling RNG early entropy source...[0m
[0;32mI (62) boot: Partition Table:[0m
[0;32mI (66) boot: ## Label            Usage          Type ST Offset   Length[0m
[0;32mI (73) boot:  0 nvs              WiFi data        01 02 00009000 00006000[0m
[0;32mI (80) boot:  1 phy_init         RF data          01 01 0000f000 00001000[0m
[0;32mI (88) boot:  2 factory          factory app      00 00 00010000 00100000[0m
[0;32mI (95) boot: End of partition table[0m
[0;32mI (99) esp_image: segment 0: paddr=00010020 vaddr=3f400020 size=264e8h (156904) map[0m
[0;32mI (165) esp_image: segment 1: paddr=00036510 vaddr=3ff80063 size=00008h (     8) load[0m
[0;32mI (165) esp_image: segment 2: paddr=00036520 vaddr=3ffb0000 size=03cdch ( 15580) load[0m
[0;32mI (177) esp_image: segment 3: paddr=0003a204 vaddr=40080000 size=05e14h ( 24084) load[0m
[0;32mI (189) esp_image: segment 4: paddr=00040020 vaddr=400d0020 size=a6168h (680296) map[0m
[0;32mI (435) esp_image: segment 5: paddr=000e6190 vaddr=40085e14 size=11594h ( 71060) load[0m
[0;32mI (464) esp_image: segment 6: paddr=000f772c vaddr=400c0000 size=00064h (   100) load[0m
[0;32mI (477) boot: Loaded app from partition at offset 0x10000[0m
[0;32mI (477) boot: Disabling RNG early entropy source...[0m
[0;32mI (488) cpu_start: Multicore app[0m
[0;32mI (489) cpu_start: Pro cpu up.[0m
[0;32mI (489) cpu_start: Starting app cpu, entry point is 0x4008151c[0m
[0;32mI (0) cpu_start: App cpu up.[0m
[0;32mI (506) cpu_start: Pro cpu start user code[0m
[0;32mI (506) cpu_start: cpu freq: 160000000 Hz[0m
[0;32mI (507) cpu_start: Application information:[0m
[0;32mI (511) cpu_start: Project name:     vinfast[0m
[0;32mI (516) cpu_start: App version:      0105f49-dirty[0m
[0;32mI (522) cpu_start: Compile time:     May  7 2025 11:13:14[0m
[0;32mI (528) cpu_start: ELF file SHA256:  003fcf13a78e4f27...[0m
[0;32mI (534) cpu_start: ESP-IDF:          v5.1.4-52-g978d574e5e-dirty[0m
[0;32mI (540) cpu_start: Min chip rev:     v0.0[0m
[0;32mI (545) cpu_start: Max chip rev:     v3.99 [0m
[0;32mI (550) cpu_start: Chip rev:         v3.1[0m
[0;32mI (555) heap_init: Initializing. RAM available for dynamic allocation:[0m
[0;32mI (562) heap_init: At 3FFAE6E0 len 00001920 (6 KiB): DRAM[0m
[0;32mI (568) heap_init: At 3FFB83F0 len 00027C10 (159 KiB): DRAM[0m
[0;32mI (574) heap_init: At 3FFE0440 len 00003AE0 (14 KiB): D/IRAM[0m
[0;32mI (580) heap_init: At 3FFE4350 len 0001BCB0 (111 KiB): D/IRAM[0m
[0;32mI (587) heap_init: At 400973A8 len 00008C58 (35 KiB): IRAM[0m
[0;32mI (595) spi_flash: detected chip: generic[0m
[0;32mI (598) spi_flash: flash io: dio[0m
[0;33mW (602) spi_flash: Detected size(4096k) larger than the size in the binary image header(2048k). Using the size in the binary image header.[0m
[0;32mI (616) app_start: Starting scheduler on CPU0[0m
[0;32mI (620) app_start: Starting scheduler on CPU1[0m
[0;32mI (620) main_task: Started on CPU0[0m
[0;32mI (630) main_task: Calling app_main()[0m
[0;32mI (630) gpio: GPIO[0]| InputEn: 1| OutputEn: 0| OpenDrain: 0| Pullup: 1| Pulldown: 0| Intr:2 [0m
[0;32mI (640) gpio: GPIO[2]| InputEn: 0| OutputEn: 1| OpenDrain: 0| Pullup: 0| Pulldown: 1| Intr:0 [0m
 FLag resetb
[0;32mI (680) wifi:wifi driver task: 3ffc5408, prio:23, stack:6656, core=0[0m
[0;32mI (680) wifi:wifi firmware version: 3ce09e5[0m
[0;32mI (680) wifi:wifi certification version: v7.0[0m
[0;32mI (680) wifi:config NVS flash: enabled[0m
[0;32mI (680) wifi:config nano formating: disabled[0m
[0;32mI (690) wifi:Init data frame dynamic rx buffer num: 32[0m
[0;32mI (690) wifi:Init static rx mgmt buffer num: 5[0m
[0;32mI (700) wifi:Init management short buffer num: 32[0m
[0;32mI (700) wifi:Init dynamic tx buffer num: 32[0m
[0;32mI (700) wifi:Init static rx buffer size: 1600[0m
[0;32mI (710) wifi:Init static rx buffer num: 10[0m
[0;32mI (710) wifi:Init dynamic rx buffer num: 32[0m
[0;32mI (720) wifi_init: rx ba win: 6[0m
[0;32mI (720) wifi_init: tcpip mbox: 32[0m
[0;32mI (720) wifi_init: udp mbox: 6[0m
[0;32mI (730) wifi_init: tcp mbox: 6[0m
[0;32mI (730) wifi_init: tcp tx win: 5760[0m
[0;32mI (730) wifi_init: tcp rx win: 5760[0m
[0;32mI (740) wifi_init: tcp mss: 1440[0m
[0;32mI (740) wifi_init: WiFi IRAM OP enabled[0m
[0;32mI (750) wifi_init: WiFi RX IRAM OP enabled[0m
Guru Meditation Error: Core  0 panic'ed (LoadProhibited). Exception was unhandled.

Core  0 register dump:
PC      : 0x40001650  PS      : 0x00060d30  A0      : 0x800d8061  A1      : 0x3ffba4c0  
A2      : 0x3ffba5c0  A3      : 0x00000000  A4      : 0x00000020  A5      : 0x0000ff00  
A6      : 0x00ff0000  A7      : 0xff000000  A8      : 0x00000000  A9      : 0x3ffba480  
A10     : 0x3ffba5c0  A11     : 0x000000ff  A12     : 0x00000000  A13     : 0x400d7e70  
A14     : 0x00000000  A15     : 0x3ffba5bc  SAR     : 0x0000001c  EXCCAUSE: 0x0000001c  
EXCVADDR: 0x00000000  LBEG    : 0x4000164d  LEND    : 0x40001667  LCOUNT  : 0xffffffff  


Backtrace: 0x4000164d:0x3ffba4c0 0x400d805e:0x3ffba4d0 0x400d7e6b:0x3ffba6c0 0x40173ff3:0x3ffba6f0 0x4008cf79:0x3ffba720




ELF file SHA256: 003fcf13a78e4f27

Rebooting...
ets Jul 29 2019 12:21:46

rst:0xc (SW_CPU_RESET),boot:0x1b (SPI_FAST_FLASH_BOOT)
configsip: 0, SPIWP:0xee
clk_drv:0x00,q_drv:0x00,d_drv:0x00,cs0_drv:0x00,hd_drv:0x00,wp_drv:0x00
mode:DIO, clock div:2
load:0x3fff0030,len:7132
ho 0 tail 12 room 4
load:0x40078000,len:15624
ho 0 tail 12 room 4
load:0x40080400,len:4
load:0x40080404,len:3876
entry 0x4008064c
[0;32mI (32) boot: ESP-IDF v5.1.4-52-g978d574e5e-dirty 2nd stage bootloader[0m
[0;32mI (33) boot: compile time May  7 2025 11:13:25[0m
[0;32mI (35) boot: Multicore bootloader[0m
[0;32mI (39) boot: chip revision: v3.1[0m
[0;32mI (43) boot.esp32: SPI Speed      : 40MHz[0m
[0;32mI (47) boot.esp32: SPI Mode       : DIO[0m
[0;32mI (52) boot.esp32: SPI Flash Size : 2MB[0m
[0;32mI (56) boot: Enabling RNG early entropy source...[0m
[0;32mI (62) boot: Partition Table:[0m
[0;32mI (65) boot: ## Label            Usage          Type ST Offset   Length[0m
[0;32mI (73) boot:  0 nvs              WiFi data        01 02 00009000 00006000[0m
[0;32mI (80) boot:  1 phy_init         RF data          01 01 0000f000 00001000[0m
[0;32mI (88) boot:  2 factory          factory app      00 00 00010000 00100000[0m
[0;32mI (95) boot: End of partition table[0m
[0;32mI (99) esp_image: segment 0: paddr=00010020 vaddr=3f400020 size=264e8h (156904) map[0m
[0;32mI (165) esp_image: segment 1: paddr=00036510 vaddr=3ff80063 size=00008h (     8) load[0m
[0;32mI (165) esp_image: segment 2: paddr=00036520 vaddr=3ffb0000 size=03cdch ( 15580) load[0m
[0;32mI (176) esp_image: segment 3: paddr=0003a204 vaddr=40080000 size=05e14h ( 24084) load[0m
[0;32mI (189) esp_image: segment 4: paddr=00040020 vaddr=400d0020 size=a6168h (680296) map[0m
[0;32mI (435) esp_image: segment 5: paddr=000e6190 vaddr=40085e14 size=11594h ( 71060) load[0m
[0;32mI (464) esp_image: segment 6: paddr=000f772c vaddr=400c0000 size=00064h (   100) load[0m
[0;32mI (476) boot: Loaded app from partition at offset 0x10000[0m
[0;32mI (477) boot: Disabling RNG early entropy source...[0m
[0;32mI (488) cpu_start: Multicore app[0m
[0;32mI (488) cpu_start: Pro cpu up.[0m
[0;32mI (489) cpu_start: Starting app cpu, entry point is 0x4008151c[0m
[0;32mI (475) cpu_start: App cpu up.[0m
[0;32mI (506) cpu_start: Pro cpu start user code[0m
[0;32mI (507) cpu_start: cpu freq: 160000000 Hz[0m
[0;32mI (507) cpu_start: Application information:[0m
[0;32mI (511) cpu_start: Project name:     vinfast[0m
[0;32mI (516) cpu_start: App version:      0105f49-dirty[0m
[0;32mI (522) cpu_start: Compile time:     May  7 2025 11:13:14[0m
[0;32mI (528) cpu_start: ELF file SHA256:  003fcf13a78e4f27...[0m
[0;32mI (534) cpu_start: ESP-IDF:          v5.1.4-52-g978d574e5e-dirty[0m
[0;32mI (540) cpu_start: Min chip rev:     v0.0[0m
[0;32mI (545) cpu_start: Max chip rev:     v3.99 [0m
[0;32mI (550) cpu_start: Chip rev:         v3.1[0m
[0;32mI (555) heap_init: Initializing. RAM available for dynamic allocation:[0m
[0;32mI (562) heap_init: At 3FFAE6E0 len 00001920 (6 KiB): DRAM[0m
[0;32mI (568) heap_init: At 3FFB83F0 len 00027C10 (159 KiB): DRAM[0m
[0;32mI (574) heap_init: At 3FFE0440 len 00003AE0 (14 KiB): D/IRAM[0m
[0;32mI (581) heap_init: At 3FFE4350 len 0001BCB0 (111 KiB): D/IRAM[0m
[0;32mI (587) heap_init: At 400973A8 len 00008C58 (35 KiB): IRAM[0m
[0;32mI (595) spi_flash: detected chip: generic[0m
[0;32mI (598) spi_flash: flash io: dio[0m
[0;33mW (602) spi_flash: Detected size(4096k) larger than the size in the binary image header(2048k). Using the size in the binary image header.[0m
[0;32mI (616) app_start: Starting scheduler on CPU0[0m
[0;32mI (620) app_start: Starting scheduler on CPU1[0m
[0;32mI (620) main_task: Started on CPU0[0m
[0;32mI (630) main_task: Calling app_main()[0m
[0;32mI (630) gpio: GPIO[0]| InputEn: 1| OutputEn: 0| OpenDrain: 0| Pullup: 1| Pulldown: 0| Intr:2 [0m
[0;32mI (640) gpio: GPIO[2]| InputEn: 0| OutputEn: 1| OpenDrain: 0| Pullup: 0| Pulldown: 1| Intr:0 [0m
 FLag resetb
[0;32mI (670) wifi:wifi driver task: 3ffc5428, prio:23, stack:6656, core=0[0m
[0;32mI (670) wifi:wifi firmware version: 3ce09e5[0m
[0;32mI (670) wifi:wifi certification version: v7.0[0m
[0;32mI (670) wifi:config NVS flash: enabled[0m
[0;32mI (670) wifi:config nano formating: disabled[0m
[0;32mI (680) wifi:Init data frame dynamic rx buffer num: 32[0m
[0;32mI (680) wifi:Init static rx mgmt buffer num: 5[0m
[0;32mI (690) wifi:Init management short buffer num: 32[0m
[0;32mI (690) wifi:Init dynamic tx buffer num: 32[0m
[0;32mI (690) wifi:Init static rx buffer size: 1600[0m
[0;32mI (700) wifi:Init static rx buffer num: 10[0m
[0;32mI (700) wifi:Init dynamic rx buffer num: 32[0m
[0;32mI (710) wifi_init: rx ba win: 6[0m
[0;32mI (710) wifi_init: tcpip mbox: 32[0m
[0;32mI (710) wifi_init: udp mbox: 6[0m
[0;32mI (720) wifi_init: tcp mbox: 6[0m
[0;32mI (720) wifi_init: tcp tx win: 5760[0m
[0;32mI (720) wifi_init: tcp rx win: 5760[0m
[0;32mI (730) wifi_init: tcp mss: 1440[0m
[0;32mI (730) wifi_init: WiFi IRAM OP enabled[0m
[0;32mI (740) wifi_init: WiFi RX IRAM OP enabled[0m
Guru Meditation Error: Core  0 panic'ed (LoadProhibited). Exception was unhandled.

Core  0 register dump:
PC      : 0x40001650  PS      : 0x00060d30  A0      : 0x800d8061  A1      : 0x3ffba4c0  
A2      : 0x3ffba5c0  A3      : 0x00000000  A4      : 0x00000020  A5      : 0x0000ff00  
A6      : 0x00ff0000  A7      : 0xff000000  A8      : 0x00000000  A9      : 0x3ffba480  
A10     : 0x3ffba5c0  A11     : 0x000000ff  A12     : 0x00000000  A13     : 0x400d7e70  
A14     : 0x00000000  A15     : 0x3ffba5bc  SAR     : 0x0000001c  EXCCAUSE: 0x0000001c  
EXCVADDR: 0x00000000  LBEG    : 0x4000164d  LEND    : 0x40001667  LCOUNT  : 0xffffffff  


Backtrace: 0x4000164d:0x3ffba4c0 0x400d805e:0x3ffba4d0 0x400d7e6b:0x3ffba6c0 0x40173ff3:0x3ffba6f0 0x4008cf79:0x3ffba720




ELF file SHA256: 003fcf13a78e4f27

Rebooting...
ets Jul 29 2019 12:21:46

rst:0xc (SW_CPU_RESET),boot:0x1b (SPI_FAST_FLASH_BOOT)
configsip: 0, SPIWP:0xee
clk_drv:0x00,q_drv:0x00,d_drv:0x00,cs0_drv:0x00,hd_drv:0x00,wp_drv:0x00
mode:DIO, clock div:2
load:0x3fff0030,len:7132
ho 0 tail 12 room 4
load:0x40078000,len:15624
ho 0 tail 12 room 4
load:0x40080400,len:4
load:0x40080404,len:3876
entry 0x4008064c
[0;32mI (32) boot: ESP-IDF v5.1.4-52-g978d574e5e-dirty 2nd stage bootloader[0m
[0;32mI (33) boot: compile time May  7 2025 11:13:25[0m
[0;32mI (35) boot: Multicore bootloader[0m
[0;32mI (39) boot: chip revision: v3.1[0m
[0;32mI (43) boot.esp32: SPI Speed      : 40MHz[0m
[0;32mI (47) boot.esp32: SPI Mode       : DIO[0m
[0;32mI (52) boot.esp32: SPI Flash Size : 2MB[0m
[0;32mI (56) boot: Enabling RNG early entropy source...[0m
[0;32mI (62) boot: Partition Table:[0m
[0;32mI (65) boot: ## Label            Usage          Type ST Offset   Length[0m
[0;32mI (73) boot:  0 nvs              WiFi data        01 02 00009000 00006000[0m
[0;32mI (80) boot:  1 phy_init         RF data          01 01 0000f000 00001000[0m
[0;32mI (88) boot:  2 factory          factory app      00 00 00010000 00100000[0m
[0;32mI (95) boot: End of partition table[0m
[0;32mI (99) esp_image: segment 0: paddr=00010020 vaddr=3f400020 size=264e8h (156904) map[0m
[0;32mI (165) esp_image: segment 1: paddr=00036510 vaddr=3ff80063 size=00008h (     8) load[0m
[0;32mI (165) esp_image: segment 2: paddr=00036520 vaddr=3ffb0000 size=03cdch ( 15580) load[0m
[0;32mI (176) esp_image: segment 3: paddr=0003a204 vaddr=40080000 size=05e14h ( 24084) load[0m
[0;32mI (189) esp_image: segment 4: paddr=00040020 vaddr=400d0020 size=a6168h (680296) map[0m
[0;32mI (435) esp_image: segment 5: paddr=000e6190 vaddr=40085e14 size=11594h ( 71060) load[0m
[0;32mI (464) esp_image: segment 6: paddr=000f772c vaddr=400c0000 size=00064h (   100) load[0m
[0;32mI (476) boot: Loaded app from partition at offset 0x10000[0m
[0;32mI (477) boot: Disabling RNG early entropy source...[0m
[0;32mI (488) cpu_start: Multicore app[0m
[0;32mI (488) cpu_start: Pro cpu up.[0m
[0;32mI (489) cpu_start: Starting app cpu, entry point is 0x4008151c[0m
[0;32mI (475) cpu_start: App cpu up.[0m
[0;32mI (506) cpu_start: Pro cpu start user code[0m
[0;32mI (507) cpu_start: cpu freq: 160000000 Hz[0m
[0;32mI (507) cpu_start: Application information:[0m
[0;32mI (511) cpu_start: Project name:     vinfast[0m
[0;32mI (516) cpu_start: App version:      0105f49-dirty[0m
[0;32mI (522) cpu_start: Compile time:     May  7 2025 11:13:14[0m
[0;32mI (528) cpu_start: ELF file SHA256:  003fcf13a78e4f27...[0m
[0;32mI (534) cpu_start: ESP-IDF:          v5.1.4-52-g978d574e5e-dirty[0m
[0;32mI (540) cpu_start: Min chip rev:     v0.0[0m
[0;32mI (545) cpu_start: Max chip rev:     v3.99 [0m
[0;32mI (550) cpu_start: Chip rev:         v3.1[0m
[0;32mI (555) heap_init: Initializing. RAM available for dynamic allocation:[0m
[0;32mI (562) heap_init: At 3FFAE6E0 len 00001920 (6 KiB): DRAM[0m
[0;32mI (568) heap_init: At 3FFB83F0 len 00027C10 (159 KiB): DRAM[0m
[0;32mI (574) heap_init: At 3FFE0440 len 00003AE0 (14 KiB): D/IRAM[0m
[0;32mI (581) heap_init: At 3FFE4350 len 0001BCB0 (111 KiB): D/IRAM[0m
[0;32mI (587) heap_init: At 400973A8 len 00008C58 (35 KiB): IRAM[0m
[0;32mI (595) spi_flash: detected chip: generic[0m
[0;32mI (598) spi_flash: flash io: dio[0m
[0;33mW (602) spi_flash: Detected size(4096k) larger than the size in the binary image header(2048k). Using the size in the binary image header.[0m
[0;32mI (616) app_start: Starting scheduler on CPU0[0m
[0;32mI (620) app_start: Starting scheduler on CPU1[0m
[0;32mI (620) main_task: Started on CPU0[0m
[0;32mI (630) main_task: Calling app_main()[0m
[0;32mI (630) gpio: GPIO[0]| InputEn: 1| OutputEn: 0| OpenDrain: 0| Pullup: 1| Pulldown: 0| Intr:2 [0m
[0;32mI (640) gpio: GPIO[2]| InputEn: 0| OutputEn: 1| OpenDrain: 0| Pullup: 0| Pulldown: 1| Intr:0 [0m
 FLag resetb
[0;32mI (670) wifi:wifi driver task: 3ffc5428, prio:23, stack:6656, core=0[0m
[0;32mI (670) wifi:wifi firmware version: 3ce09e5[0m
[0;32mI (670) wifi:wifi certification version: v7.0[0m
[0;32mI (670) wifi:config NVS flash: enabled[0m
[0;32mI (670) wifi:config nano formating: disabled[0m
[0;32mI (680) wifi:Init data frame dynamic rx buffer num: 32[0m
[0;32mI (680) wifi:Init static rx mgmt buffer num: 5[0m
[0;32mI (690) wifi:Init management short buffer num: 32[0m
[0;32mI (690) wifi:Init dynamic tx buffer num: 32[0m
[0;32mI (690) wifi:Init static rx buffer size: 1600[0m
[0;32mI (700) wifi:Init static rx buffer num: 10[0m
[0;32mI (700) wifi:Init dynamic rx buffer num: 32[0m
[0;32mI (710) wifi_init: rx ba win: 6[0m
[0;32mI (710) wifi_init: tcpip mbox: 32[0m
[0;32mI (710) wifi_init: udp mbox: 6[0m
[0;32mI (720) wifi_init: tcp mbox: 6[0m
[0;32mI (720) wifi_init: tcp tx win: 5760[0m
[0;32mI (720) wifi_init: tcp rx win: 5760[0m
[0;32mI (730) wifi_init: tcp mss: 1440[0m
[0;32mI (730) wifi_init: WiFi IRAM OP enabled[0m
[0;32mI (740) wifi_init: WiFi RX IRAM OP enabled[0m
Guru Meditation Error: Core  0 panic'ed (LoadProhibited). Exception was unhandled.

Core  0 register dump:
PC      : 0x40001650  PS      : 0x00060d30  A0      : 0x800d8061  A1      : 0x3ffba4c0  
A2      : 0x3ffba5c0  A3      : 0x00000000  A4      : 0x00000020  A5      : 0x0000ff00  
A6      : 0x00ff0000  A7      : 0xff000000  A8      : 0x00000000  A9      : 0x3ffba480  
A10     : 0x3ffba5c0  A11     : 0x000000ff  A12     : 0x00000000  A13     : 0x400d7e70  
A14     : 0x00000000  A15     : 0x3ffba5bc  SAR     : 0x0000001c  EXCCAUSE: 0x0000001c  
EXCVADDR: 0x00000000  LBEG    : 0x4000164d  LEND    : 0x40001667  LCOUNT  : 0xffffffff  


Backtrace: 0x4000164d:0x3ffba4c0 0x400d805e:0x3ffba4d0 0x400d7e6b:0x3ffba6c0 0x40173ff3:0x3ffba6f0 0x4008cf79:0x3ffba720




ELF file SHA256: 003fcf13a78e4f27

Rebooting...
ets Jul 29 2019 12:21:46

rst:0xc (SW_CPU_RESET),boot:0x1b (SPI_FAST_FLASH_BOOT)
configsip: 0, SPIWP:0xee
clk_drv:0x00,q_drv:0x00,d_drv:0x00,cs0_drv:0x00,hd_drv:0x00,wp_drv:0x00
mode:DIO, clock div:2
load:0x3fff0030,len:7132
ho 0 tail 12 room 4
load:0x40078000,len:15624
ho 0 tail 12 room 4
load:0x40080400,len:4
load:0x40080404,len:3876
entry 0x4008064c
[0;32mI (32) boot: ESP-IDF v5.1.4-52-g978d574e5e-dirty 2nd stage bootloader[0m
[0;32mI (33) boot: compile time May  7 2025 11:13:25[0m
[0;32mI (35) boot: Multicore bootloader[0m
[0;32mI (39) boot: chip revision: v3.1[0m
[0;32mI (43) boot.esp32: SPI Speed      : 40MHz[0m
[0;32mI (47) boot.esp32: SPI Mode       : DIO[0m
[0;32mI (52) boot.esp32: SPI Flash Size : 2MB[0m
[0;32mI (56) boot: Enabling RNG early entropy source...[0m
[0;32mI (62) boot: Partition Table:[0m
[0;32mI (65) boot: ## Label            Usage          Type ST Offset   Length[0m
[0;32mI (73) boot:  0 nvs              WiFi data        01 02 00009000 00006000[0m
[0;32mI (80) boot:  1 phy_init         RF data          01 01 0000f000 00001000[0m
[0;32mI (88) boot:  2 factory          factory app      00 00 00010000 00100000[0m
[0;32mI (95) boot: End of partition table[0m
[0;32mI (99) esp_image: segment 0: paddr=00010020 vaddr=3f400020 size=264e8h (156904) map[0m
[0;32mI (165) esp_image: segment 1: paddr=00036510 vaddr=3ff80063 size=00008h (     8) load[0m
[0;32mI (165) esp_image: segment 2: paddr=00036520 vaddr=3ffb0000 size=03cdch ( 15580) load[0m
[0;32mI (176) esp_image: segment 3: paddr=0003a204 vaddr=40080000 size=05e14h ( 24084) load[0m
[0;32mI (189) esp_image: segment 4: paddr=00040020 vaddr=400d0020 size=a6168h (680296) map[0m
[0;32mI (435) esp_image: segment 5: paddr=000e6190 vaddr=40085e14 size=11594h ( 71060) load[0m
[0;32mI (464) esp_image: segment 6: paddr=000f772c vaddr=400c0000 size=00064h (   100) load[0m
[0;32mI (476) boot: Loaded app from partition at offset 0x10000[0m
[0;32mI (477) boot: Disabling RNG early entropy source...[0m
[0;32mI (488) cpu_start: Multicore app[0m
[0;32mI (488) cpu_start: Pro cpu up.[0m
[0;32mI (489) cpu_start: Starting app cpu, entry point is 0x4008151c[0m
[0;32mI (475) cpu_start: App cpu up.[0m
[0;32mI (506) cpu_start: Pro cpu start user code[0m
[0;32mI (507) cpu_start: cpu freq: 160000000 Hz[0m
[0;32mI (507) cpu_start: Application information:[0m
[0;32mI (511) cpu_start: Project name:     vinfast[0m
[0;32mI (516) cpu_start: App version:      0105f49-dirty[0m
[0;32mI (522) cpu_start: Compile time:     May  7 2025 11:13:14[0m
[0;32mI (528) cpu_start: ELF file SHA256:  003fcf13a78e4f27...[0m
[0;32mI (534) cpu_start: ESP-IDF:          v5.1.4-52-g978d574e5e-dirty[0m
[0;32mI (540) cpu_start: Min chip rev:     v0.0[0m
[0;32mI (545) cpu_start: Max chip rev:     v3.99 [0m
[0;32mI (550) cpu_start: Chip rev:         v3.1[0m
[0;32mI (555) heap_init: Initializing. RAM available for dynamic allocation:[0m
[0;32mI (562) heap_init: At 3FFAE6E0 len 00001920 (6 KiB): DRAM[0m
[0;32mI (568) heap_init: At 3FFB83F0 len 00027C10 (159 KiB): DRAM[0m
[0;32mI (574) heap_init: At 3FFE0440 len 00003AE0 (14 KiB): D/IRAM[0m
[0;32mI (581) heap_init: At 3FFE4350 len 0001BCB0 (111 KiB): D/IRAM[0m
[0;32mI (587) heap_init: At 400973A8 len 00008C58 (35 KiB): IRAM[0m
[0;32mI (595) spi_flash: detected chip: generic[0m
[0;32mI (598) spi_flash: flash io: dio[0m
[0;33mW (602) spi_flash: Detected size(4096k) larger than the size in the binary image header(2048k). Using the size in the binary image header.[0m
[0;32mI (616) app_start: Starting scheduler on CPU0[0m
[0;32mI (620) app_start: Starting scheduler on CPU1[0m
[0;32mI (620) main_task: Started on CPU0[0m
[0;32mI (630) main_task: Calling app_main()[0m
[0;32mI (630) gpio: GPIO[0]| InputEn: 1| OutputEn: 0| OpenDrain: 0| Pullup: 1| Pulldown: 0| Intr:2 [0m
[0;32mI (640) gpio: GPIO[2]| InputEn: 0| OutputEn: 1| OpenDrain: 0| Pullup: 0| Pulldown: 1| Intr:0 [0m
 FLag resetb
[0;32mI (670) wifi:wifi driver task: 3ffc5428, prio:23, stack:6656, core=0[0m
[0;32mI (670) wifi:wifi firmware version: 3ce09e5[0m
[0;32mI (670) wifi:wifi certification version: v7.0[0m
[0;32mI (670) wifi:config NVS flash: enabled[0m
[0;32mI (670) wifi:config nano formating: disabled[0m
[0;32mI (680) wifi:Init data frame dynamic rx buffer num: 32[0m
[0;32mI (680) wifi:Init static rx mgmt buffer num: 5[0m
[0;32mI (690) wifi:Init management short buffer num: 32[0m
[0;32mI (690) wifi:Init dynamic tx buffer num: 32[0m
[0;32mI (690) wifi:Init static rx buffer size: 1600[0m
[0;32mI (700) wifi:Init static rx buffer num: 10[0m
[0;32mI (700) wifi:Init dynamic rx buffer num: 32[0m
[0;32mI (710) wifi_init: rx ba win: 6[0m
[0;32mI (710) wifi_init: tcpip mbox: 32[0m
[0;32mI (710) wifi_init: udp mbox: 6[0m
[0;32mI (720) wifi_init: tcp mbox: 6[0m
[0;32mI (720) wifi_init: tcp tx win: 5760[0m
[0;32mI (720) wifi_init: tcp rx win: 5760[0m
[0;32mI (730) wifi_init: tcp mss: 1440[0m
[0;32mI (730) wifi_init: WiFi IRAM OP enabled[0m
[0;32mI (740) wifi_init: WiFi RX IRAM OP enabled[0m
Guru Meditation Error: Core  0 panic'ed (LoadProhibited). Exception was unhandled.

Core  0 register dump:
PC      : 0x40001650  PS      : 0x00060d30  A0      : 0x800d8061  A1      : 0x3ffba4c0  
A2      : 0x3ffba5c0  A3      : 0x00000000  A4      : 0x00000020  A5      : 0x0000ff00  
A6      : 0x00ff0000  A7      : 0xff000000  A8      : 0x00000000  A9      : 0x3ffba480  
A10     : 0x3ffba5c0  A11     : 0x000000ff  A12     : 0x00000000  A13     : 0x400d7e70  
A14     : 0x00000000  A15     : 0x3ffba5bc  SAR     : 0x0000001c  EXCCAUSE: 0x0000001c  
EXCVADDR: 0x00000000  LBEG    : 0x4000164d  LEND    : 0x40001667  LCOUNT  : 0xffffffff  


Backtrace: 0x4000164d:0x3ffba4c0 0x400d805e:0x3ffba4d0 0x400d7e6b:0x3ffba6c0 0x40173ff3:0x3ffba6f0 0x4008cf79:0x3ffba720




ELF file SHA256: 003fcf13a78e4f27

Rebooting...
ets Jul 29 2019 12:21:46

rst:0xc (SW_CPU_RESET),boot:0x1b (SPI_FAST_FLASH_BOOT)
configsip: 0, SPIWP:0xee
clk_drv:0x00,q_drv:0x00,d_drv:0x00,cs0_drv:0x00,hd_drv:0x00,wp_drv:0x00
mode:DIO, clock div:2
load:0x3fff0030,len:7132
ho 0 tail 12 room 4
load:0x40078000,len:15624
ho 0 tail 12 room 4
load:0x40080400,len:4
load:0x40080404,len:3876
entry 0x4008064c
[0;32mI (32) boot: ESP-IDF v5.1.4-52-g978d574e5e-dirty 2nd stage bootloader[0m
[0;32mI (33) boot: compile time May  7 2025 11:13:25[0m
[0;32mI (35) boot: Multicore bootloader[0m
[0;32mI (39) boot: chip revision: v3.1[0m
[0;32mI (43) boot.esp32: SPI Speed      : 40MHz[0m
[0;32mI (47) boot.esp32: SPI Mode       : DIO[0m
[0;32mI (52) boot.esp32: SPI Flash Size : 2MB[0m
[0;32mI (56) boot: Enabling RNG early entropy source...[0m
[0;32mI (62) boot: Partition Table:[0m
[0;32mI (65) boot: ## Label            Usage          Type ST Offset   Length[0m
[0;32mI (73) boot:  0 nvs              WiFi data        01 02 00009000 00006000[0m
[0;32mI (80) boot:  1 phy_init         RF data          01 01 0000f000 00001000[0m
[0;32mI (88) boot:  2 factory          factory app      00 00 00010000 00100000[0m
[0;32mI (95) boot: End of partition table[0m
[0;32mI (99) esp_image: segment 0: paddr=00010020 vaddr=3f400020 size=264e8h (156904) map[0m
[0;32mI (165) esp_image: segment 1: paddr=00036510 vaddr=3ff80063 size=00008h (     8) load[0m
[0;32mI (165) esp_image: segment 2: paddr=00036520 vaddr=3ffb0000 size=03cdch ( 15580) load[0m
[0;32mI (176) esp_image: segment 3: paddr=0003a204 vaddr=40080000 size=05e14h ( 24084) load[0m
[0;32mI (189) esp_image: segment 4: paddr=00040020 vaddr=400d0020 size=a6168h (680296) map[0m
[0;32mI (435) esp_image: segment 5: paddr=000e6190 vaddr=40085e14 size=11594h ( 71060) load[0m
[0;32mI (464) esp_image: segment 6: paddr=000f772c vaddr=400c0000 size=00064h (   100) load[0m
[0;32mI (476) boot: Loaded app from partition at offset 0x10000[0m
[0;32mI (477) boot: Disabling RNG early entropy source...[0m
[0;32mI (488) cpu_start: Multicore app[0m
[0;32mI (488) cpu_start: Pro cpu up.[0m
[0;32mI (489) cpu_start: Starting app cpu, entry point is 0x4008151c[0m
[0;32mI (475) cpu_start: App cpu up.[0m
[0;32mI (506) cpu_start: Pro cpu start user code[0m
[0;32mI (507) cpu_start: cpu freq: 160000000 Hz[0m
[0;32mI (507) cpu_start: Application information:[0m
[0;32mI (511) cpu_start: Project name:     vinfast[0m
[0;32mI (516) cpu_start: App version:      0105f49-dirty[0m
[0;32mI (522) cpu_start: Compile time:     May  7 2025 11:13:14[0m
[0;32mI (528) cpu_start: ELF file SHA256:  003fcf13a78e4f27...[0m
[0;32mI (534) cpu_start: ESP-IDF:          v5.1.4-52-g978d574e5e-dirty[0m
[0;32mI (540) cpu_start: Min chip rev:     v0.0[0m
[0;32mI (545) cpu_start: Max chip rev:     v3.99 [0m
[0;32mI (550) cpu_start: Chip rev:         v3.1[0m
[0;32mI (555) heap_init: Initializing. RAM available for dynamic allocation:[0m
[0;32mI (562) heap_init: At 3FFAE6E0 len 00001920 (6 KiB): DRAM[0m
[0;32mI (568) heap_init: At 3FFB83F0 len 00027C10 (159 KiB): DRAM[0m
[0;32mI (574) heap_init: At 3FFE0440 len 00003AE0 (14 KiB): D/IRAM[0m
[0;32mI (581) heap_init: At 3FFE4350 len 0001BCB0 (111 KiB): D/IRAM[0m
[0;32mI (587) heap_init: At 400973A8 len 00008C58 (35 KiB): IRAM[0m
[0;32mI (595) spi_flash: detected chip: generic[0m
[0;32mI (598) spi_flash: flash io: dio[0m
[0;33mW (602) spi_flash: Detected size(4096k) larger than the size in the binary image header(2048k). Using the size in the binary image header.[0m
[0;32mI (616) app_start: Starting scheduler on CPU0[0m
[0;32mI (620) app_start: Starting scheduler on CPU1[0m
[0;32mI (620) main_task: Started on CPU0[0m
[0;32mI (630) main_task: Calling app_main()[0m
[0;32mI (630) gpio: GPIO[0]| InputEn: 1| OutputEn: 0| OpenDrain: 0| Pullup: 1| Pulldown: 0| Intr:2 [0m
[0;32mI (640) gpio: GPIO[2]| InputEn: 0| OutputEn: 1| OpenDrain: 0| Pullup: 0| Pulldown: 1| Intr:0 [0m
 FLag resetb
[0;32mI (670) wifi:wifi driver task: 3ffc5428, prio:23, stack:6656, core=0[0m
[0;32mI (670) wifi:wifi firmware version: 3ce09e5[0m
[0;32mI (670) wifi:wifi certification version: v7.0[0m
[0;32mI (670) wifi:config NVS flash: enabled[0m
[0;32mI (670) wifi:config nano formating: disabled[0m
[0;32mI (680) wifi:Init data frame dynamic rx buffer num: 32[0m
[0;32mI (680) wifi:Init static rx mgmt buffer num: 5[0m
[0;32mI (690) wifi:Init management short buffer num: 32[0m
[0;32mI (690) wifi:Init dynamic tx buffer num: 32[0m
[0;32mI (690) wifi:Init static rx buffer size: 1600[0m
[0;32mI (700) wifi:Init static rx buffer num: 10[0m
[0;32mI (700) wifi:Init dynamic rx buffer num: 32[0m
[0;32mI (710) wifi_init: rx ba win: 6[0m
[0;32mI (710) wifi_init: tcpip mbox: 32[0m
[0;32mI (710) wifi_init: udp mbox: 6[0m
[0;32mI (720) wifi_init: tcp mbox: 6[0m
[0;32mI (720) wifi_init: tcp tx win: 5760[0m
[0;32mI (720) wifi_init: tcp rx win: 5760[0m
[0;32mI (730) wifi_init: tcp mss: 1440[0m
[0;32mI (730) wifi_init: WiFi IRAM OP enabled[0m
[0;32mI (740) wifi_init: WiFi RX IRAM OP enabled[0m
Guru Meditation Error: Core  0 panic'ed (LoadProhibited). Exception was unhandled.

Core  0 register dump:
PC      : 0x40001650  PS      : 0x00060d30  A0      : 0x800d8061  A1      : 0x3ffba4c0  
A2      : 0x3ffba5c0  A3      : 0x00000000  A4      : 0x00000020  A5      : 0x0000ff00  
A6      : 0x00ff0000  A7      : 0xff000000  A8      : 0x00000000  A9      : 0x3ffba480  
A10     : 0x3ffba5c0  A11     : 0x000000ff  A12     : 0x00000000  A13     : 0x400d7e70  
A14     : 0x00000000  A15     : 0x3ffba5bc  SAR     : 0x0000001c  EXCCAUSE: 0x0000001c  
EXCVADDR: 0x00000000  LBEG    : 0x4000164d  LEND    : 0x40001667  LCOUNT  : 0xffffffff  


Backtrace: 0x4000164d:0x3ffba4c0 0x400d805e:0x3ffba4d0 0x400d7e6b:0x3ffba6c0 0x40173ff3:0x3ffba6f0 0x4008cf79:0x3ffba720




ELF file SHA256: 003fcf13a78e4f27

Rebooting...
ets Jul 29 2019 12:21:46

rst:0xc (SW_CPU_RESET),boot:0x1b (SPI_FAST_FLASH_BOOT)
configsip: 0, SPIWP:0xee
clk_drv:0x00,q_drv:0x00,d_drv:0x00,cs0_drv:0x00,hd_drv:0x00,wp_drv:0x00
mode:DIO, clock div:2
load:0x3fff0030,len:7132
ho 0 tail 12 room 4
load:0x40078000,len:15624
ho 0 tail 12 room 4
load:0x40080400,len:4
load:0x40080404,len:3876
entry 0x4008064c
[0;32mI (32) boot: ESP-IDF v5.1.4-52-g978d574e5e-dirty 2nd stage bootloader[0m
[0;32mI (33) boot: compile time May  7 2025 11:13:25[0m
[0;32mI (35) boot: Multicore bootloader[0m
[0;32mI (39) boot: chip revision: v3.1[0m
[0;32mI (43) boot.esp32: SPI Speed      : 40MHz[0m
[0;32mI (47) boot.esp32: SPI Mode       : DIO[0m
[0;32mI (52) boot.esp32: SPI Flash Size : 2MB[0m
[0;32mI (56) boot: Enabling RNG early entropy source...[0m
[0;32mI (62) boot: Partition Table:[0m
[0;32mI (65) boot: ## Label            Usage          Type ST Offset   Length[0m
[0;32mI (73) boot:  0 nvs              WiFi data        01 02 00009000 00006000[0m
[0;32mI (80) boot:  1 phy_init         RF data          01 01 0000f000 00001000[0m
[0;32mI (88) boot:  2 factory          factory app      00 00 00010000 00100000[0m
[0;32mI (95) boot: End of partition table[0m
[0;32mI (99) esp_image: segment 0: paddr=00010020 vaddr=3f400020 size=264e8h (156904) map[0m
[0;32mI (165) esp_image: segment 1: paddr=00036510 vaddr=3ff80063 size=00008h (     8) load[0m
[0;32mI (165) esp_image: segment 2: paddr=00036520 vaddr=3ffb0000 size=03cdch ( 15580) load[0m
[0;32mI (176) esp_image: segment 3: paddr=0003a204 vaddr=40080000 size=05e14h ( 24084) load[0m
[0;32mI (189) esp_image: segment 4: paddr=00040020 vaddr=400d0020 size=a6168h (680296) map[0m
[0;32mI (435) esp_image: segment 5: paddr=000e6190 vaddr=40085e14 size=11594h ( 71060) load[0m
[0;32mI (464) esp_image: segment 6: paddr=000f772c vaddr=400c0000 size=00064h (   100) load[0m
[0;32mI (476) boot: Loaded app from partition at offset 0x10000[0m
[0;32mI (477) boot: Disabling RNG early entropy source...[0m
[0;32mI (488) cpu_start: Multicore app[0m
[0;32mI (488) cpu_start: Pro cpu up.[0m
[0;32mI (489) cpu_start: Starting app cpu, entry point is 0x4008151c[0m
[0;32mI (475) cpu_start: App cpu up.[0m
[0;32mI (506) cpu_start: Pro cpu start user code[0m
[0;32mI (507) cpu_start: cpu freq: 160000000 Hz[0m
[0;32mI (507) cpu_start: Application information:[0m
[0;32mI (511) cpu_start: Project name:     vinfast[0m
[0;32mI (516) cpu_start: App version:      0105f49-dirty[0m
[0;32mI (522) cpu_start: Compile time:     May  7 2025 11:13:14[0m
[0;32mI (528) cpu_start: ELF file SHA256:  003fcf13a78e4f27...[0m
[0;32mI (534) cpu_start: ESP-IDF:          v5.1.4-52-g978d574e5e-dirty[0m
[0;32mI (540) cpu_start: Min chip rev:     v0.0[0m
[0;32mI (545) cpu_start: Max chip rev:     v3.99 [0m
[0;32mI (550) cpu_start: Chip rev:         v3.1[0m
[0;32mI (555) heap_init: Initializing. RAM available for dynamic allocation:[0m
[0;32mI (562) heap_init: At 3FFAE6E0 len 00001920 (6 KiB): DRAM[0m
[0;32mI (568) heap_init: At 3FFB83F0 len 00027C10 (159 KiB): DRAM[0m
[0;32mI (574) heap_init: At 3FFE0440 len 00003AE0 (14 KiB): D/IRAM[0m
[0;32mI (581) heap_init: At 3FFE4350 len 0001BCB0 (111 KiB): D/IRAM[0m
[0;32mI (587) heap_init: At 400973A8 len 00008C58 (35 KiB): IRAM[0m
[0;32mI (595) spi_flash: detected chip: generic[0m
[0;32mI (598) spi_flash: flash io: dio[0m
[0;33mW (602) spi_flash: Detected size(4096k) larger than the size in the binary image header(2048k). Using the size in the binary image header.[0m
[0;32mI (616) app_start: Starting scheduler on CPU0[0m
[0;32mI (620) app_start: Starting scheduler on CPU1[0m
[0;32mI (620) main_task: Started on CPU0[0m
[0;32mI (630) main_task: Calling app_main()[0m
[0;32mI (630) gpio: GPIO[0]| InputEn: 1| OutputEn: 0| OpenDrain: 0| Pullup: 1| Pulldown: 0| Intr:2 [0m
[0;32mI (640) gpio: GPIO[2]| InputEn: 0| OutputEn: 1| OpenDrain: 0| Pullup: 0| Pulldown: 1| Intr:0 [0m
 FLag resetb
[0;32mI (670) wifi:wifi driver task: 3ffc5428, prio:23, stack:6656, core=0[0m
[0;32mI (670) wifi:wifi firmware version: 3ce09e5[0m
[0;32mI (670) wifi:wifi certification version: v7.0[0m
[0;32mI (670) wifi:config NVS flash: enabled[0m
[0;32mI (670) wifi:config nano formating: disabled[0m
[0;32mI (680) wifi:Init data frame dynamic rx buffer num: 32[0m
[0;32mI (680) wifi:Init static rx mgmt buffer num: 5[0m
[0;32mI (690) wifi:Init management short buffer num: 32[0m
[0;32mI (690) wifi:Init dynamic tx buffer num: 32[0m
[0;32mI (690) wifi:Init static rx buffer size: 1600[0m
[0;32mI (700) wifi:Init static rx buffer num: 10[0m
[0;32mI (700) wifi:Init dynamic rx buffer num: 32[0m
[0;32mI (710) wifi_init: rx ba win: 6[0m
[0;32mI (710) wifi_init: tcpip mbox: 32[0m
[0;32mI (710) wifi_init: udp mbox: 6[0m
[0;32mI (720) wifi_init: tcp mbox: 6[0m
[0;32mI (720) wifi_init: tcp tx win: 5760[0m
[0;32mI (720) wifi_init: tcp rx win: 5760[0m
[0;32mI (730) wifi_init: tcp mss: 1440[0m
[0;32mI (730) wifi_init: WiFi IRAM OP enabled[0m
[0;32mI (740) wifi_init: WiFi RX IRAM OP enabled[0m
Guru Meditation Error: Core  0 panic'ed (LoadProhibited). Exception was unhandled.

Core  0 register dump:
PC      : 0x40001650  PS      : 0x00060d30  A0      : 0x800d8061  A1      : 0x3ffba4c0  
A2      : 0x3ffba5c0  A3      : 0x00000000  A4      : 0x00000020  A5      : 0x0000ff00  
A6      : 0x00ff0000  A7      : 0xff000000  A8      : 0x00000000  A9      : 0x3ffba480  
A10     : 0x3ffba5c0  A11     : 0x000000ff  A12     : 0x00000000  A13     : 0x400d7e70  
A14     : 0x00000000  A15     : 0x3ffba5bc  SAR     : 0x0000001c  EXCCAUSE: 0x0000001c  
EXCVADDR: 0x00000000  LBEG    : 0x4000164d  LEND    : 0x40001667  LCOUNT  : 0xffffffff  


Backtrace: 0x4000164d:0x3ffba4c0 0x400d805e:0x3ffba4d0 0x400d7e6b:0x3ffba6c0 0x40173ff3:0x3ffba6f0 0x4008cf79:0x3ffba720




ELF file SHA256: 003fcf13a78e4f27

Rebooting...
ets Jul 29 2019 12:21:46

rst:0xc (SW_CPU_RESET),boot:0x1b (SPI_FAST_FLASH_BOOT)
configsip: 0, SPIWP:0xee
clk_drv:0x00,q_drv:0x00,d_drv:0x00,cs0_drv:0x00,hd_drv:0x00,wp_drv:0x00
mode:DIO, clock div:2
load:0x3fff0030,len:7132
ho 0 tail 12 room 4
load:0x40078000,len:15624
ho 0 tail 12 room 4
load:0x40080400,len:4
load:0x40080404,len:3876
entry 0x4008064c
[0;32mI (32) boot: ESP-IDF v5.1.4-52-g978d574e5e-dirty 2nd stage bootloader[0m
[0;32mI (33) boot: compile time May  7 2025 11:13:25[0m
[0;32mI (35) boot: Multicore bootloader[0m
[0;32mI (39) boot: chip revision: v3.1[0m
[0;32mI (43) boot.esp32: SPI Speed      : 40MHz[0m
[0;32mI (47) boot.esp32: SPI Mode       : DIO[0m
[0;32mI (52) boot.esp32: SPI Flash Size : 2MB[0m
[0;32mI (56) boot: Enabling RNG early entropy source...[0m
[0;32mI (62) boot: Partition Table:[0m
[0;32mI (65) boot: ## Label            Usage          Type ST Offset   Length[0m
[0;32mI (73) boot:  0 nvs              WiFi data        01 02 00009000 00006000[0m
[0;32mI (80) boot:  1 phy_init         RF data          01 01 0000f000 00001000[0m
[0;32mI (88) boot:  2 factory          factory app      00 00 00010000 00100000[0m
[0;32mI (95) boot: End of partition table[0m
[0;32mI (99) esp_image: segment 0: paddr=00010020 vaddr=3f400020 size=264e8h (156904) map[0m
[0;32mI (165) esp_image: segment 1: paddr=00036510 vaddr=3ff80063 size=00008h (     8) load[0m
[0;32mI (165) esp_image: segment 2: paddr=00036520 vaddr=3ffb0000 size=03cdch ( 15580) load[0m
[0;32mI (176) esp_image: segment 3: paddr=0003a204 vaddr=40080000 size=05e14h ( 24084) load[0m
[0;32mI (189) esp_image: segment 4: paddr=00040020 vaddr=400d0020 size=a6168h (680296) map[0m
[0;32mI (435) esp_image: segment 5: paddr=000e6190 vaddr=40085e14 size=11594h ( 71060) load[0m
[0;32mI (464) esp_image: segment 6: paddr=000f772c vaddr=400c0000 size=00064h (   100) load[0m
[0;32mI (476) boot: Loaded app from partition at offset 0x10000[0m
[0;32mI (477) boot: Disabling RNG early entropy source...[0m
[0;32mI (488) cpu_start: Multicore app[0m
[0;32mI (488) cpu_start: Pro cpu up.[0m
[0;32mI (489) cpu_start: Starting app cpu, entry point is 0x4008151c[0m
[0;32mI (475) cpu_start: App cpu up.[0m
[0;32mI (506) cpu_start: Pro cpu start user code[0m
[0;32mI (507) cpu_start: cpu freq: 160000000 Hz[0m
[0;32mI (507) cpu_start: Application information:[0m
[0;32mI (511) cpu_start: Project name:     vinfast[0m
[0;32mI (516) cpu_start: App version:      0105f49-dirty[0m
[0;32mI (522) cpu_start: Compile time:     May  7 2025 11:13:14[0m
[0;32mI (528) cpu_start: ELF file SHA256:  003fcf13a78e4f27...[0m
[0;32mI (534) cpu_start: ESP-IDF:          v5.1.4-52-g978d574e5e-dirty[0m
[0;32mI (540) cpu_start: Min chip rev:     v0.0[0m
[0;32mI (545) cpu_start: Max chip rev:     v3.99 [0m
[0;32mI (550) cpu_start: Chip rev:         v3.1[0m
[0;32mI (555) heap_init: Initializing. RAM available for dynamic allocation:[0m
[0;32mI (562) heap_init: At 3FFAE6E0 len 00001920 (6 KiB): DRAM[0m
[0;32mI (568) heap_init: At 3FFB83F0 len 00027C10 (159 KiB): DRAM[0m
[0;32mI (574) heap_init: At 3FFE0440 len 00003AE0 (14 KiB): D/IRAM[0m
[0;32mI (581) heap_init: At 3FFE4350 len 0001BCB0 (111 KiB): D/IRAM[0m
[0;32mI (587) heap_init: At 400973A8 len 00008C58 (35 KiB): IRAM[0m
[0;32mI (595) spi_flash: detected chip: generic[0m
[0;32mI (598) spi_flash: flash io: dio[0m
[0;33mW (602) spi_flash: Detected size(4096k) larger than the size in the binary image header(2048k). Using the size in the binary image header.[0m
[0;32mI (616) app_start: Starting scheduler on CPU0[0m
[0;32mI (620) app_start: Starting scheduler on CPU1[0m
[0;32mI (620) main_task: Started on CPU0[0m
[0;32mI (630) main_task: Calling app_main()[0m
[0;32mI (630) gpio: GPIO[0]| InputEn: 1| OutputEn: 0| OpenDrain: 0| Pullup: 1| Pulldown: 0| Intr:2 [0m
[0;32mI (640) gpio: GPIO[2]| InputEn: 0| OutputEn: 1| OpenDrain: 0| Pullup: 0| Pulldown: 1| Intr:0 [0m
 FLag resetb
[0;32mI (670) wifi:wifi driver task: 3ffc5428, prio:23, stack:6656, core=0[0m
[0;32mI (670) wifi:wifi firmware version: 3ce09e5[0m
[0;32mI (670) wifi:wifi certification version: v7.0[0m
[0;32mI (670) wifi:config NVS flash: enabled[0m
[0;32mI (670) wifi:config nano formating: disabled[0m
[0;32mI (680) wifi:Init data frame dynamic rx buffer num: 32[0m
[0;32mI (680) wifi:Init static rx mgmt buffer num: 5[0m
[0;32mI (690) wifi:Init management short buffer num: 32[0m
[0;32mI (690) wifi:Init dynamic tx buffer num: 32[0m
[0;32mI (690) wifi:Init static rx buffer size: 1600[0m
[0;32mI (700) wifi:Init static rx buffer num: 10[0m
[0;32mI (700) wifi:Init dynamic rx buffer num: 32[0m
[0;32mI (710) wifi_init: rx ba win: 6[0m
[0;32mI (710) wifi_init: tcpip mbox: 32[0m
[0;32mI (710) wifi_init: udp mbox: 6[0m
[0;32mI (720) wifi_init: tcp mbox: 6[0m
[0;32mI (720) wifi_init: tcp tx win: 5760[0m
[0;32mI (720) wifi_init: tcp rx win: 5760[0m
[0;32mI (730) wifi_init: tcp mss: 1440[0m
[0;32mI (730) wifi_init: WiFi IRAM OP enabled[0m
[0;32mI (740) wifi_init: WiFi RX IRAM OP enabled[0m
Guru Meditation Error: Core  0 panic'ed (LoadProhibited). Exception was unhandled.

Core  0 register dump:
PC      : 0x40001650  PS      : 0x00060d30  A0      : 0x800d8061  A1      : 0x3ffba4c0  
A2      : 0x3ffba5c0  A3      : 0x00000000  A4      : 0x00000020  A5      : 0x0000ff00  
A6      : 0x00ff0000  A7      : 0xff000000  A8      : 0x00000000  A9      : 0x3ffba480  
A10     : 0x3ffba5c0  A11     : 0x000000ff  A12     : 0x00000000  A13     : 0x400d7e70  
A14     : 0x00000000  A15     : 0x3ffba5bc  SAR     : 0x0000001c  EXCCAUSE: 0x0000001c  
EXCVADDR: 0x00000000  LBEG    : 0x4000164d  LEND    : 0x40001667  LCOUNT  : 0xffffffff  


Backtrace: 0x4000164d:0x3ffba4c0 0x400d805e:0x3ffba4d0 0x400d7e6b:0x3ffba6c0 0x40173ff3:0x3ffba6f0 0x4008cf79:0x3ffba720




ELF file SHA256: 003fcf13a78e4f27

Rebooting...
ets Jul 29 2019 12:21:46

rst:0xc (SW_CPU_RESET),boot:0x1b (SPI_FAST_FLASH_BOOT)
configsip: 0, SPIWP:0xee
clk_drv:0x00,q_drv:0x00,d_drv:0x00,cs0_drv:0x00,hd_drv:0x00,wp_drv:0x00
mode:DIO, clock div:2
load:0x3fff0030,len:7132
ho 0 tail 12 room 4
load:0x40078000,len:15624
ho 0 tail 12 room 4
load:0x40080400,len:4
load:0x40080404,len:3876
entry 0x4008064c
[0;32mI (32) boot: ESP-IDF v5.1.4-52-g978d574e5e-dirty 2nd stage bootloader[0m
[0;32mI (33) boot: compile time May  7 2025 11:13:25[0m
[0;32mI (35) boot: Multicore bootloader[0m
[0;32mI (39) boot: chip revision: v3.1[0m
[0;32mI (43) boot.esp32: SPI Speed      : 40MHz[0m
[0;32mI (47) boot.esp32: SPI Mode       : DIO[0m
[0;32mI (52) boot.esp32: SPI Flash Size : 2MB[0m
[0;32mI (56) boot: Enabling RNG early entropy source...[0m
[0;32mI (62) boot: Partition Table:[0m
[0;32mI (65) boot: ## Label            Usage          Type ST Offset   Length[0m
[0;32mI (73) boot:  0 nvs              WiFi data        01 02 00009000 00006000[0m
[0;32mI (80) boot:  1 phy_init         RF data          01 01 0000f000 00001000[0m
[0;32mI (88) boot:  2 factory          factory app      00 00 00010000 00100000[0m
[0;32mI (95) boot: End of partition table[0m
[0;32mI (99) esp_image: segment 0: paddr=00010020 vaddr=3f400020 size=264e8h (156904) map[0m
[0;32mI (165) esp_image: segment 1: paddr=00036510 vaddr=3ff80063 size=00008h (     8) load[0m
[0;32mI (165) esp_image: segment 2: paddr=00036520 vaddr=3ffb0000 size=03cdch ( 15580) load[0m
[0;32mI (176) esp_image: segment 3: paddr=0003a204 vaddr=40080000 size=05e14h ( 24084) load[0m
[0;32mI (189) esp_image: segment 4: paddr=00040020 vaddr=400d0020 size=a6168h (680296) map[0m
[0;32mI (435) esp_image: segment 5: paddr=000e6190 vaddr=40085e14 size=11594h ( 71060) load[0m
[0;32mI (464) esp_image: segment 6: paddr=000f772c vaddr=400c0000 size=00064h (   100) load[0m
[0;32mI (476) boot: Loaded app from partition at offset 0x10000[0m
[0;32mI (477) boot: Disabling RNG early entropy source...[0m
[0;32mI (488) cpu_start: Multicore app[0m
[0;32mI (488) cpu_start: Pro cpu up.[0m
[0;32mI (489) cpu_start: Starting app cpu, entry point is 0x4008151c[0m
[0;32mI (475) cpu_start: App cpu up.[0m
[0;32mI (506) cpu_start: Pro cpu start user code[0m
[0;32mI (507) cpu_start: cpu freq: 160000000 Hz[0m
[0;32mI (507) cpu_start: Application information:[0m
[0;32mI (511) cpu_start: Project name:     vinfast[0m
[0;32mI (516) cpu_start: App version:      0105f49-dirty[0m
[0;32mI (522) cpu_start: Compile time:     May  7 2025 11:13:14[0m
[0;32mI (528) cpu_start: ELF file SHA256:  003fcf13a78e4f27...[0m
[0;32mI (534) cpu_start: ESP-IDF:          v5.1.4-52-g978d574e5e-dirty[0m
[0;32mI (540) cpu_start: Min chip rev:     v0.0[0m
[0;32mI (545) cpu_start: Max chip rev:     v3.99 [0m
[0;32mI (550) cpu_start: Chip rev:         v3.1[0m
[0;32mI (555) heap_init: Initializing. RAM available for dynamic allocation:[0m
[0;32mI (562) heap_init: At 3FFAE6E0 len 00001920 (6 KiB): DRAM[0m
[0;32mI (568) heap_init: At 3FFB83F0 len 00027C10 (159 KiB): DRAM[0m
[0;32mI (574) heap_init: At 3FFE0440 len 00003AE0 (14 KiB): D/IRAM[0m
[0;32mI (581) heap_init: At 3FFE4350 len 0001BCB0 (111 KiB): D/IRAM[0m
[0;32mI (587) heap_init: At 400973A8 len 00008C58 (35 KiB): IRAM[0m
[0;32mI (595) spi_flash: detected chip: generic[0m
[0;32mI (598) spi_flash: flash io: dio[0m
[0;33mW (602) spi_flash: Detected size(4096k) larger than the size in the binary image header(2048k). Using the size in the binary image header.[0m
[0;32mI (616) app_start: Starting scheduler on CPU0[0m
[0;32mI (620) app_start: Starting scheduler on CPU1[0m
[0;32mI (620) main_task: Started on CPU0[0m
[0;32mI (630) main_task: Calling app_main()[0m
[0;32mI (630) gpio: GPIO[0]| InputEn: 1| OutputEn: 0| OpenDrain: 0| Pullup: 1| Pulldown: 0| Intr:2 [0m
[0;32mI (640) gpio: GPIO[2]| InputEn: 0| OutputEn: 1| OpenDrain: 0| Pullup: 0| Pulldown: 1| Intr:0 [0m
 FLag resetb
[0;32mI (670) wifi:wifi driver task: 3ffc5428, prio:23, stack:6656, core=0[0m
[0;32mI (670) wifi:wifi firmware version: 3ce09e5[0m
[0;32mI (670) wifi:wifi certification version: v7.0[0m
[0;32mI (670) wifi:config NVS flash: enabled[0m
[0;32mI (670) wifi:config nano formating: disabled[0m
[0;32mI (680) wifi:Init data frame dynamic rx buffer num: 32[0m
[0;32mI (680) wifi:Init static rx mgmt buffer num: 5[0m
[0;32mI (690) wifi:Init management short buffer num: 32[0m
[0;32mI (690) wifi:Init dynamic tx buffer num: 32[0m
[0;32mI (690) wifi:Init static rx buffer size: 1600[0m
[0;32mI (700) wifi:Init static rx buffer num: 10[0m
[0;32mI (700) wifi:Init dynamic rx buffer num: 32[0m
[0;32mI (710) wifi_init: rx ba win: 6[0m
[0;32mI (710) wifi_init: tcpip mbox: 32[0m
[0;32mI (710) wifi_init: udp mbox: 6[0m
[0;32mI (720) wifi_init: tcp mbox: 6[0m
[0;32mI (720) wifi_init: tcp tx win: 5760[0m
[0;32mI (720) wifi_init: tcp rx win: 5760[0m
[0;32mI (730) wifi_init: tcp mss: 1440[0m
[0;32mI (730) wifi_init: WiFi IRAM OP enabled[0m
[0;32mI (740) wifi_init: WiFi RX IRAM OP enabled[0m
Guru Meditation Error: Core  0 panic'ed (LoadProhibited). Exception was unhandled.

Core  0 register dump:
PC      : 0x40001650  PS      : 0x00060d30  A0      : 0x800d8061  A1      : 0x3ffba4c0  
A2      : 0x3ffba5c0  A3      : 0x00000000  A4      : 0x00000020  A5      : 0x0000ff00  
A6      : 0x00ff0000  A7      : 0xff000000  A8      : 0x00000000  A9      : 0x3ffba480  
A10     : 0x3ffba5c0  A11     : 0x000000ff  A12     : 0x00000000  A13     : 0x400d7e70  
A14     : 0x00000000  A15     : 0x3ffba5bc  SAR     : 0x0000001c  EXCCAUSE: 0x0000001c  
EXCVADDR: 0x00000000  LBEG    : 0x4000164d  LEND    : 0x40001667  LCOUNT  : 0xffffffff  


Backtrace: 0x4000164d:0x3ffba4c0 0x400d805e:0x3ffba4d0 0x400d7e6b:0x3ffba6c0 0x40173ff3:0x3ffba6f0 0x4008cf79:0x3ffba720




ELF file SHA256: 003fcf13a78e4f27

Rebooting...
ets Jul 29 2019 12:21:46

rst:0xc (SW_CPU_RESET),boot:0x1b (SPI_FAST_FLASH_BOOT)
configsip: 0, SPIWP:0xee
clk_drv:0x00,q_drv:0x00,d_drv:0x00,cs0_drv:0x00,hd_drv:0x00,wp_drv:0x00
mode:DIO, clock div:2
load:0x3fff0030,len:7132
ho 0 tail 12 room 4
load:0x40078000,len:15624
ho 0 tail 12 room 4
load:0x40080400,len:4
load:0x40080404,len:3876
entry 0x4008064c
[0;32mI (32) boot: ESP-IDF v5.1.4-52-g978d574e5e-dirty 2nd stage bootloader[0m
[0;32mI (33) boot: compile time May  7 2025 11:13:25[0m
[0;32mI (35) boot: Multicore bootloader[0m
[0;32mI (39) boot: chip revision: v3.1[0m
[0;32mI (43) boot.esp32: SPI Speed      : 40MHz[0m
[0;32mI (47) boot.esp32: SPI Mode       : DIO[0m
[0;32mI (52) boot.esp32: SPI Flash Size : 2MB[0m
[0;32mI (56) boot: Enabling RNG early entropy source...[0m
[0;32mI (62) boot: Partition Table:[0m
[0;32mI (65) boot: ## Label            Usage          Type ST Offset   Length[0m
[0;32mI (73) boot:  0 nvs              WiFi data        01 02 00009000 00006000[0m
[0;32mI (80) boot:  1 phy_init         RF data          01 01 0000f000 00001000[0m
[0;32mI (88) boot:  2 factory          factory app      00 00 00010000 00100000[0m
[0;32mI (95) boot: End of partition table[0m
[0;32mI (99) esp_image: segment 0: paddr=00010020 vaddr=3f400020 size=264e8h (156904) map[0m
[0;32mI (165) esp_image: segment 1: paddr=00036510 vaddr=3ff80063 size=00008h (     8) load[0m
[0;32mI (165) esp_image: segment 2: paddr=00036520 vaddr=3ffb0000 size=03cdch ( 15580) load[0m
[0;32mI (176) esp_image: segment 3: paddr=0003a204 vaddr=40080000 size=05e14h ( 24084) load[0m
[0;32mI (189) esp_image: segment 4: paddr=00040020 vaddr=400d0020 size=a6168h (680296) map[0m
[0;32mI (435) esp_image: segment 5: paddr=000e6190 vaddr=40085e14 size=11594h ( 71060) load[0m
[0;32mI (464) esp_image: segment 6: paddr=000f772c vaddr=400c0000 size=00064h (   100) load[0m
[0;32mI (476) boot: Loaded app from partition at offset 0x10000[0m
[0;32mI (477) boot: Disabling RNG early entropy source...[0m
[0;32mI (488) cpu_start: Multicore app[0m
[0;32mI (488) cpu_start: Pro cpu up.[0m
[0;32mI (489) cpu_start: Starting app cpu, entry point is 0x4008151c[0m
[0;32mI (475) cpu_start: App cpu up.[0m
[0;32mI (506) cpu_start: Pro cpu start user code[0m
[0;32mI (507) cpu_start: cpu freq: 160000000 Hz[0m
[0;32mI (507) cpu_start: Application information:[0m
[0;32mI (511) cpu_start: Project name:     vinfast[0m
[0;32mI (516) cpu_start: App version:      0105f49-dirty[0m
[0;32mI (522) cpu_start: Compile time:     May  7 2025 11:13:14[0m
[0;32mI (528) cpu_start: ELF file SHA256:  003fcf13a78e4f27...[0m
[0;32mI (534) cpu_start: ESP-IDF:          v5.1.4-52-g978d574e5e-dirty[0m
[0;32mI (540) cpu_start: Min chip rev:     v0.0[0m
[0;32mI (545) cpu_start: Max chip rev:     v3.99 [0m
[0;32mI (550) cpu_start: Chip rev:         v3.1[0m
[0;32mI (555) heap_init: Initializing. RAM available for dynamic allocation:[0m
[0;32mI (562) heap_init: At 3FFAE6E0 len 00001920 (6 KiB): DRAM[0m
[0;32mI (568) heap_init: At 3FFB83F0 len 00027C10 (159 KiB): DRAM[0m
[0;32mI (574) heap_init: At 3FFE0440 len 00003AE0 (14 KiB): D/IRAM[0m
[0;32mI (581) heap_init: At 3FFE4350 len 0001BCB0 (111 KiB): D/IRAM[0m
[0;32mI (587) heap_init: At 400973A8 len 00008C58 (35 KiB): IRAM[0m
[0;32mI (595) spi_flash: detected chip: generic[0m
[0;32mI (598) spi_flash: flash io: dio[0m
[0;33mW (602) spi_flash: Detected size(4096k) larger than the size in the binary image header(2048k). Using the size in the binary image header.[0m
[0;32mI (616) app_start: Starting scheduler on CPU0[0m
[0;32mI (620) app_start: Starting scheduler on CPU1[0m
[0;32mI (620) main_task: Started on CPU0[0m
[0;32mI (630) main_task: Calling app_main()[0m
[0;32mI (630) gpio: GPIO[0]| InputEn: 1| OutputEn: 0| OpenDrain: 0| Pullup: 1| Pulldown: 0| Intr:2 [0m
[0;32mI (640) gpio: GPIO[2]| InputEn: 0| OutputEn: 1| OpenDrain: 0| Pullup: 0| Pulldown: 1| Intr:0 [0m
 FLag resetb
[0;32mI (670) wifi:wifi driver task: 3ffc5428, prio:23, stack:6656, core=0[0m
[0;32mI (670) wifi:wifi firmware version: 3ce09e5[0m
[0;32mI (670) wifi:wifi certification version: v7.0[0m
[0;32mI (670) wifi:config NVS flash: enabled[0m
[0;32mI (670) wifi:config nano formating: disabled[0m
[0;32mI (680) wifi:Init data frame dynamic rx buffer num: 32[0m
[0;32mI (680) wifi:Init static rx mgmt buffer num: 5[0m
[0;32mI (690) wifi:Init management short buffer num: 32[0m
[0;32mI (690) wifi:Init dynamic tx buffer num: 32[0m
[0;32mI (690) wifi:Init static rx buffer size: 1600[0m
[0;32mI (700) wifi:Init static rx buffer num: 10[0m
[0;32mI (700) wifi:Init dynamic rx buffer num: 32[0m
[0;32mI (710) wifi_init: rx ba win: 6[0m
[0;32mI (710) wifi_init: tcpip mbox: 32[0m
[0;32mI (710) wifi_init: udp mbox: 6[0m
[0;32mI (720) wifi_init: tcp mbox: 6[0m
[0;32mI (720) wifi_init: tcp tx win: 5760[0m
[0;32mI (720) wifi_init: tcp rx win: 5760[0m
[0;32mI (730) wifi_init: tcp mss: 1440[0m
[0;32mI (730) wifi_init: WiFi IRAM OP enabled[0m
[0;32mI (740) wifi_init: WiFi RX IRAM OP enabled[0m
Guru Meditation Error: Core  0 panic'ed (LoadProhibited). Exception was unhandled.

Core  0 register dump:
PC      : 0x40001650  PS      : 0x00060d30  A0      : 0x800d8061  A1      : 0x3ffba4c0  
A2      : 0x3ffba5c0  A3      : 0x00000000  A4      : 0x00000020  A5      : 0x0000ff00  
A6      : 0x00ff0000  A7      : 0xff000000  A8      : 0x00000000  A9      : 0x3ffba480  
A10     : 0x3ffba5c0  A11     : 0x000000ff  A12     : 0x00000000  A13     : 0x400d7e70  
A14     : 0x00000000  A15     : 0x3ffba5bc  SAR     : 0x0000001c  EXCCAUSE: 0x0000001c  
EXCVADDR: 0x00000000  LBEG    : 0x4000164d  LEND    : 0x40001667  LCOUNT  : 0xffffffff  


Backtrace: 0x4000164d:0x3ffba4c0 0x400d805e:0x3ffba4d0 0x400d7e6b:0x3ffba6c0 0x40173ff3:0x3ffba6f0 0x4008cf79:0x3ffba720




ELF file SHA256: 003fcf13a78e4f27

Rebooting...
ets Jul 29 2019 12:21:46

rst:0xc (SW_CPU_RESET),boot:0x1b (SPI_FAST_FLASH_BOOT)
configsip: 0, SPIWP:0xee
clk_drv:0x00,q_drv:0x00,d_drv:0x00,cs0_drv:0x00,hd_drv:0x00,wp_drv:0x00
mode:DIO, clock div:2
load:0x3fff0030,len:7132
ho 0 tail 12 room 4
load:0x40078000,len:15624
ho 0 tail 12 room 4
load:0x40080400,len:4
load:0x40080404,len:3876
entry 0x4008064c
[0;32mI (32) boot: ESP-IDF v5.1.4-52-g978d574e5e-dirty 2nd stage bootloader[0m
[0;32mI (33) boot: compile time May  7 2025 11:13:25[0m
[0;32mI (35) boot: Multicore bootloader[0m
[0;32mI (39) boot: chip revision: v3.1[0m
[0;32mI (43) boot.esp32: SPI Speed      : 40MHz[0m
[0;32mI (47) boot.esp32: SPI Mode       : DIO[0m
[0;32mI (52) boot.esp32: SPI Flash Size : 2MB[0m
[0;32mI (56) boot: Enabling RNG early entropy source...[0m
[0;32mI (62) boot: Partition Table:[0m
[0;32mI (65) boot: ## Label            Usage          Type ST Offset   Length[0m
[0;32mI (73) boot:  0 nvs              WiFi data        01 02 00009000 00006000[0m
[0;32mI (80) boot:  1 phy_init         RF data          01 01 0000f000 00001000[0m
[0;32mI (88) boot:  2 factory          factory app      00 00 00010000 00100000[0m
[0;32mI (95) boot: End of partition table[0m
[0;32mI (99) esp_image: segment 0: paddr=00010020 vaddr=3f400020 size=264e8h (156904) map[0m
[0;32mI (165) esp_image: segment 1: paddr=00036510 vaddr=3ff80063 size=00008h (     8) load[0m
[0;32mI (165) esp_image: segment 2: paddr=00036520 vaddr=3ffb0000 size=03cdch ( 15580) load[0m
[0;32mI (176) esp_image: segment 3: paddr=0003a204 vaddr=40080000 size=05e14h ( 24084) load[0m
[0;32mI (189) esp_image: segment 4: paddr=00040020 vaddr=400d0020 size=a6168h (680296) map[0m
[0;32mI (435) esp_image: segment 5: paddr=000e6190 vaddr=40085e14 size=11594h ( 71060) load[0m
[0;32mI (464) esp_image: segment 6: paddr=000f772c vaddr=400c0000 size=00064h (   100) load[0m
[0;32mI (476) boot: Loaded app from partition at offset 0x10000[0m
[0;32mI (477) boot: Disabling RNG early entropy source...[0m
[0;32mI (488) cpu_start: Multicore app[0m
[0;32mI (488) cpu_start: Pro cpu up.[0m
[0;32mI (489) cpu_start: Starting app cpu, entry point is 0x4008151c[0m
[0;32mI (475) cpu_start: App cpu up.[0m
[0;32mI (506) cpu_start: Pro cpu start user code[0m
[0;32mI (507) cpu_start: cpu freq: 160000000 Hz[0m
[0;32mI (507) cpu_start: Application information:[0m
[0;32mI (511) cpu_start: Project name:     vinfast[0m
[0;32mI (516) cpu_start: App version:      0105f49-dirty[0m
[0;32mI (522) cpu_start: Compile time:     May  7 2025 11:13:14[0m
[0;32mI (528) cpu_start: ELF file SHA256:  003fcf13a78e4f27...[0m
[0;32mI (534) cpu_start: ESP-IDF:          v5.1.4-52-g978d574e5e-dirty[0m
[0;32mI (540) cpu_start: Min chip rev:     v0.0[0m
[0;32mI (545) cpu_start: Max chip rev:     v3.99 [0m
[0;32mI (550) cpu_start: Chip rev:         v3.1[0m
[0;32mI (555) heap_init: Initializing. RAM available for dynamic allocation:[0m
[0;32mI (562) heap_init: At 3FFAE6E0 len 00001920 (6 KiB): DRAM[0m
[0;32mI (568) heap_init: At 3FFB83F0 len 00027C10 (159 KiB): DRAM[0m
[0;32mI (574) heap_init: At 3FFE0440 len 00003AE0 (14 KiB): D/IRAM[0m
[0;32mI (581) heap_init: At 3FFE4350 len 0001BCB0 (111 KiB): D/IRAM[0m
[0;32mI (587) heap_init: At 400973A8 len 00008C58 (35 KiB): IRAM[0m
[0;32mI (595) spi_flash: detected chip: generic[0m
[0;32mI (598) spi_flash: flash io: dio[0m
[0;33mW (602) spi_flash: Detected size(4096k) larger than the size in the binary image header(2048k). Using the size in the binary image header.[0m
[0;32mI (616) app_start: Starting scheduler on CPU0[0m
[0;32mI (620) app_start: Starting scheduler on CPU1[0m
[0;32mI (620) main_task: Started on CPU0[0m
[0;32mI (630) main_task: Calling app_main()[0m
[0;32mI (630) gpio: GPIO[0]| InputEn: 1| OutputEn: 0| OpenDrain: 0| Pullup: 1| Pulldown: 0| Intr:2 [0m
[0;32mI (640) gpio: GPIO[2]| InputEn: 0| OutputEn: 1| OpenDrain: 0| Pullup: 0| Pulldown: 1| Intr:0 [0m
 FLag resetb
[0;32mI (670) wifi:wifi driver task: 3ffc5428, prio:23, stack:6656, core=0[0m
[0;32mI (670) wifi:wifi firmware version: 3ce09e5[0m
[0;32mI (670) wifi:wifi certification version: v7.0[0m
[0;32mI (670) wifi:config NVS flash: enabled[0m
[0;32mI (670) wifi:config nano formating: disabled[0m
[0;32mI (680) wifi:Init data frame dynamic rx buffer num: 32[0m
[0;32mI (680) wifi:Init static rx mgmt buffer num: 5[0m
[0;32mI (690) wifi:Init management short buffer num: 32[0m
[0;32mI (690) wifi:Init dynamic tx buffer num: 32[0m
[0;32mI (690) wifi:Init static rx buffer size: 1600[0m
[0;32mI (700) wifi:Init static rx buffer num: 10[0m
[0;32mI (700) wifi:Init dynamic rx buffer num: 32[0m
[0;32mI (710) wifi_init: rx ba win: 6[0m
[0;32mI (710) wifi_init: tcpip mbox: 32[0m
[0;32mI (710) wifi_init: udp mbox: 6[0m
[0;32mI (720) wifi_init: tcp mbox: 6[0m
[0;32mI (720) wifi_init: tcp tx win: 5760[0m
[0;32mI (720) wifi_init: tcp rx win: 5760[0m
[0;32mI (730) wifi_init: tcp mss: 1440[0m
[0;32mI (730) wifi_init: WiFi IRAM OP enabled[0m
[0;32mI (740) wifi_init: WiFi RX IRAM OP enabled[0m
Guru Meditation Error: Core  0 panic'ed (LoadProhibited). Exception was unhandled.

Core  0 register dump:
PC      : 0x40001650  PS      : 0x00060d30  A0      : 0x800d8061  A1      : 0x3ffba4c0  
A2      : 0x3ffba5c0  A3      : 0x00000000  A4      : 0x00000020  A5      : 0x0000ff00  
A6      : 0x00ff0000  A7      : 0xff000000  A8      : 0x00000000  A9      : 0x3ffba480  
A10     : 0x3ffba5c0  A11     : 0x000000ff  A12     : 0x00000000  A13     : 0x400d7e70  
A14     : 0x00000000  A15     : 0x3ffba5bc  SAR     : 0x0000001c  EXCCAUSE: 0x0000001c  
EXCVADDR: 0x00000000  LBEG    : 0x4000164d  LEND    : 0x40001667  LCOUNT  : 0xffffffff  


Backtrace: 0x4000164d:0x3ffba4c0 0x400d805e:0x3ffba4d0 0x400d7e6b:0x3ffba6c0 0x40173ff3:0x3ffba6f0 0x4008cf79:0x3ffba720




ELF file SHA256: 003fcf13a78e4f27

Rebooting...
ets Jul 29 2019 12:21:46

rst:0xc (SW_CPU_RESET),boot:0x1b (SPI_FAST_FLASH_BOOT)
configsip: 0, SPIWP:0xee
clk_drv:0x00,q_drv:0x00,d_drv:0x00,cs0_drv:0x00,hd_drv:0x00,wp_drv:0x00
mode:DIO, clock div:2
load:0x3fff0030,len:7132
ho 0 tail 12 room 4
load:0x40078000,len:15624
ho 0 tail 12 room 4
load:0x40080400,len:4
load:0x40080404,len:3876
entry 0x4008064c
[0;32mI (32) boot: ESP-IDF v5.1.4-52-g978d574e5e-dirty 2nd stage bootloader[0m
[0;32mI (33) boot: compile time May  7 2025 11:13:25[0m
[0;32mI (35) boot: Multicore bootloader[0m
[0;32mI (39) boot: chip revision: v3.1[0m
[0;32mI (43) boot.esp32: SPI Speed      : 40MHz[0m
[0;32mI (47) boot.esp32: SPI Mode       : DIO[0m
[0;32mI (52) boot.esp32: SPI Flash Size : 2MB[0m
[0;32mI (56) boot: Enabling RNG early entropy source...[0m
[0;32mI (62) boot: Partition Table:[0m
[0;32mI (65) boot: ## Label            Usage          Type ST Offset   Length[0m
[0;32mI (73) boot:  0 nvs              WiFi data        01 02 00009000 00006000[0m
[0;32mI (80) boot:  1 phy_init         RF data          01 01 0000f000 00001000[0m
[0;32mI (88) boot:  2 factory          factory app      00 00 00010000 00100000[0m
[0;32mI (95) boot: End of partition table[0m
[0;32mI (99) esp_image: segment 0: paddr=00010020 vaddr=3f400020 size=264e8h (156904) map[0m
[0;32mI (165) esp_image: segment 1: paddr=00036510 vaddr=3ff80063 size=00008h (     8) load[0m
[0;32mI (165) esp_image: segment 2: paddr=00036520 vaddr=3ffb0000 size=03cdch ( 15580) load[0m
[0;32mI (176) esp_image: segment 3: paddr=0003a204 vaddr=40080000 size=05e14h ( 24084) load[0m
[0;32mI (189) esp_image: segment 4: paddr=00040020 vaddr=400d0020 size=a6168h (680296) map[0m
[0;32mI (435) esp_image: segment 5: paddr=000e6190 vaddr=40085e14 size=11594h ( 71060) load[0m
[0;32mI (464) esp_image: segment 6: paddr=000f772c vaddr=400c0000 size=00064h (   100) load[0m
[0;32mI (476) boot: Loaded app from partition at offset 0x10000[0m
[0;32mI (477) boot: Disabling RNG early entropy source...[0m
[0;32mI (488) cpu_start: Multicore app[0m
[0;32mI (488) cpu_start: Pro cpu up.[0m
[0;32mI (489) cpu_start: Starting app cpu, entry point is 0x4008151c[0m
[0;32mI (475) cpu_start: App cpu up.[0m
[0;32mI (506) cpu_start: Pro cpu start user code[0m
[0;32mI (507) cpu_start: cpu freq: 160000000 Hz[0m
[0;32mI (507) cpu_start: Application information:[0m
[0;32mI (511) cpu_start: Project name:     vinfast[0m
[0;32mI (516) cpu_start: App version:      0105f49-dirty[0m
[0;32mI (522) cpu_start: Compile time:     May  7 2025 11:13:14[0m
[0;32mI (528) cpu_start: ELF file SHA256:  003fcf13a78e4f27...[0m
[0;32mI (534) cpu_start: ESP-IDF:          v5.1.4-52-g978d574e5e-dirty[0m
[0;32mI (540) cpu_start: Min chip rev:     v0.0[0m
[0;32mI (545) cpu_start: Max chip rev:     v3.99 [0m
[0;32mI (550) cpu_start: Chip rev:         v3.1[0m
[0;32mI (555) heap_init: Initializing. RAM available for dynamic allocation:[0m
[0;32mI (562) heap_init: At 3FFAE6E0 len 00001920 (6 KiB): DRAM[0m
[0;32mI (568) heap_init: At 3FFB83F0 len 00027C10 (159 KiB): DRAM[0m
[0;32mI (574) heap_init: At 3FFE0440 len 00003AE0 (14 KiB): D/IRAM[0m
[0;32mI (581) heap_init: At 3FFE4350 len 0001BCB0 (111 KiB): D/IRAM[0m
[0;32mI (587) heap_init: At 400973A8 len 00008C58 (35 KiB): IRAM[0m
[0;32mI (595) spi_flash: detected chip: generic[0m
[0;32mI (598) spi_flash: flash io: dio[0m
[0;33mW (602) spi_flash: Detected size(4096k) larger than the size in the binary image header(2048k). Using the size in the binary image header.[0m
[0;32mI (616) app_start: Starting scheduler on CPU0[0m
[0;32mI (620) app_start: Starting scheduler on CPU1[0m
[0;32mI (620) main_task: Started on CPU0[0m
[0;32mI (630) main_task: Calling app_main()[0m
[0;32mI (630) gpio: GPIO[0]| InputEn: 1| OutputEn: 0| OpenDrain: 0| Pullup: 1| Pulldown: 0| Intr:2 [0m
[0;32mI (640) gpio: GPIO[2]| InputEn: 0| OutputEn: 1| OpenDrain: 0| Pullup: 0| Pulldown: 1| Intr:0 [0m
 FLag resetb
[0;32mI (670) wifi:wifi driver task: 3ffc5428, prio:23, stack:6656, core=0[0m
[0;32mI (670) wifi:wifi firmware version: 3ce09e5[0m
[0;32mI (670) wifi:wifi certification version: v7.0[0m
[0;32mI (670) wifi:config NVS flash: enabled[0m
[0;32mI (670) wifi:config nano formating: disabled[0m
[0;32mI (680) wifi:Init data frame dynamic rx buffer num: 32[0m
[0;32mI (680) wifi:Init static rx mgmt buffer num: 5[0m
[0;32mI (690) wifi:Init management short buffer num: 32[0m
[0;32mI (690) wifi:Init dynamic tx buffer num: 32[0m
[0;32mI (690) wifi:Init static rx buffer size: 1600[0m
[0;32mI (700) wifi:Init static rx buffer num: 10[0m
[0;32mI (700) wifi:Init dynamic rx buffer num: 32[0m
[0;32mI (710) wifi_init: rx ba win: 6[0m
[0;32mI (710) wifi_init: tcpip mbox: 32[0m
[0;32mI (710) wifi_init: udp mbox: 6[0m
[0;32mI (720) wifi_init: tcp mbox: 6[0m
[0;32mI (720) wifi_init: tcp tx win: 5760[0m
[0;32mI (720) wifi_init: tcp rx win: 5760[0m
[0;32mI (730) wifi_init: tcp mss: 1440[0m
[0;32mI (730) wifi_init: WiFi IRAM OP enabled[0m
[0;32mI (740) wifi_init: WiFi RX IRAM OP enabled[0m
Guru Meditation Error: Core  0 panic'ed (LoadProhibited). Exception was unhandled.

Core  0 register dump:
PC      : 0x40001650  PS      : 0x00060d30  A0      : 0x800d8061  A1      : 0x3ffba4c0  
A2      : 0x3ffba5c0  A3      : 0x00000000  A4      : 0x00000020  A5      : 0x0000ff00  
A6      : 0x00ff0000  A7      : 0xff000000  A8      : 0x00000000  A9      : 0x3ffba480  
A10     : 0x3ffba5c0  A11     : 0x000000ff  A12     : 0x00000000  A13     : 0x400d7e70  
A14     : 0x00000000  A15     : 0x3ffba5bc  SAR     : 0x0000001c  EXCCAUSE: 0x0000001c  
EXCVADDR: 0x00000000  LBEG    : 0x4000164d  LEND    : 0x40001667  LCOUNT  : 0xffffffff  


Backtrace: 0x4000164d:0x3ffba4c0 0x400d805e:0x3ffba4d0 0x400d7e6b:0x3ffba6c0 0x40173ff3:0x3ffba6f0 0x4008cf79:0x3ffba720




ELF file SHA256: 003fcf13a78e4f27

Rebooting...
ets Jul 29 2019 12:21:46

rst:0xc (SW_CPU_RESET),boot:0x1b (SPI_FAST_FLASH_BOOT)
configsip: 0, SPIWP:0xee
clk_drv:0x00,q_drv:0x00,d_drv:0x00,cs0_drv:0x00,hd_drv:0x00,wp_drv:0x00
mode:DIO, clock div:2
load:0x3fff0030,len:7132
ho 0 tail 12 room 4
load:0x40078000,len:15624
ho 0 tail 12 room 4
load:0x40080400,len:4
load:0x40080404,len:3876
entry 0x4008064c
[0;32mI (32) boot: ESP-IDF v5.1.4-52-g978d574e5e-dirty 2nd stage bootloader[0m
[0;32mI (33) boot: compile time May  7 2025 11:13:25[0m
[0;32mI (35) boot: Multicore bootloader[0m
[0;32mI (39) boot: chip revision: v3.1[0m
[0;32mI (43) boot.esp32: SPI Speed      : 40MHz[0m
[0;32mI (47) boot.esp32: SPI Mode       : DIO[0m
[0;32mI (52) boot.esp32: SPI Flash Size : 2MB[0m
[0;32mI (56) boot: Enabling RNG early entropy source...[0m
[0;32mI (62) boot: Partition Table:[0m
[0;32mI (65) boot: ## Label            Usage          Type ST Offset   Length[0m
[0;32mI (73) boot:  0 nvs              WiFi data        01 02 00009000 00006000[0m
[0;32mI (80) boot:  1 phy_init         RF data          01 01 0000f000 00001000[0m
[0;32mI (88) boot:  2 factory          factory app      00 00 00010000 00100000[0m
[0;32mI (95) boot: End of partition table[0m
[0;32mI (99) esp_image: segment 0: paddr=00010020 vaddr=3f400020 size=264e8h (156904) map[0m
[0;32mI (165) esp_image: segment 1: paddr=00036510 vaddr=3ff80063 size=00008h (     8) load[0m
[0;32mI (165) esp_image: segment 2: paddr=00036520 vaddr=3ffb0000 size=03cdch ( 15580) load[0m
[0;32mI (176) esp_image: segment 3: paddr=0003a204 vaddr=40080000 size=05e14h ( 24084) load[0m
[0;32mI (189) esp_image: segment 4: paddr=00040020 vaddr=400d0020 size=a6168h (680296) map[0m
[0;32mI (435) esp_image: segment 5: paddr=000e6190 vaddr=40085e14 size=11594h ( 71060) load[0m
[0;32mI (464) esp_image: segment 6: paddr=000f772c vaddr=400c0000 size=00064h (   100) load[0m
[0;32mI (476) boot: Loaded app from partition at offset 0x10000[0m
[0;32mI (477) boot: Disabling RNG early entropy source...[0m
[0;32mI (488) cpu_start: Multicore app[0m
[0;32mI (488) cpu_start: Pro cpu up.[0m
[0;32mI (489) cpu_start: Starting app cpu, entry point is 0x4008151c[0m
[0;32mI (475) cpu_start: App cpu up.[0m
[0;32mI (506) cpu_start: Pro cpu start user code[0m
[0;32mI (507) cpu_start: cpu freq: 160000000 Hz[0m
[0;32mI (507) cpu_start: Application information:[0m
[0;32mI (511) cpu_start: Project name:     vinfast[0m
[0;32mI (516) cpu_start: App version:      0105f49-dirty[0m
[0;32mI (522) cpu_start: Compile time:     May  7 2025 11:13:14[0m
[0;32mI (528) cpu_start: ELF file SHA256:  003fcf13a78e4f27...[0m
[0;32mI (534) cpu_start: ESP-IDF:          v5.1.4-52-g978d574e5e-dirty[0m
[0;32mI (540) cpu_start: Min chip rev:     v0.0[0m
[0;32mI (545) cpu_start: Max chip rev:     v3.99 [0m
[0;32mI (550) cpu_start: Chip rev:         v3.1[0m
[0;32mI (555) heap_init: Initializing. RAM available for dynamic allocation:[0m
[0;32mI (562) heap_init: At 3FFAE6E0 len 00001920 (6 KiB): DRAM[0m
[0;32mI (568) heap_init: At 3FFB83F0 len 00027C10 (159 KiB): DRAM[0m
[0;32mI (574) heap_init: At 3FFE0440 len 00003AE0 (14 KiB): D/IRAM[0m
[0;32mI (581) heap_init: At 3FFE4350 len 0001BCB0 (111 KiB): D/IRAM[0m
[0;32mI (587) heap_init: At 400973A8 len 00008C58 (35 KiB): IRAM[0m
[0;32mI (595) spi_flash: detected chip: generic[0m
[0;32mI (598) spi_flash: flash io: dio[0m
[0;33mW (602) spi_flash: Detected size(4096k) larger than the size in the binary image header(2048k). Using the size in the binary image header.[0m
[0;32mI (616) app_start: Starting scheduler on CPU0[0m
[0;32mI (620) app_start: Starting scheduler on CPU1[0m
[0;32mI (620) main_task: Started on CPU0[0m
[0;32mI (630) main_task: Calling app_main()[0m
[0;32mI (630) gpio: GPIO[0]| InputEn: 1| OutputEn: 0| OpenDrain: 0| Pullup: 1| Pulldown: 0| Intr:2 [0m
[0;32mI (640) gpio: GPIO[2]| InputEn: 0| OutputEn: 1| OpenDrain: 0| Pullup: 0| Pulldown: 1| Intr:0 [0m
 FLag resetb
[0;32mI (670) wifi:wifi driver task: 3ffc5428, prio:23, stack:6656, core=0[0m
[0;32mI (670) wifi:wifi firmware version: 3ce09e5[0m
[0;32mI (670) wifi:wifi certification version: v7.0[0m
[0;32mI (670) wifi:config NVS flash: enabled[0m
[0;32mI (670) wifi:config nano formating: disabled[0m
[0;32mI (680) wifi:Init data frame dynamic rx buffer num: 32[0m
[0;32mI (680) wifi:Init static rx mgmt buffer num: 5[0m
[0;32mI (690) wifi:Init management short buffer num: 32[0m
[0;32mI (690) wifi:Init dynamic tx buffer num: 32[0m
[0;32mI (690) wifi:Init static rx buffer size: 1600[0m
[0;32mI (700) wifi:Init static rx buffer num: 10[0m
[0;32mI (700) wifi:Init dynamic rx buffer num: 32[0m
[0;32mI (710) wifi_init: rx ba win: 6[0m
[0;32mI (710) wifi_init: tcpip mbox: 32[0m
[0;32mI (710) wifi_init: udp mbox: 6[0m
[0;32mI (720) wifi_init: tcp mbox: 6[0m
[0;32mI (720) wifi_init: tcp tx win: 5760[0m
[0;32mI (720) wifi_init: tcp rx win: 5760[0m
[0;32mI (730) wifi_init: tcp mss: 1440[0m
[0;32mI (730) wifi_init: WiFi IRAM OP enabled[0m
[0;32mI (740) wifi_init: WiFi RX IRAM OP enabled[0m
Guru Meditation Error: Core  0 panic'ed (LoadProhibited). Exception was unhandled.

Core  0 register dump:
PC      : 0x40001650  PS      : 0x00060d30  A0      : 0x800d8061  A1      : 0x3ffba4c0  
A2      : 0x3ffba5c0  A3      : 0x00000000  A4      : 0x00000020  A5      : 0x0000ff00  
A6      : 0x00ff0000  A7      : 0xff000000  A8      : 0x00000000  A9      : 0x3ffba480  
A10     : 0x3ffba5c0  A11     : 0x000000ff  A12     : 0x00000000  A13     : 0x400d7e70  
A14     : 0x00000000  A15     : 0x3ffba5bc  SAR     : 0x0000001c  EXCCAUSE: 0x0000001c  
EXCVADDR: 0x00000000  LBEG    : 0x4000164d  LEND    : 0x40001667  LCOUNT  : 0xffffffff  


Backtrace: 0x4000164d:0x3ffba4c0 0x400d805e:0x3ffba4d0 0x400d7e6b:0x3ffba6c0 0x40173ff3:0x3ffba6f0 0x4008cf79:0x3ffba720




ELF file SHA256: 003fcf13a78e4f27

Rebooting...
ets Jul 29 2019 12:21:46

rst:0xc (SW_CPU_RESET),boot:0x1b (SPI_FAST_FLASH_BOOT)
configsip: 0, SPIWP:0xee
clk_drv:0x00,q_drv:0x00,d_drv:0x00,cs0_drv:0x00,hd_drv:0x00,wp_drv:0x00
mode:DIO, clock div:2
load:0x3fff0030,len:7132
ho 0 tail 12 room 4
load:0x40078000,len:15624
ho 0 tail 12 room 4
load:0x40080400,len:4
load:0x40080404,len:3876
entry 0x4008064c
[0;32mI (32) boot: ESP-IDF v5.1.4-52-g978d574e5e-dirty 2nd stage bootloader[0m
[0;32mI (33) boot: compile time May  7 2025 11:13:25[0m
[0;32mI (35) boot: Multicore bootloader[0m
[0;32mI (39) boot: chip revision: v3.1[0m
[0;32mI (43) boot.esp32: SPI Speed      : 40MHz[0m
[0;32mI (47) boot.esp32: SPI Mode       : DIO[0m
[0;32mI (52) boot.esp32: SPI Flash Size : 2MB[0m
[0;32mI (56) boot: Enabling RNG early entropy source...[0m
[0;32mI (62) boot: Partition Table:[0m
[0;32mI (65) boot: ## Label            Usage          Type ST Offset   Length[0m
[0;32mI (73) boot:  0 nvs              WiFi data        01 02 00009000 00006000[0m
[0;32mI (80) boot:  1 phy_init         RF data          01 01 0000f000 00001000[0m
[0;32mI (88) boot:  2 factory          factory app      00 00 00010000 00100000[0m
[0;32mI (95) boot: End of partition table[0m
[0;32mI (99) esp_image: segment 0: paddr=00010020 vaddr=3f400020 size=264e8h (156904) map[0m
[0;32mI (165) esp_image: segment 1: paddr=00036510 vaddr=3ff80063 size=00008h (     8) load[0m
[0;32mI (165) esp_image: segment 2: paddr=00036520 vaddr=3ffb0000 size=03cdch ( 15580) load[0m
[0;32mI (176) esp_image: segment 3: paddr=0003a204 vaddr=40080000 size=05e14h ( 24084) load[0m
[0;32mI (189) esp_image: segment 4: paddr=00040020 vaddr=400d0020 size=a6168h (680296) map[0m
[0;32mI (435) esp_image: segment 5: paddr=000e6190 vaddr=40085e14 size=11594h ( 71060) load[0m
[0;32mI (464) esp_image: segment 6: paddr=000f772c vaddr=400c0000 size=00064h (   100) load[0m
[0;32mI (476) boot: Loaded app from partition at offset 0x10000[0m
[0;32mI (477) boot: Disabling RNG early entropy source...[0m
[0;32mI (488) cpu_start: Multicore app[0m
[0;32mI (488) cpu_start: Pro cpu up.[0m
[0;32mI (489) cpu_start: Starting app cpu, entry point is 0x4008151c[0m
[0;32mI (475) cpu_start: App cpu up.[0m
[0;32mI (506) cpu_start: Pro cpu start user code[0m
[0;32mI (507) cpu_start: cpu freq: 160000000 Hz[0m
[0;32mI (507) cpu_start: Application information:[0m
[0;32mI (511) cpu_start: Project name:     vinfast[0m
[0;32mI (516) cpu_start: App version:      0105f49-dirty[0m
[0;32mI (522) cpu_start: Compile time:     May  7 2025 11:13:14[0m
[0;32mI (528) cpu_start: ELF file SHA256:  003fcf13a78e4f27...[0m
[0;32mI (534) cpu_start: ESP-IDF:          v5.1.4-52-g978d574e5e-dirty[0m
[0;32mI (540) cpu_start: Min chip rev:     v0.0[0m
[0;32mI (545) cpu_start: Max chip rev:     v3.99 [0m
[0;32mI (550) cpu_start: Chip rev:         v3.1[0m
[0;32mI (555) heap_init: Initializing. RAM available for dynamic allocation:[0m
[0;32mI (562) heap_init: At 3FFAE6E0 len 00001920 (6 KiB): DRAM[0m
[0;32mI (568) heap_init: At 3FFB83F0 len 00027C10 (159 KiB): DRAM[0m
[0;32mI (574) heap_init: At 3FFE0440 len 00003AE0 (14 KiB): D/IRAM[0m
[0;32mI (581) heap_init: At 3FFE4350 len 0001BCB0 (111 KiB): D/IRAM[0m
[0;32mI (587) heap_init: At 400973A8 len 00008C58 (35 KiB): IRAM[0m
[0;32mI (595) spi_flash: detected chip: generic[0m
[0;32mI (598) spi_flash: flash io: dio[0m
[0;33mW (602) spi_flash: Detected size(4096k) larger than the size in the binary image header(2048k). Using the size in the binary image header.[0m
[0;32mI (616) app_start: Starting scheduler on CPU0[0m
[0;32mI (620) app_start: Starting scheduler on CPU1[0m
[0;32mI (620) main_task: Started on CPU0[0m
[0;32mI (630) main_task: Calling app_main()[0m
[0;32mI (630) gpio: GPIO[0]| InputEn: 1| OutputEn: 0| OpenDrain: 0| Pullup: 1| Pulldown: 0| Intr:2 [0m
[0;32mI (640) gpio: GPIO[2]| InputEn: 0| OutputEn: 1| OpenDrain: 0| Pullup: 0| Pulldown: 1| Intr:0 [0m
 FLag resetb
[0;32mI (670) wifi:wifi driver task: 3ffc5428, prio:23, stack:6656, core=0[0m
[0;32mI (670) wifi:wifi firmware version: 3ce09e5[0m
[0;32mI (670) wifi:wifi certification version: v7.0[0m
[0;32mI (670) wifi:config NVS flash: enabled[0m
[0;32mI (670) wifi:config nano formating: disabled[0m
[0;32mI (680) wifi:Init data frame dynamic rx buffer num: 32[0m
[0;32mI (680) wifi:Init static rx mgmt buffer num: 5[0m
[0;32mI (690) wifi:Init management short buffer num: 32[0m
[0;32mI (690) wifi:Init dynamic tx buffer num: 32[0m
[0;32mI (690) wifi:Init static rx buffer size: 1600[0m
[0;32mI (700) wifi:Init static rx buffer num: 10[0m
[0;32mI (700) wifi:Init dynamic rx buffer num: 32[0m
[0;32mI (710) wifi_init: rx ba win: 6[0m
[0;32mI (710) wifi_init: tcpip mbox: 32[0m
[0;32mI (710) wifi_init: udp mbox: 6[0m
[0;32mI (720) wifi_init: tcp mbox: 6[0m
[0;32mI (720) wifi_init: tcp tx win: 5760[0m
[0;32mI (720) wifi_init: tcp rx win: 5760[0m
[0;32mI (730) wifi_init: tcp mss: 1440[0m
[0;32mI (730) wifi_init: WiFi IRAM OP enabled[0m
[0;32mI (740) wifi_init: WiFi RX IRAM OP enabled[0m
Guru Meditation Error: Core  0 panic'ed (LoadProhibited). Exception was unhandled.

Core  0 register dump:
PC      : 0x40001650  PS      : 0x00060d30  A0      : 0x800d8061  A1      : 0x3ffba4c0  
A2      : 0x3ffba5c0  A3      : 0x00000000  A4      : 0x00000020  A5      : 0x0000ff00  
A6      : 0x00ff0000  A7      : 0xff000000  A8      : 0x00000000  A9      : 0x3ffba480  
A10     : 0x3ffba5c0  A11     : 0x000000ff  A12     : 0x00000000  A13     : 0x400d7e70  
A14     : 0x00000000  A15     : 0x3ffba5bc  SAR     : 0x0000001c  EXCCAUSE: 0x0000001c  
EXCVADDR: 0x00000000  LBEG    : 0x4000164d  LEND    : 0x40001667  LCOUNT  : 0xffffffff  


Backtrace: 0x4000164d:0x3ffba4c0 0x400d805e:0x3ffba4d0 0x400d7e6b:0x3ffba6c0 0x40173ff3:0x3ffba6f0 0x4008cf79:0x3ffba720




ELF file SHA256: 003fcf13a78e4f27

Rebooting...
ets Jul 29 2019 12:21:46

rst:0xc (SW_CPU_RESET),boot:0x1b (SPI_FAST_FLASH_BOOT)
configsip: 0, SPIWP:0xee
clk_drv:0x00,q_drv:0x00,d_drv:0x00,cs0_drv:0x00,hd_drv:0x00,wp_drv:0x00
mode:DIO, clock div:2
load:0x3fff0030,len:7132
ho 0 tail 12 room 4
load:0x40078000,len:15624
ho 0 tail 12 room 4
load:0x40080400,len:4
load:0x40080404,len:3876
entry 0x4008064c
[0;32mI (32) boot: ESP-IDF v5.1.4-52-g978d574e5e-dirty 2nd stage bootloader[0m
[0;32mI (33) boot: compile time May  7 2025 11:13:25[0m
[0;32mI (35) boot: Multicore bootloader[0m
[0;32mI (39) boot: chip revision: v3.1[0m
[0;32mI (43) boot.esp32: SPI Speed      : 40MHz[0m
[0;32mI (47) boot.esp32: SPI Mode       : DIO[0m
[0;32mI (52) boot.esp32: SPI Flash Size : 2MB[0m
[0;32mI (56) boot: Enabling RNG early entropy source...[0m
[0;32mI (62) boot: Partition Table:[0m
[0;32mI (65) boot: ## Label            Usage          Type ST Offset   Length[0m
[0;32mI (73) boot:  0 nvs              WiFi data        01 02 00009000 00006000[0m
[0;32mI (80) boot:  1 phy_init         RF data          01 01 0000f000 00001000[0m
[0;32mI (88) boot:  2 factory          factory app      00 00 00010000 00100000[0m
[0;32mI (95) boot: End of partition table[0m
[0;32mI (99) esp_image: segment 0: paddr=00010020 vaddr=3f400020 size=264e8h (156904) map[0m
[0;32mI (165) esp_image: segment 1: paddr=00036510 vaddr=3ff80063 size=00008h (     8) load[0m
[0;32mI (165) esp_image: segment 2: paddr=00036520 vaddr=3ffb0000 size=03cdch ( 15580) load[0m
[0;32mI (176) esp_image: segment 3: paddr=0003a204 vaddr=40080000 size=05e14h ( 24084) load[0m
[0;32mI (189) esp_image: segment 4: paddr=00040020 vaddr=400d0020 size=a6168h (680296) map[0m
[0;32mI (435) esp_image: segment 5: paddr=000e6190 vaddr=40085e14 size=11594h ( 71060) load[0m
[0;32mI (464) esp_image: segment 6: paddr=000f772c vaddr=400c0000 size=00064h (   100) load[0m
[0;32mI (476) boot: Loaded app from partition at offset 0x10000[0m
[0;32mI (477) boot: Disabling RNG early entropy source...[0m
[0;32mI (488) cpu_start: Multicore app[0m
[0;32mI (488) cpu_start: Pro cpu up.[0m
[0;32mI (489) cpu_start: Starting app cpu, entry point is 0x4008151c[0m
[0;32mI (475) cpu_start: App cpu up.[0m
[0;32mI (506) cpu_start: Pro cpu start user code[0m
[0;32mI (507) cpu_start: cpu freq: 160000000 Hz[0m
[0;32mI (507) cpu_start: Application information:[0m
[0;32mI (511) cpu_start: Project name:     vinfast[0m
[0;32mI (516) cpu_start: App version:      0105f49-dirty[0m
[0;32mI (522) cpu_start: Compile time:     May  7 2025 11:13:14[0m
[0;32mI (528) cpu_start: ELF file SHA256:  003fcf13a78e4f27...[0m
[0;32mI (534) cpu_start: ESP-IDF:          v5.1.4-52-g978d574e5e-dirty[0m
[0;32mI (540) cpu_start: Min chip rev:     v0.0[0m
[0;32mI (545) cpu_start: Max chip rev:     v3.99 [0m
[0;32mI (550) cpu_start: Chip rev:         v3.1[0m
[0;32mI (555) heap_init: Initializing. RAM available for dynamic allocation:[0m
[0;32mI (562) heap_init: At 3FFAE6E0 len 00001920 (6 KiB): DRAM[0m
[0;32mI (568) heap_init: At 3FFB83F0 len 00027C10 (159 KiB): DRAM[0m
[0;32mI (574) heap_init: At 3FFE0440 len 00003AE0 (14 KiB): D/IRAM[0m
[0;32mI (581) heap_init: At 3FFE4350 len 0001BCB0 (111 KiB): D/IRAM[0m
[0;32mI (587) heap_init: At 400973A8 len 00008C58 (35 KiB): IRAM[0m
[0;32mI (595) spi_flash: detected chip: generic[0m
[0;32mI (598) spi_flash: flash io: dio[0m
[0;33mW (602) spi_flash: Detected size(4096k) larger than the size in the binary image header(2048k). Using the size in the binary image header.[0m
[0;32mI (616) app_start: Starting scheduler on CPU0[0m
[0;32mI (620) app_start: Starting scheduler on CPU1[0m
[0;32mI (620) main_task: Started on CPU0[0m
[0;32mI (630) main_task: Calling app_main()[0m
[0;32mI (630) gpio: GPIO[0]| InputEn: 1| OutputEn: 0| OpenDrain: 0| Pullup: 1| Pulldown: 0| Intr:2 [0m
[0;32mI (640) gpio: GPIO[2]| InputEn: 0| OutputEn: 1| OpenDrain: 0| Pullup: 0| Pulldown: 1| Intr:0 [0m
 FLag resetb
[0;32mI (670) wifi:wifi driver task: 3ffc5428, prio:23, stack:6656, core=0[0m
[0;32mI (670) wifi:wifi firmware version: 3ce09e5[0m
[0;32mI (670) wifi:wifi certification version: v7.0[0m
[0;32mI (670) wifi:config NVS flash: enabled[0m
[0;32mI (670) wifi:config nano formating: disabled[0m
[0;32mI (680) wifi:Init data frame dynamic rx buffer num: 32[0m
[0;32mI (680) wifi:Init static rx mgmt buffer num: 5[0m
[0;32mI (690) wifi:Init management short buffer num: 32[0m
[0;32mI (690) wifi:Init dynamic tx buffer num: 32[0m
[0;32mI (690) wifi:Init static rx buffer size: 1600[0m
[0;32mI (700) wifi:Init static rx buffer num: 10[0m
[0;32mI (700) wifi:Init dynamic rx buffer num: 32[0m
[0;32mI (710) wifi_init: rx ba win: 6[0m
[0;32mI (710) wifi_init: tcpip mbox: 32[0m
[0;32mI (710) wifi_init: udp mbox: 6[0m
[0;32mI (720) wifi_init: tcp mbox: 6[0m
[0;32mI (720) wifi_init: tcp tx win: 5760[0m
[0;32mI (720) wifi_init: tcp rx win: 5760[0m
[0;32mI (730) wifi_init: tcp mss: 1440[0m
[0;32mI (730) wifi_init: WiFi IRAM OP enabled[0m
[0;32mI (740) wifi_init: WiFi RX IRAM OP enabled[0m
Guru Meditation Error: Core  0 panic'ed (LoadProhibited). Exception was unhandled.

Core  0 register dump:
PC      : 0x40001650  PS      : 0x00060d30  A0      : 0x800d8061  A1      : 0x3ffba4c0  
A2      : 0x3ffba5c0  A3      : 0x00000000  A4      : 0x00000020  A5      : 0x0000ff00  
A6      : 0x00ff0000  A7      : 0xff000000  A8      : 0x00000000  A9      : 0x3ffba480  
A10     : 0x3ffba5c0  A11     : 0x000000ff  A12     : 0x00000000  A13     : 0x400d7e70  
A14     : 0x00000000  A15     : 0x3ffba5bc  SAR     : 0x0000001c  EXCCAUSE: 0x0000001c  
EXCVADDR: 0x00000000  LBEG    : 0x4000164d  LEND    : 0x40001667  LCOUNT  : 0xffffffff  


Backtrace: 0x4000164d:0x3ffba4c0 0x400d805e:0x3ffba4d0 0x400d7e6b:0x3ffba6c0 0x40173ff3:0x3ffba6f0 0x4008cf79:0x3ffba720




ELF file SHA256: 003fcf13a78e4f27

Rebooting...
ets Jul 29 2019 12:21:46

rst:0xc (SW_CPU_RESET),boot:0x1b (SPI_FAST_FLASH_BOOT)
configsip: 0, SPIWP:0xee
clk_drv:0x00,q_drv:0x00,d_drv:0x00,cs0_drv:0x00,hd_drv:0x00,wp_drv:0x00
mode:DIO, clock div:2
load:0x3fff0030,len:7132
ho 0 tail 12 room 4
load:0x40078000,len:15624
ho 0 tail 12 room 4
load:0x40080400,len:4
load:0x40080404,len:3876
entry 0x4008064c
[0;32mI (32) boot: ESP-IDF v5.1.4-52-g978d574e5e-dirty 2nd stage bootloader[0m
[0;32mI (33) boot: compile time May  7 2025 11:13:25[0m
[0;32mI (35) boot: Multicore bootloader[0m
[0;32mI (39) boot: chip revision: v3.1[0m
[0;32mI (43) boot.esp32: SPI Speed      : 40MHz[0m
[0;32mI (47) boot.esp32: SPI Mode       : DIO[0m
[0;32mI (52) boot.esp32: SPI Flash Size : 2MB[0m
[0;32mI (56) boot: Enabling RNG early entropy source...[0m
[0;32mI (62) boot: Partition Table:[0m
[0;32mI (65) boot: ## Label            Usage          Type ST Offset   Length[0m
[0;32mI (73) boot:  0 nvs              WiFi data        01 02 00009000 00006000[0m
[0;32mI (80) boot:  1 phy_init         RF data          01 01 0000f000 00001000[0m
[0;32mI (88) boot:  2 factory          factory app      00 00 00010000 00100000[0m
[0;32mI (95) boot: End of partition table[0m
[0;32mI (99) esp_image: segment 0: paddr=00010020 vaddr=3f400020 size=264e8h (156904) map[0m
[0;32mI (165) esp_image: segment 1: paddr=00036510 vaddr=3ff80063 size=00008h (     8) load[0m
[0;32mI (165) esp_image: segment 2: paddr=00036520 vaddr=3ffb0000 size=03cdch ( 15580) load[0m
[0;32mI (176) esp_image: segment 3: paddr=0003a204 vaddr=40080000 size=05e14h ( 24084) load[0m
[0;32mI (189) esp_image: segment 4: paddr=00040020 vaddr=400d0020 size=a6168h (680296) map[0m
[0;32mI (435) esp_image: segment 5: paddr=000e6190 vaddr=40085e14 size=11594h ( 71060) load[0m
[0;32mI (464) esp_image: segment 6: paddr=000f772c vaddr=400c0000 size=00064h (   100) load[0m
[0;32mI (476) boot: Loaded app from partition at offset 0x10000[0m
[0;32mI (477) boot: Disabling RNG early entropy source...[0m
[0;32mI (488) cpu_start: Multicore app[0m
[0;32mI (488) cpu_start: Pro cpu up.[0m
[0;32mI (489) cpu_start: Starting app cpu, entry point is 0x4008151c[0m
[0;32mI (475) cpu_start: App cpu up.[0m
[0;32mI (506) cpu_start: Pro cpu start user code[0m
[0;32mI (507) cpu_start: cpu freq: 160000000 Hz[0m
[0;32mI (507) cpu_start: Application information:[0m
[0;32mI (511) cpu_start: Project name:     vinfast[0m
[0;32mI (516) cpu_start: App version:      0105f49-dirty[0m
[0;32mI (522) cpu_start: Compile time:     May  7 2025 11:13:14[0m
[0;32mI (528) cpu_start: ELF file SHA256:  003fcf13a78e4f27...[0m
[0;32mI (534) cpu_start: ESP-IDF:          v5.1.4-52-g978d574e5e-dirty[0m
[0;32mI (540) cpu_start: Min chip rev:     v0.0[0m
[0;32mI (545) cpu_start: Max chip rev:     v3.99 [0m
[0;32mI (550) cpu_start: Chip rev:         v3.1[0m
[0;32mI (555) heap_init: Initializing. RAM available for dynamic allocation:[0m
[0;32mI (562) heap_init: At 3FFAE6E0 len 00001920 (6 KiB): DRAM[0m
[0;32mI (568) heap_init: At 3FFB83F0 len 00027C10 (159 KiB): DRAM[0m
[0;32mI (574) heap_init: At 3FFE0440 len 00003AE0 (14 KiB): D/IRAM[0m
[0;32mI (581) heap_init: At 3FFE4350 len 0001BCB0 (111 KiB): D/IRAM[0m
[0;32mI (587) heap_init: At 400973A8 len 00008C58 (35 KiB): IRAM[0m
[0;32mI (595) spi_flash: detected chip: generic[0m
[0;32mI (598) spi_flash: flash io: dio[0m
[0;33mW (602) spi_flash: Detected size(4096k) larger than the size in the binary image header(2048k). Using the size in the binary image header.[0m
[0;32mI (616) app_start: Starting scheduler on CPU0[0m
[0;32mI (620) app_start: Starting scheduler on CPU1[0m
[0;32mI (620) main_task: Started on CPU0[0m
[0;32mI (630) main_task: Calling app_main()[0m
[0;32mI (630) gpio: GPIO[0]| InputEn: 1| OutputEn: 0| OpenDrain: 0| Pullup: 1| Pulldown: 0| Intr:2 [0m
[0;32mI (640) gpio: GPIO[2]| InputEn: 0| OutputEn: 1| OpenDrain: 0| Pullup: 0| Pulldown: 1| Intr:0 [0m
 FLag resetb
[0;32mI (670) wifi:wifi driver task: 3ffc5428, prio:23, stack:6656, core=0[0m
[0;32mI (670) wifi:wifi firmware version: 3ce09e5[0m
[0;32mI (670) wifi:wifi certification version: v7.0[0m
[0;32mI (670) wifi:config NVS flash: enabled[0m
[0;32mI (670) wifi:config nano formating: disabled[0m
[0;32mI (680) wifi:Init data frame dynamic rx buffer num: 32[0m
[0;32mI (680) wifi:Init static rx mgmt buffer num: 5[0m
[0;32mI (690) wifi:Init management short buffer num: 32[0m
[0;32mI (690) wifi:Init dynamic tx buffer num: 32[0m
[0;32mI (690) wifi:Init static rx buffer size: 1600[0m
[0;32mI (700) wifi:Init static rx buffer num: 10[0m
[0;32mI (700) wifi:Init dynamic rx buffer num: 32[0m
[0;32mI (710) wifi_init: rx ba win: 6[0m
[0;32mI (710) wifi_init: tcpip mbox: 32[0m
[0;32mI (710) wifi_init: udp mbox: 6[0m
[0;32mI (720) wifi_init: tcp mbox: 6[0m
[0;32mI (720) wifi_init: tcp tx win: 5760[0m
[0;32mI (720) wifi_init: tcp rx win: 5760[0m
[0;32mI (730) wifi_init: tcp mss: 1440[0m
[0;32mI (730) wifi_init: WiFi IRAM OP enabled[0m
[0;32mI (740) wifi_init: WiFi RX IRAM OP enabled[0m
Guru Meditation Error: Core  0 panic'ed (LoadProhibited). Exception was unhandled.

Core  0 register dump:
PC      : 0x40001650  PS      : 0x00060d30  A0      : 0x800d8061  A1      : 0x3ffba4c0  
A2      : 0x3ffba5c0  A3      : 0x00000000  A4      : 0x00000020  A5      : 0x0000ff00  
A6      : 0x00ff0000  A7      : 0xff000000  A8      : 0x00000000  A9      : 0x3ffba480  
A10     : 0x3ffba5c0  A11     : 0x000000ff  A12     : 0x00000000  A13     : 0x400d7e70  
A14     : 0x00000000  A15     : 0x3ffba5bc  SAR     : 0x0000001c  EXCCAUSE: 0x0000001c  
EXCVADDR: 0x00000000  LBEG    : 0x4000164d  LEND    : 0x40001667  LCOUNT  : 0xffffffff  


Backtrace: 0x4000164d:0x3ffba4c0 0x400d805e:0x3ffba4d0 0x400d7e6b:0x3ffba6c0 0x40173ff3:0x3ffba6f0 0x4008cf79:0x3ffba720




ELF file SHA256: 003fcf13a78e4f27

Rebooting...
ets Jul 29 2019 12:21:46

rst:0xc (SW_CPU_RESET),boot:0x1b (SPI_FAST_FLASH_BOOT)
configsip: 0, SPIWP:0xee
clk_drv:0x00,q_drv:0x00,d_drv:0x00,cs0_drv:0x00,hd_drv:0x00,wp_drv:0x00
mode:DIO, clock div:2
load:0x3fff0030,len:7132
ho 0 tail 12 room 4
load:0x40078000,len:15624
ho 0 tail 12 room 4
load:0x40080400,len:4
load:0x40080404,len:3876
entry 0x4008064c
[0;32mI (32) boot: ESP-IDF v5.1.4-52-g978d574e5e-dirty 2nd stage bootloader[0m
[0;32mI (33) boot: compile time May  7 2025 11:13:25[0m
[0;32mI (35) boot: Multicore bootloader[0m
[0;32mI (39) boot: chip revision: v3.1[0m
[0;32mI (43) boot.esp32: SPI Speed      : 40MHz[0m
[0;32mI (47) boot.esp32: SPI Mode       : DIO[0m
[0;32mI (52) boot.esp32: SPI Flash Size : 2MB[0m
[0;32mI (56) boot: Enabling RNG early entropy source...[0m
[0;32mI (62) boot: Partition Table:[0m
[0;32mI (65) boot: ## Label            Usage          Type ST Offset   Length[0m
[0;32mI (73) boot:  0 nvs              WiFi data        01 02 00009000 00006000[0m
[0;32mI (80) boot:  1 phy_init         RF data          01 01 0000f000 00001000[0m
[0;32mI (88) boot:  2 factory          factory app      00 00 00010000 00100000[0m
[0;32mI (95) boot: End of partition table[0m
[0;32mI (99) esp_image: segment 0: paddr=00010020 vaddr=3f400020 size=264e8h (156904) map[0m
[0;32mI (165) esp_image: segment 1: paddr=00036510 vaddr=3ff80063 size=00008h (     8) load[0m
[0;32mI (165) esp_image: segment 2: paddr=00036520 vaddr=3ffb0000 size=03cdch ( 15580) load[0m
[0;32mI (176) esp_image: segment 3: paddr=0003a204 vaddr=40080000 size=05e14h ( 24084) load[0m
[0;32mI (189) esp_image: segment 4: paddr=00040020 vaddr=400d0020 size=a6168h (680296) map[0m
[0;32mI (435) esp_image: segment 5: paddr=000e6190 vaddr=40085e14 size=11594h ( 71060) load[0m
[0;32mI (464) esp_image: segment 6: paddr=000f772c vaddr=400c0000 size=00064h (   100) load[0m
[0;32mI (476) boot: Loaded app from partition at offset 0x10000[0m
[0;32mI (477) boot: Disabling RNG early entropy source...[0m
[0;32mI (488) cpu_start: Multicore app[0m
[0;32mI (488) cpu_start: Pro cpu up.[0m
[0;32mI (489) cpu_start: Starting app cpu, entry point is 0x4008151c[0m
[0;32mI (475) cpu_start: App cpu up.[0m
[0;32mI (506) cpu_start: Pro cpu start user code[0m
[0;32mI (507) cpu_start: cpu freq: 160000000 Hz[0m
[0;32mI (507) cpu_start: Application information:[0m
[0;32mI (511) cpu_start: Project name:     vinfast[0m
[0;32mI (516) cpu_start: App version:      0105f49-dirty[0m
[0;32mI (522) cpu_start: Compile time:     May  7 2025 11:13:14[0m
[0;32mI (528) cpu_start: ELF file SHA256:  003fcf13a78e4f27...[0m
[0;32mI (534) cpu_start: ESP-IDF:          v5.1.4-52-g978d574e5e-dirty[0m
[0;32mI (540) cpu_start: Min chip rev:     v0.0[0m
[0;32mI (545) cpu_start: Max chip rev:     v3.99 [0m
[0;32mI (550) cpu_start: Chip rev:         v3.1[0m
[0;32mI (555) heap_init: Initializing. RAM available for dynamic allocation:[0m
[0;32mI (562) heap_init: At 3FFAE6E0 len 00001920 (6 KiB): DRAM[0m
[0;32mI (568) heap_init: At 3FFB83F0 len 00027C10 (159 KiB): DRAM[0m
[0;32mI (574) heap_init: At 3FFE0440 len 00003AE0 (14 KiB): D/IRAM[0m
[0;32mI (581) heap_init: At 3FFE4350 len 0001BCB0 (111 KiB): D/IRAM[0m
[0;32mI (587) heap_init: At 400973A8 len 00008C58 (35 KiB): IRAM[0m
[0;32mI (595) spi_flash: detected chip: generic[0m
[0;32mI (598) spi_flash: flash io: dio[0m
[0;33mW (602) spi_flash: Detected size(4096k) larger than the size in the binary image header(2048k). Using the size in the binary image header.[0m
[0;32mI (616) app_start: Starting scheduler on CPU0[0m
[0;32mI (620) app_start: Starting scheduler on CPU1[0m
[0;32mI (620) main_task: Started on CPU0[0m
[0;32mI (630) main_task: Calling app_main()[0m
[0;32mI (630) gpio: GPIO[0]| InputEn: 1| OutputEn: 0| OpenDrain: 0| Pullup: 1| Pulldown: 0| Intr:2 [0m
[0;32mI (640) gpio: GPIO[2]| InputEn: 0| OutputEn: 1| OpenDrain: 0| Pullup: 0| Pulldown: 1| Intr:0 [0m
 FLag resetb
[0;32mI (670) wifi:wifi driver task: 3ffc5428, prio:23, stack:6656, core=0[0m
[0;32mI (670) wifi:wifi firmware version: 3ce09e5[0m
[0;32mI (670) wifi:wifi certification version: v7.0[0m
[0;32mI (670) wifi:config NVS flash: enabled[0m
[0;32mI (670) wifi:config nano formating: disabled[0m
[0;32mI (680) wifi:Init data frame dynamic rx buffer num: 32[0m
[0;32mI (680) wifi:Init static rx mgmt buffer num: 5[0m
[0;32mI (690) wifi:Init management short buffer num: 32[0m
[0;32mI (690) wifi:Init dynamic tx buffer num: 32[0m
[0;32mI (690) wifi:Init static rx buffer size: 1600[0m
[0;32mI (700) wifi:Init static rx buffer num: 10[0m
[0;32mI (700) wifi:Init dynamic rx buffer num: 32[0m
[0;32mI (710) wifi_init: rx ba win: 6[0m
[0;32mI (710) wifi_init: tcpip mbox: 32[0m
[0;32mI (710) wifi_init: udp mbox: 6[0m
[0;32mI (720) wifi_init: tcp mbox: 6[0m
[0;32mI (720) wifi_init: tcp tx win: 5760[0m
[0;32mI (720) wifi_init: tcp rx win: 5760[0m
[0;32mI (730) wifi_init: tcp mss: 1440[0m
[0;32mI (730) wifi_init: WiFi IRAM OP enabled[0m
[0;32mI (740) wifi_init: WiFi RX IRAM OP enabled[0m
Guru Meditation Error: Core  0 panic'ed (LoadProhibited). Exception was unhandled.

Core  0 register dump:
PC      : 0x40001650  PS      : 0x00060d30  A0      : 0x800d8061  A1      : 0x3ffba4c0  
A2      : 0x3ffba5c0  A3      : 0x00000000  A4      : 0x00000020  A5      : 0x0000ff00  
A6      : 0x00ff0000  A7      : 0xff000000  A8      : 0x00000000  A9      : 0x3ffba480  
A10     : 0x3ffba5c0  A11     : 0x000000ff  A12     : 0x00000000  A13     : 0x400d7e70  
A14     : 0x00000000  A15     : 0x3ffba5bc  SAR     : 0x0000001c  EXCCAUSE: 0x0000001c  
EXCVADDR: 0x00000000  LBEG    : 0x4000164d  LEND    : 0x40001667  LCOUNT  : 0xffffffff  


Backtrace: 0x4000164d:0x3ffba4c0 0x400d805e:0x3ffba4d0 0x400d7e6b:0x3ffba6c0 0x40173ff3:0x3ffba6f0 0x4008cf79:0x3ffba720




ELF file SHA256: 003fcf13a78e4f27

Rebooting...
ets Jul 29 2019 12:21:46

rst:0xc (SW_CPU_RESET),boot:0x1b (SPI_FAST_FLASH_BOOT)
configsip: 0, SPIWP:0xee
clk_drv:0x00,q_drv:0x00,d_drv:0x00,cs0_drv:0x00,hd_drv:0x00,wp_drv:0x00
mode:DIO, clock div:2
load:0x3fff0030,len:7132
ho 0 tail 12 room 4
load:0x40078000,len:15624
ho 0 tail 12 room 4
load:0x40080400,len:4
load:0x40080404,len:3876
entry 0x4008064c
[0;32mI (32) boot: ESP-IDF v5.1.4-52-g978d574e5e-dirty 2nd stage bootloader[0m
[0;32mI (33) boot: compile time May  7 2025 11:13:25[0m
[0;32mI (35) boot: Multicore bootloader[0m
[0;32mI (39) boot: chip revision: v3.1[0m
[0;32mI (43) boot.esp32: SPI Speed      : 40MHz[0m
[0;32mI (47) boot.esp32: SPI Mode       : DIO[0m
[0;32mI (52) boot.esp32: SPI Flash Size : 2MB[0m
[0;32mI (56) boot: Enabling RNG early entropy source...[0m
[0;32mI (62) boot: Partition Table:[0m
[0;32mI (65) boot: ## Label            Usage          Type ST Offset   Length[0m
[0;32mI (73) boot:  0 nvs              WiFi data        01 02 00009000 00006000[0m
[0;32mI (80) boot:  1 phy_init         RF data          01 01 0000f000 00001000[0m
[0;32mI (88) boot:  2 factory          factory app      00 00 00010000 00100000[0m
[0;32mI (95) boot: End of partition table[0m
[0;32mI (99) esp_image: segment 0: paddr=00010020 vaddr=3f400020 size=264e8h (156904) map[0m
[0;32mI (165) esp_image: segment 1: paddr=00036510 vaddr=3ff80063 size=00008h (     8) load[0m
[0;32mI (165) esp_image: segment 2: paddr=00036520 vaddr=3ffb0000 size=03cdch ( 15580) load[0m
[0;32mI (176) esp_image: segment 3: paddr=0003a204 vaddr=40080000 size=05e14h ( 24084) load[0m
[0;32mI (189) esp_image: segment 4: paddr=00040020 vaddr=400d0020 size=a6168h (680296) map[0m
[0;32mI (435) esp_image: segment 5: paddr=000e6190 vaddr=40085e14 size=11594h ( 71060) load[0m
[0;32mI (464) esp_image: segment 6: paddr=000f772c vaddr=400c0000 size=00064h (   100) load[0m
[0;32mI (476) boot: Loaded app from partition at offset 0x10000[0m
[0;32mI (477) boot: Disabling RNG early entropy source...[0m
[0;32mI (488) cpu_start: Multicore app[0m
[0;32mI (488) cpu_start: Pro cpu up.[0m
[0;32mI (489) cpu_start: Starting app cpu, entry point is 0x4008151c[0m
[0;32mI (475) cpu_start: App cpu up.[0m
[0;32mI (506) cpu_start: Pro cpu start user code[0m
[0;32mI (507) cpu_start: cpu freq: 160000000 Hz[0m
[0;32mI (507) cpu_start: Application information:[0m
[0;32mI (511) cpu_start: Project name:     vinfast[0m
[0;32mI (516) cpu_start: App version:      0105f49-dirty[0m
[0;32mI (522) cpu_start: Compile time:     May  7 2025 11:13:14[0m
[0;32mI (528) cpu_start: ELF file SHA256:  003fcf13a78e4f27...[0m
[0;32mI (534) cpu_start: ESP-IDF:          v5.1.4-52-g978d574e5e-dirty[0m
[0;32mI (540) cpu_start: Min chip rev:     v0.0[0m
[0;32mI (545) cpu_start: Max chip rev:     v3.99 [0m
[0;32mI (550) cpu_start: Chip rev:         v3.1[0m
[0;32mI (555) heap_init: Initializing. RAM available for dynamic allocation:[0m
[0;32mI (562) heap_init: At 3FFAE6E0 len 00001920 (6 KiB): DRAM[0m
[0;32mI (568) heap_init: At 3FFB83F0 len 00027C10 (159 KiB): DRAM[0m
[0;32mI (574) heap_init: At 3FFE0440 len 00003AE0 (14 KiB): D/IRAM[0m
